procs -----------memory---------- ---swap-- -----io---- -system-- ------cpu-----
 r  b   swpd   free   buff  cache   si   so    bi    bo   in   cs us sy id wa st
 1  0      0 31562808 229516 31098372    0    0    54     4   74   62  6  0 94  0  0
 2  0      0 31539872 229516 31098384    0    0     0     0 3924 4718  7  0 93  0  0
 2  0      0 31535272 229516 31098388    0    0     0     0 3742 4506  6  0 94  0  0
 1  0      0 31526072 229516 31098392    0    0     0     0 3734 4424  6  0 94  0  0
 1  0      0 31524056 229520 31098404    0    0     0   356 3779 5983  7  0 93  0  0
 1  0      0 31519708 229536 31098424    0    0     0    76 3822 4863  6  0 94  0  0
 1  0      0 31515360 229536 31098440    0    0     0     0 3784 5613  7  0 93  0  0
 2  0      0 31506160 229536 31098444    0    0     0     0 3525 5035  6  0 94  0  0
 1  0      0 31506160 229536 31098448    0    0     0     0 3624 4549  6  0 93  0  0
 1  0      0 31506160 229536 31098452    0    0     0     0 3675 4634  6  0 93  0  0
 1  0      0 31497212 229544 31098472    0    0     0    96 3664 4820  7  0 94  0  0
 1  0      0 31492108 229552 31098480    0    0     0    20 3703 4828  6  0 94  0  0
 1  0      0 31215660 229552 31098488    0    0     0     0 3828 9615  7  0 93  0  0
 1  0      0 31215660 229552 31098492    0    0     0    44 4024 25457  6  0 93  0  0
 1  0      0 31203372 229552 31098496    0    0     0     0 4997 48068  7  1 93  0  0
 2  0      0 31159388 229560 31098528    0    0     0    12 3889 5502  9  0 91  0  0
 1  0      0 31149936 229560 31098532    0    0     0    68 3974 6259 11  0 89  0  0
 1  0      0 31138972 229560 31098536    0    0     0     0 3610 4649  6  0 94  0  0
 1  0      0 31138972 229560 31098540    0    0     0     0 3460 4522  6  0 94  0  0
 2  0      0 31130024 229568 31098540    0    0     0    20 3700 4980  8  0 92  0  0
 1  0      0 31118808 229576 31098608    0    0     0    28 3702 4948 10  0 90  0  0
procs -----------memory---------- ---swap-- -----io---- -system-- ------cpu-----
 r  b   swpd   free   buff  cache   si   so    bi    bo   in   cs us sy id wa st
 1  0      0 31109104 229576 31098620    0    0     0     0 3764 4574  6  0 94  0  0
 1  0      0 31107340 229576 31098624    0    0     0   120 3865 4681  7  0 93  0  0
 1  0      0 31090704 229576 31098632    0    0     0     0 3708 5033  8  0 91  0  0
 1  0      0 31075168 229584 31098632    0    0     0    28 4347 61246 10  1 89  0  0
 1  0      0 31065968 229592 31098680    0    0     0    20 3730 4433  6  0 94  0  0
 1  0      0 31065716 229592 31098692    0    0     0     0 3740 4564  7  0 93  0  0
 2  0      0 31063700 229592 31098696    0    0     0     0 3952 5109  9  0 91  0  0
 1  0      0 31046056 229600 31098700    0    0     0    80 3837 5373  7  0 93  0  0
 3  0      0 30990036 229600 31098708    0    0     0    28 3952 5841  7  0 93  0  0
 1  0      0 30980080 229608 31098700    0    0     0    76 4130 17842 11  0 89  0  0
 1  0      0 30966028 229608 31098716    0    0     0     0 3921 5461  9  0 91  0  0
 2  0      0 30959664 229608 31098724    0    0     0     0 3676 4836  8  0 92  0  0
 1  0      0 30945612 229616 31098716    0    0     0    28 3768 5241  9  0 91  0  0
 1  0      0 30925952 229616 31098764    0    0     0    44 3729 5358  7  0 93  0  0
 1  0      0 30925952 229624 31098760    0    0     0    64 3715 4495  6  0 94  0  0
 2  0      0 30919336 229624 31098772    0    0     0     4 3954 5730  9  0 91  0  0
 1  0      0 30906292 229624 31098776    0    0     0     0 3997 6067  9  0 91  0  0
 2  0      0 30899676 229624 31098784    0    0     0     0 3866 6255  6  0 94  0  0
 1  0      0 30899172 229632 31098780    0    0     0    84 3943 6368  7  0 93  0  0
 1  0      0 30885876 229640 31098804    0    0     0    32 3873 5774 11  0 89  0  0
 1  0      0 30864200 229640 31098816    0    0     0    28 3687 4607  6  0 94  0  0
procs -----------memory---------- ---swap-- -----io---- -system-- ------cpu-----
 r  b   swpd   free   buff  cache   si   so    bi    bo   in   cs us sy id wa st
 1  0      0 30863444 229640 31098824    0    0     0     0 3761 5060  6  0 94  0  0
 1  0      0 30858088 229640 31098828    0    0     0     0 3572 4939  8  0 92  0  0
 1  0      0 30853488 229648 31098828    0    0     0    12 3752 6777  8  0 92  0  0
 1  0      0 30848888 229656 31098860    0    0     0   112 3669 4375  6  0 94  0  0
 1  0      0 30848384 229656 31098872    0    0     0     0 3587 4507  6  0 94  0  0
 1  0      0 30842272 229656 31098880    0    0     0     0 3751 4513  6  0 94  0  0
 1  0      0 30837924 229656 31098884    0    0     0     0 3941 6483  7  0 93  0  0
 1  0      0 30837168 229656 31098888    0    0     0     0 3921 7580  7  0 93  0  0
 1  0      0 30826960 229664 31098948    0    0     0    12 3883 8360  6  0 93  0  0
 1  0      0 30822108 229664 31098964    0    0     0    44 3709 4691  6  0 94  0  0
 1  0      0 30822108 229664 31098968    0    0     0     0 3701 4478  6  0 94  0  0
 1  0      0 30822108 229664 31098976    0    0     0     0 3640 5060  6  0 94  0  0
 2  0      0 30821604 229672 31098972    0    0     0   404 4157 30732  7  0 92  0  0
 1  0      0 30821104 229680 31099820    0    0     0    28 3714 23945  6  0 93  0  0
 3  0      0 30816756 229680 31100092    0    0     0     0 3800 20462  7  1 93  0  0
 6  0      0 30799616 229680 31100100    0    0     0    72 13478 28273 20  5 75  0  0
 5  0      0 30764236 229680 31100108    0    0     0     0 116712 334497 29 12 59  0  0
 8  0      0 30727120 229688 31100108    0    0     0    92 65086 168558 32  6 62  0  0
 8  0      0 30722784 229696 31100108    0    0     0    32 87836 254280 30  8 62  0  0
 6  0      0 30683396 229696 31100120    0    0     0    40 129220 374233 34 10 56  0  0
 6  0      0 30674952 229696 31100124    0    0     0    40 63002 184823 32  6 62  0  0
procs -----------memory---------- ---swap-- -----io---- -system-- ------cpu-----
 r  b   swpd   free   buff  cache   si   so    bi    bo   in   cs us sy id wa st
 7  0      0 30670604 229696 31100132    0    0     0     0 152782 475081 28 14 59  0  0
 4  0      0 30670604 229704 31100152    0    0     0    28 44073 139898 26  7 67  0  0
 5  0      0 30670352 229712 31100260    0    0     0    28 46563 116683 25  7 69  0  0
 2  0      0 30620696 229712 31100272    0    0     0     0 5792 13635 15  1 84  0  0
 2  0      0 30620696 229712 31100312    0    0     0     0 3814 4483 13  0 87  0  0
 2  0      0 30583328 229712 31100320    0    0     0     0 3792 5582 12  0 87  0  0
 2  0      0 30509444 229720 31100316    0    0     0    16 3877 7636 12  0 87  0  0
 2  0      0 30447248 229728 31100340    0    0     0    12 3706 7432 13  0 87  0  0
 2  0      0 30410384 229728 31100352    0    0     0     0 3784 5880 13  0 87  0  0
 2  0      0 30396080 229728 31100360    0    0     0     0 3637 5226 13  0 87  0  0
 2  0      0 30379760 229736 31100356    0    0     0    20 3675 5263 13  0 87  0  0
 2  0      0 30359280 229736 31100368    0    0     0     4 3758 5319 13  0 86  0  0
 2  0      0 30338056 229744 31100400    0    0     0    40 3745 4190 13  0 87  0  0
 2  0      0 30320664 229744 31100416    0    0     0     0 3764 4369 13  0 87  0  0
 2  0      0 30277044 229744 31100420    0    0     0     0 4039 4308 13  0 87  0  0
 2  0      0 30267340 229744 31100424    0    0     0     0 3969 5264 13  0 87  0  0
 1  0      0 30267088 229744 31100432    0    0     0     0 3947 4952  7  0 93  0  0
 1  0      0 30267088 229752 31100428    0    0     0    12 3599 4462  7  0 94  0  0
 1  0      0 30267088 229752 31100440    0    0     0     0 3714 4577  6  0 94  0  0
 1  0      0 30267088 229752 31100444    0    0     0     0 3529 4488  6  0 94  0  0
 1  0      0 30267088 229760 31100444    0    0     0    12 3670 4548  6  0 94  0  0
procs -----------memory---------- ---swap-- -----io---- -system-- ------cpu-----
 r  b   swpd   free   buff  cache   si   so    bi    bo   in   cs us sy id wa st
 1  0      0 30262992 229760 31100456    0    0     0     0 3654 5645  7  0 93  0  0
 1  0      0 30254800 229768 31100500    0    0     0  1012 3428 4601  6  0 94  0  0
 1  0      0 30246608 229768 31100512    0    0     0     0 3331 4498  6  0 94  0  0
 1  0      0 30238164 229768 31100524    0    0     0     0 3408 4563  6  0 94  0  0
 1  0      0 30229720 229768 31100528    0    0     0     0 3366 4609  6  0 94  0  0
 1  0      0 30212076 229776 31100524    0    0     0    28 3546 4669  6  0 94  0  0
 1  0      0 30211572 229784 31100532    0    0     0    12 3604 4615  6  0 94  0  0
 1  0      0 30202624 229784 31100548    0    0     0     0 3575 4705  6  0 94  0  0
 1  0      0 30198528 229784 31100548    0    0     0     0 3621 4497  6  0 94  0  0
 1  0      0 30174576 229784 31100556    0    0     0   276 3414 4754  6  0 94  0  0
 1  0      0 30162560 229784 31100564    0    0     0     4 3536 5244  7  0 93  0  0
 1  0      0 30162560 229792 31100592    0    0     0    40 3576 4495  6  0 94  0  0
 1  0      0 30145924 229792 31100604    0    0     0    28 3470 4515  6  0 94  0  0
 1  0      0 30131872 229792 31100608    0    0     0     0 3536 5238  6  0 94  0  0
 1  0      0 30131620 229792 31100616    0    0     0     0 3595 4934  7  0 94  0  0
 1  0      0 30125256 229792 31100620    0    0     0     0 3613 4553  6  0 94  0  0
 1  0      0 30121160 229800 31100640    0    0     0    72 3445 4485  6  0 94  0  0
 1  0      0 30121160 229800 31100652    0    0     0     0 3426 4485  6  0 94  0  0
 1  0      0 30121160 229800 31100660    0    0     0     0 3382 4395  6  0 94  0  0
 1  0      0 30112968 229808 31100656    0    0     0    24 3430 4424  6  0 94  0  0
 1  0      0 30108872 229808 31100668    0    0     0     0 3629 5452  7  0 93  0  0
procs -----------memory---------- ---swap-- -----io---- -system-- ------cpu-----
 r  b   swpd   free   buff  cache   si   so    bi    bo   in   cs us sy id wa st
 1  0      0 30100440 229816 31100692    0    0     0    12 3622 4493  6  0 94  0  0
 1  0      0 30096344 229816 31100708    0    0     0     0 3556 4438  6  0 94  0  0
 1  0      0 30088152 229816 31100708    0    0     0     0 3643 4497  6  0 94  0  0
 1  0      0 30084056 229816 31100720    0    0     0     0 3551 4473  6  0 94  0  0
 1  0      0 30075864 229816 31100724    0    0     0     0 3582 4503  6  0 94  0  0
 1  0      0 30067672 229824 31100720    0    0     0    12 3589 4493  6  0 94  0  0
 1  0      0 30059480 229824 31100732    0    0     0     0 3775 4519  6  0 94  0  0
 1  0      0 30055384 229824 31100736    0    0     0     0 3609 4630  6  0 94  0  0
 1  0      0 30049272 229824 31100744    0    0     0    20 3616 5488  6  0 94  0  0
 1  0      0 30041080 229824 31100768    0    0     0     0 3753 5559  7  0 93  0  0
 1  0      0 30018080 229832 31100796    0    0     0    20 3738 5151  6  0 94  0  0
 1  0      0 30010960 229832 31100808    0    0     0     0 3755 4706  6  0 94  0  0
 1  0      0 30010960 229832 31100816    0    0     0     0 3754 4639  6  0 94  0  0
 1  0      0 30009952 229832 31100820    0    0     0     0 3720 4596  6  0 94  0  0
 1  0      0 30006344 229840 31100816    0    0     0    32 4075 5692  7  0 93  0  0
 1  0      0 29992884 229848 31100820    0    0     0    16 4242 6626  8  0 92  0  0
 1  0      0 29992632 229848 31100836    0    0     0     0 3875 6160  6  0 94  0  0
 1  0      0 29992632 229848 31100836    0    0     0     0 3697 5421  6  0 94  0  0
 1  0      0 29992632 229848 31100844    0    0     0     0 3533 4257  6  0 94  0  0
 1  0      0 29992632 229848 31100856    0    0     0   300 3542 5178  7  0 93  0  0
 1  0      0 29992380 229864 31100884    0    0     0   608 3796 4842  6  0 94  0  0
procs -----------memory---------- ---swap-- -----io---- -system-- ------cpu-----
 r  b   swpd   free   buff  cache   si   so    bi    bo   in   cs us sy id wa st
 1  0      0 29987780 229864 31100900    0    0     0     0 3560 4589  6  0 94  0  0
 1  0      0 29987780 229864 31100904    0    0     0     0 3349 4562  6  0 94  0  0
 1  0      0 29987780 229864 31100912    0    0     0    24 3376 4591  6  0 94  0  0
 1  0      0 29987780 229864 31100936    0    0     0     0 3525 4774  6  0 94  0  0
 1  0      0 29987780 229872 31100932    0    0     0    12 3553 4863  6  0 94  0  0
 1  0      0 29987780 229880 31100940    0    0     0    20 3564 4401  6  0 94  0  0
 1  0      0 29987780 229880 31100956    0    0     0     0 3531 4325  6  0 94  0  0
 1  0      0 29987528 229880 31100960    0    0     0     0 3529 4342  6  0 94  0  0
 1  0      0 29983432 229880 31100964    0    0     0     0 3598 5294  7  0 93  0  0
 1  0      0 29983432 229888 31100988    0    0     0    12 3529 4420  6  0 94  0  0
 1  0      0 29983432 229888 31101004    0    0     0     0 3536 4415  6  0 94  0  0
 1  0      0 29983432 229888 31101004    0    0     0     0 3676 4436  6  0 94  0  0
 1  0      0 29979336 229888 31101012    0    0     0     0 3499 4514  6  0 94  0  0
 1  0      0 29979336 229888 31101016    0    0     0     0 3428 4299  6  0 94  0  0
 1  0      0 29979336 229896 31101012    0    0     0    16 3454 4336  6  0 94  0  0
 1  0      0 29975240 229904 31101020    0    0     0    12 3509 4361  6  0 94  0  0
 1  0      0 29975240 229904 31101032    0    0     0     4 3465 4307  6  0 94  0  0
 1  0      0 29975240 229904 31101040    0    0     0     0 3550 4326  6  0 94  0  0
 1  0      0 29967048 229904 31101040    0    0     0     0 3601 5370  7  0 93  0  0
 1  0      0 29967048 229912 31101092    0    0     0    12 3502 4763  6  0 94  0  0
 1  0      0 29967048 229912 31101104    0    0     0    64 3224 4673  6  0 94  0  0
procs -----------memory---------- ---swap-- -----io---- -system-- ------cpu-----
 r  b   swpd   free   buff  cache   si   so    bi    bo   in   cs us sy id wa st
 1  0      0 29966796 229920 31101100    0    0     0    56 3343 4372  6  0 94  0  0
 1  0      0 29966796 229920 31101112    0    0     0     0 3451 4331  6  0 94  0  0
 1  0      0 29962700 229920 31101120    0    0     0     0 3439 4431  6  0 94  0  0
 1  0      0 29958604 229928 31101112    0    0     0   120 3410 4425  6  0 94  0  0
 1  0      0 29954508 229928 31101128    0    0     0     0 3400 4317  6  0 94  0  0
 1  0      0 29954508 229928 31101132    0    0     0     4 3387 4322  6  0 94  0  0
 1  0      0 29954508 229928 31101136    0    0     0     0 3494 4974  6  0 94  0  0
 1  0      0 29954508 229940 31101128    0    0     0    44 3570 5204  7  0 93  0  0
 1  0      0 29954508 229948 31101176    0    0     0   200 3451 4551  6  0 94  0  0
 1  0      0 29954508 229948 31101188    0    0     0    24 3437 4450  7  0 93  0  0
 1  0      0 29950160 229948 31101192    0    0     0     0 3482 4396  6  0 94  0  0
 1  0      0 29946064 229948 31101200    0    0     0     0 3580 4410  6  0 94  0  0
 1  0      0 29946064 229956 31100800    0    0     0   272 3452 4544  6  0 93  0  0
 1  0      0 29945812 229964 31100992    0    0     0    12 3617 4657  6  0 94  0  0
 1  0      0 29945812 229964 31101004    0    0     0     8 3541 4329  6  0 94  0  0
 1  0      0 29945812 229964 31101008    0    0     0     0 3367 4190  6  0 94  0  0
 1  0      0 29945812 229964 31101012    0    0     0     0 3341 4369  6  0 94  0  0
 1  0      0 29945812 229976 31101008    0    0     0    48 3511 5245  7  0 93  0  0
 1  0      0 29941716 229984 31101044    0    0     0   136 3552 4586  6  0 94  0  0
 1  0      0 29941716 229984 31101056    0    0     0     0 3473 5544  6  0 94  0  0
 1  0      0 29937620 229984 31101060    0    0     0     0 3748 4631  6  0 94  0  0
procs -----------memory---------- ---swap-- -----io---- -system-- ------cpu-----
 r  b   swpd   free   buff  cache   si   so    bi    bo   in   cs us sy id wa st
 1  0      0 29937620 229984 31101068    0    0     0     0 3446 4388  6  0 94  0  0
 1  0      0 29937620 229984 31101068    0    0     0     0 3650 4611  6  0 94  0  0
 1  0      0 29937620 229992 31101072    0    0     0    24 3761 4593  6  0 94  0  0
 1  0      0 29933524 229992 31101084    0    0     0     0 3665 4559  6  0 94  0  0
 1  0      0 29933524 229992 31101084    0    0     0     0 3638 4431  6  0 94  0  0
 1  0      0 29933524 229992 31101092    0    0     0     0 3510 4545  6  0 94  0  0
 1  0      0 29929428 229992 31101116    0    0     0     0 3627 5375  7  0 93  0  0
 1  0      0 29929428 230000 31101148    0    0     0    12 3465 4417  6  0 94  0  0
 1  0      0 29929428 230000 31101164    0    0     0     0 3415 4536  6  0 94  0  0
 1  0      0 29925108 230000 31101172    0    0     0     0 3464 4372  6  0 94  0  0
 1  0      0 29925108 230000 31101172    0    0     0     0 3378 4118  6  0 94  0  0
 1  0      0 29924604 230000 31101180    0    0     0     0 3459 4306  6  0 94  0  0
 1  0      0 29924644 230016 31101168    0    0     0    28 3553 4579  6  0 94  0  0
 1  0      0 29924644 230016 31101188    0    0     0     0 3594 4631  6  0 94  0  0
 1  0      0 29920548 230016 31101192    0    0     0     0 3496 4521  6  0 94  0  0
 1  0      0 29920548 230016 31101200    0    0     0     0 3414 4432  6  0 94  0  0
 1  0      0 29920548 230016 31101204    0    0     0    60 3583 5307  7  0 93  0  0
 1  0      0 29908260 230024 31101236    0    0     0    12 3459 4525  6  0 94  0  0
 1  0      0 29908260 230028 31101244    0    0     0   168 3471 4516  6  0 94  0  0
 1  0      0 29908260 230028 31101256    0    0     0     0 3377 4767  6  0 94  0  0
 1  0      0 29904164 230028 31101256    0    0     0     0 3270 4408  6  0 94  0  0
procs -----------memory---------- ---swap-- -----io---- -system-- ------cpu-----
 r  b   swpd   free   buff  cache   si   so    bi    bo   in   cs us sy id wa st
 1  0      0 29904164 230028 31101280    0    0     0     0 3463 4698  6  0 94  0  0
 1  0      0 29904164 230036 31101284    0    0     0    44 3421 4425  6  0 94  0  0
 1  0      0 29904164 230036 31101292    0    0     0     4 3427 4625  6  0 94  0  0
 1  0      0 29904164 230036 31101300    0    0     0    44 3456 4674  6  0 94  0  0
 1  0      0 29904164 230036 31101304    0    0     0     0 3540 4837  6  0 94  0  0
 1  0      0 29904164 230044 31101300    0    0     0    20 3719 5974  7  0 93  0  0
 1  0      0 29903912 230052 31101340    0    0     0    12 3618 4450  6  0 94  0  0
 1  0      0 29899312 230052 31101356    0    0     0     0 3773 4521  6  0 94  0  0
 1  0      0 29899060 230052 31101356    0    0     0     0 3735 4435  6  0 94  0  0
 1  0      0 29894964 230052 31101364    0    0     0     0 3501 4309  6  0 94  0  0
 1  0      0 29894964 230052 31101368    0    0     0     0 3472 4344  6  0 94  0  0
 1  0      0 29894964 230060 31101368    0    0     0    12 3297 4160  6  0 94  0  0
 1  0      0 29894964 230060 31101376    0    0     0    36 3501 4158  6  0 94  0  0
 1  0      0 29894964 230060 31101384    0    0     0     0 3716 4449  6  0 94  0  0
 1  0      0 29894964 230060 31101392    0    0     0     0 3775 4445  6  0 94  0  0
 2  0      0 29894964 230060 31101392    0    0     0     0 3983 5192  7  0 93  0  0
 1  0      0 29894964 230068 31101440    0    0     0    12 3471 4484  6  0 94  0  0
 1  0      0 29890868 230068 31101452    0    0     0   128 3630 4494  6  0 94  0  0
 1  0      0 29890868 230068 31101456    0    0     0     4 3685 4572  6  0 94  0  0
 1  0      0 29890868 230068 31101460    0    0     0     0 3604 4511  6  0 94  0  0
 1  0      0 29890868 230068 31101468    0    0     0     0 3596 4584  6  0 94  0  0
procs -----------memory---------- ---swap-- -----io---- -system-- ------cpu-----
 r  b   swpd   free   buff  cache   si   so    bi    bo   in   cs us sy id wa st
 1  0      0 29890868 230084 31101464    0    0     0    36 3378 4554  6  0 94  0  0
 1  0      0 29890868 230084 31101476    0    0     0     0 3455 4488  6  0 94  0  0
 1  0      0 29890868 230084 31101480    0    0     0     0 3441 5013  6  0 94  0  0
 1  0      0 29890868 230084 31101484    0    0     0     0 3342 4755  6  0 94  0  0
 1  0      0 29882676 230084 31101492    0    0     0     0 3447 5590  7  0 93  0  0
 1  0      0 29882424 230092 31101524    0    0     0    12 3347 4361  6  0 94  0  0
 1  0      0 29882424 230092 31101532    0    0     0     0 3369 4205  6  0 94  0  0
 1  0      0 29882424 230092 31101544    0    0     0   160 3527 4473  6  0 94  0  0
 1  0      0 29882424 230092 31101548    0    0     0     0 3554 4439  6  0 94  0  0
 1  0      0 29882424 230092 31101568    0    0     0     0 3520 4448  6  0 94  0  0
 1  0      0 29882424 230100 31101572    0    0     0    28 3471 4475  6  0 94  0  0
 1  0      0 29882424 230100 31101584    0    0     0     0 3459 4585  6  0 94  0  0
 1  0      0 29882424 230100 31101592    0    0     0     0 3418 4957  6  0 94  0  0
 1  0      0 29878328 230100 31101592    0    0     0     0 3383 4313  6  0 94  0  0
 1  0      0 29878328 230108 31101592    0    0     0    12 3527 5252  7  0 93  0  0
 1  0      0 29878328 230116 31101628    0    0     0    24 3601 4608  6  0 94  0  0
 1  0      0 29874232 230116 31101640    0    0     0     0 3644 4507  6  0 94  0  0
 1  0      0 29874232 230116 31101644    0    0     0     0 3513 4447  6  0 94  0  0
 1  0      0 29869884 230116 31101652    0    0     0     0 3538 4325  6  0 94  0  0
 1  0      0 29869884 230116 31101652    0    0     0     0 3551 4853  6  0 94  0  0
 1  0      0 29869884 230124 31101652    0    0     0    12 3654 5583  6  0 94  0  0
procs -----------memory---------- ---swap-- -----io---- -system-- ------cpu-----
 r  b   swpd   free   buff  cache   si   so    bi    bo   in   cs us sy id wa st
 1  0      0 29869884 230124 31101664    0    0     0     0 3340 4437  6  0 94  0  0
 1  0      0 29869884 230124 31101672    0    0     0     0 3368 4341  6  0 94  0  0
 1  0      0 29865788 230132 31101668    0    0     0    12 3472 4464  6  0 94  0  0
 1  0      0 29865536 230132 31101704    0    0     0     0 3622 5228  7  0 93  0  0
 1  0      0 29861440 230140 31101728    0    0     0    12 3474 4498  6  0 94  0  0
 1  0      0 29861440 230140 31101744    0    0     0     0 3515 4463  6  0 94  0  0
 1  0      0 29861440 230140 31101752    0    0     0     0 3538 4537  6  0 94  0  0
 1  0      0 29857344 230140 31101756    0    0     0    60 3461 4639  6  0 94  0  0
 1  0      0 29853248 230148 31101752    0    0     0    20 3480 4885  6  0 94  0  0
 1  0      0 29853248 230156 31101756    0    0     0    12 3435 4400  6  0 94  0  0
 1  0      0 29853248 230156 31101772    0    0     0    20 3516 4471  6  0 94  0  0
 1  0      0 29853248 230156 31101772    0    0     0     0 3496 4409  6  0 94  0  0
 1  0      0 29853248 230156 31101780    0    0     0     0 3456 4384  6  0 94  0  0
 2  0      0 29849152 230156 31101784    0    0     0     0 3646 5228  7  0 93  0  0
 1  0      0 29849152 230164 31101812    0    0     0    12 3585 4608  6  0 94  0  0
 1  0      0 29849152 230172 31101816    0    0     0    12 3570 4499  6  0 94  0  0
 1  0      0 29849152 230172 31101836    0    0     0   128 3525 4502  6  0 94  0  0
 1  0      0 29849152 230172 31101836    0    0     0     0 3487 4385  6  0 94  0  0
 1  0      0 29845056 230172 31101860    0    0     0     0 3594 4558  7  0 93  0  0
 1  0      0 29845056 230180 31101860    0    0     0    24 3462 4488  6  0 94  0  0
 1  0      0 29840960 230180 31101872    0    0     0     0 3531 4488  6  0 94  0  0
procs -----------memory---------- ---swap-- -----io---- -system-- ------cpu-----
 r  b   swpd   free   buff  cache   si   so    bi    bo   in   cs us sy id wa st
 1  0      0 29840960 230180 31101876    0    0     0     0 3627 4522  6  0 94  0  0
 1  0      0 29840960 230180 31101880    0    0     0   200 3585 4591  6  0 94  0  0
 1  0      0 29840960 230180 31101884    0    0     0     0 3555 5235  7  0 93  0  0
 1  0      0 29840708 230196 31101904    0    0     0    60 3314 4489  6  0 94  0  0
 1  0      0 29840708 230196 31101928    0    0     0     0 3476 5342  6  0 94  0  0
 1  0      0 29836612 230196 31101928    0    0     0     0 3446 5264  7  0 93  0  0
 1  0      0 29836108 230196 31101936    0    0     0     0 3562 4534  6  0 94  0  0
 1  0      0 29835856 230196 31101940    0    0     0     0 3544 4608  6  0 94  0  0
 1  0      0 29831760 230204 31101944    0    0     0    12 3482 4442  6  0 94  0  0
 1  0      0 29831760 230204 31101948    0    0     0     0 3465 4469  6  0 94  0  0
 1  0      0 29827664 230204 31101956    0    0     0     0 3643 5067  6  0 94  0  0
 1  0      0 29827664 230204 31101960    0    0     0    20 3504 4867  6  0 94  0  0
 1  0      0 29826656 230204 31101968    0    0     0     0 3804 5701  7  0 93  0  0
 1  0      0 29817960 230212 31102020    0    0     0    12 3549 4413  6  0 94  0  0
 1  0      0 29812856 230212 31102032    0    0     0     0 3503 4313  6  0 94  0  0
 1  0      0 29812856 230212 31102036    0    0     0     0 3535 4201  6  0 94  0  0
 1  0      0 29812856 230220 31102036    0    0     0    16 3439 4767  6  0 94  0  0
 1  0      0 29807248 230220 31102052    0    0     0     0 3711 4603  6  0 94  0  0
 2  0      0 29775248 230228 31102048    0    0     0    12 4097 5698  8  0 92  0  0
 1  0      0 29783832 230228 31102064    0    0     0     4 4189 7454  7  0 93  0  0
 1  0      0 29777972 230228 31102072    0    0     0     4 3572 5952  7  0 93  0  0
procs -----------memory---------- ---swap-- -----io---- -system-- ------cpu-----
 r  b   swpd   free   buff  cache   si   so    bi    bo   in   cs us sy id wa st
 1  0      0 29777972 230228 31102072    0    0     0     0 3353 4124  6  0 94  0  0
 1  0      0 29777972 230228 31102076    0    0     0     0 3638 5153  7  0 93  0  0
 1  0      0 29773876 230244 31102104    0    0     0   608 3778 4683  6  0 94  0  0
 1  0      0 29769528 230244 31102112    0    0     0     4 3675 4555  6  0 94  0  0
 1  0      0 29765180 230244 31102120    0    0     0     0 3645 4584  6  0 94  0  0
 1  0      0 29765180 230244 31102124    0    0     0     0 3697 4402  6  0 94  0  0
 1  0      0 29761084 230244 31102128    0    0     0     0 3616 4608  6  0 94  0  0
 2  0      0 29752892 230252 31102148    0    0     0    12 3727 5335  6  0 94  0  0
 1  0      0 29748544 230260 31102152    0    0     0    48 3534 4663  6  0 94  0  0
 1  0      0 29744448 230260 31102168    0    0     0     0 3564 4491  6  0 94  0  0
 1  0      0 29744448 230260 31102168    0    0     0     0 3629 4447  6  0 94  0  0
 1  0      0 29736256 230260 31102176    0    0     0   360 3816 5612  7  0 93  0  0
 1  0      0 29732160 230268 31102204    0    0     0    40 3808 4620  6  0 94  0  0
 1  0      0 29727308 230268 31102216    0    0     0     0 3907 4549  6  0 94  0  0
 1  0      0 29723212 230268 31102220    0    0     0     0 3713 4401  6  0 94  0  0
 1  0      0 29723212 230268 31102228    0    0     0     0 3793 4426  6  0 94  0  0
 1  0      0 29719116 230268 31102228    0    0     0     0 3657 4732  6  0 94  0  0
 1  0      0 29715020 230284 31102220    0    0     0    32 3589 4892  6  0 94  0  0
 1  0      0 29710924 230284 31102236    0    0     0     0 3574 4365  6  0 94  0  0
 1  0      0 29710924 230284 31102244    0    0     0     0 3625 4271  6  0 94  0  0
 1  0      0 29699040 230284 31112688    0    0     0     0 3792 32361  6  0 93  0  0
procs -----------memory---------- ---swap-- -----io---- -system-- ------cpu-----
 r  b   swpd   free   buff  cache   si   so    bi    bo   in   cs us sy id wa st
 1  0      0 29694440 230284 31113376    0    0     0     4 3853 6424  7  0 93  0  0
 1  0      0 29694188 230292 31113560    0    0     0    12 3514 5372  6  0 94  0  0
 1  0      0 29693684 230292 31113904    0    0     0     0 3470 5727  6  0 94  0  0
 1  0      0 29693432 230292 31114304    0    0     0     0 3556 6285  6  0 94  0  0
 1  0      0 29688832 230300 31114904    0    0     0    76 3615 6297  6  0 94  0  0
 1  0      0 29688580 230300 31115104    0    0     0     0 3608 5484  6  0 94  0  0
 1  0      0 29688076 230308 31115552    0    0     0    12 3574 6048  6  0 94  0  0
 1  0      0 29687824 230308 31115968    0    0     0    12 3509 5637  6  0 94  0  0
 1  0      0 29687824 230308 31116304    0    0     0 13412 3576 5763  6  0 94  0  0
 1  0      0 29675032 230316 31116612    0    0     0    32 3523 5611  6  0 94  0  0
 1  0      0 29674780 230316 31117388    0    0     0     0 3563 8828  7  0 93  0  0
 1  0      0 29673548 230324 31118020    0    0     0    12 3601 6845  6  0 94  0  0
 1  0      0 29669200 230324 31118136    0    0     0     0 3609 5868  6  0 94  0  0
 1  0      0 29664852 230324 31118716    0    0     0     0 3514 6310  6  0 94  0  0
 1  0      0 29650044 230332 31121132    0    0     0    24 3639 14375  6  0 93  0  0
 1  0      0 29619356 230332 31124108    0    0     0     0 3734 13207  6  0 93  0  0
 1  0      0 29613760 230340 31127048    0    0     0    12 3743 16413  6  0 93  0  0
 1  0      0 29601548 230340 31133328    0    0     0     0 3888 26322  6  0 93  0  0
 1  0      0 29593484 230340 31142064    0    0     0     0 4174 33910  6  0 93  0  0
 1  0      0 29584536 230348 31142852    0    0     0    28 3677 6187  6  0 94  0  0
 4  0      0 29677968 230348 31146072    0    0     0     0 8072 14651 15  1 85  0  0
procs -----------memory---------- ---swap-- -----io---- -system-- ------cpu-----
 r  b   swpd   free   buff  cache   si   so    bi    bo   in   cs us sy id wa st
 8  0      0 29655852 230356 31146064    0    0     0   204 5030 4193 44  0 56  0  0
 8  0      0 29638712 230356 31146080    0    0     0    28 4137 3950 50  0 50  0  0
 8  0      0 29632852 230356 31146080    0    0     0     0 4106 3989 49  0 51  0  0
 5  0      0 29621384 230356 31146092    0    0     0     0 3939 3559 40  0 60  0  0
 8  0      0 29617288 230364 31146088    0    0     0    28 3881 3878 37  0 63  0  0
 8  0      0 29599868 230372 31146092    0    0     0    12 4699 5698 50  0 50  0  0
 8  0      0 29576312 230372 31146108    0    0     0     0 4383 4423 50  0 50  0  0
 8  0      0 29562008 230372 31146112    0    0     0     0 4084 3830 50  0 50  0  0
 8  0      0 29561252 230372 31146112    0    0     0     4 4055 4476 50  0 50  0  0
 7  0      0 29555896 230372 31146116    0    0     0     0 4266 4252 49  0 51  0  0
 2  0      0 29551296 230388 31146184    0    0     0   248 3617 4278 22  0 78  0  0
 2  0      0 29485256 230388 31146192    0    0     0     0 3628 7891 13  0 87  0  0
 2  0      0 29422728 230388 31186524    0    0     0     0 3946 121410 12  1 87  0  0
 2  0      0 29375364 230388 31234596    0    0     0     0 3987 133399 12  1 86  0  0
 2  0      0 29373852 230388 31235964    0    0     0     0 3732 10887 13  0 87  0  0
 3  0      0 29373600 230404 31235968    0    0     0    60 3580 5770 13  0 87  0  0
 1  0      0 29372340 230404 31235976    0    0     0     0 3462 4621  7  0 94  0  0
 1  0      0 29372340 230404 31235976    0    0     0     0 3648 4557  6  0 94  0  0
 1  0      0 29372340 230404 31235984    0    0     0 116916 4261 5615  6  0 93  1  0
 1  0      0 29371584 230404 31236032    0    0     0    24 3764 5381  7  0 93  0  0
 1  0      0 29371584 230412 31236024    0    0     0    12 3690 4540  6  0 94  0  0
procs -----------memory---------- ---swap-- -----io---- -system-- ------cpu-----
 r  b   swpd   free   buff  cache   si   so    bi    bo   in   cs us sy id wa st
 1  0      0 29371584 230420 31236024    0    0     0    28 3672 4535  6  0 94  0  0
 1  0      0 29371332 230420 31236048    0    0     0     0 3698 4549  6  0 94  0  0
 1  0      0 29371332 230420 31236052    0    0     0     0 3568 4335  6  0 94  0  0
 1  0      0 29371332 230420 31235648    0    0     0   256 3629 4343  6  0 93  0  0
 1  0      0 29371332 230428 31235836    0    0     0    12 3621 4327  6  0 94  0  0
 1  0      0 29371332 230428 31235848    0    0     0     0 3608 4321  6  0 94  0  0
 1  0      0 29371080 230428 31235856    0    0     0     0 3629 4345  6  0 94  0  0
 1  0      0 29370324 230428 31235856    0    0     0     0 3631 4791  6  0 94  0  0
 1  0      0 29369820 230440 31235856    0    0     0    44 3712 5322  7  0 93  0  0
 1  0      0 29369568 230448 31235896    0    0     0    12 3802 4643  6  0 94  0  0
 2  0      0 29368812 230448 31235916    0    0     0   172 3822 5957  8  0 92  0  0
 8  0      0 29368812 230448 31235916    0    0     0     0 4012 5425 19  0 80  0  0
 8  0      0 29365816 230448 31235924    0    0     0     0 88932 307284 34 11 55  0  0
 8  0      0 29355760 230448 31235944    0    0     0     4 35998 113985 48  4 48  0  0
 8  0      0 29354752 230456 31235936    0    0     0    28 29039 75395 47  3 50  0  0
 8  0      0 29354752 230456 31235940    0    0     0     0 4416 4174 50  0 50  0  0
 6  0      0 29354752 230464 31235940    0    0     0    48 4423 6249 45  0 55  0  0
 8  0      0 29354752 230464 31235956    0    0     0     0 4307 4204 40  0 60  0  0
 8  0      0 29353996 230464 31236020    0    0     0   516 4854 4878 50  0 50  0  0
 8  0      0 29353996 230472 31236020    0    0     0    12 4487 4857 50  0 50  0  0
 8  0      0 29341836 230472 31236036    0    0     0     0 4544 3295 50  0 50  0  0
procs -----------memory---------- ---swap-- -----io---- -system-- ------cpu-----
 r  b   swpd   free   buff  cache   si   so    bi    bo   in   cs us sy id wa st
 7  0      0 29341244 230480 31236040    0    0     0    28 4310 3837 47  0 53  0  0
 5  0      0 29339984 230480 31236048    0    0     0     0 4182 4938 37  0 63  0  0
 3  0      0 29339984 230480 31236052    0    0     0     0 4165 6778 27  0 72  0  0
 4  0      0 29339984 230488 31236048    0    0     0    12 3936 4210 23  0 77  0  0
 4  0      0 29339984 230488 31236060    0    0     0    20 3922 4205 25  0 75  0  0
 3  0      0 29339732 230496 31236068    0    0     0    12 3935 5073 24  0 76  0  0
 3  0      0 29339732 230496 31236072    0    0     0     0 3716 4495 19  0 81  0  0
 3  0      0 29339732 230496 31236112    0    0     0     8 3719 5391 20  0 80  0  0
 2  0      0 29339732 230504 31236116    0    0     0    12 3910 7704 17  0 83  0  0
 2  0      0 29339732 230504 31236124    0    0     0   144 3629 4637 13  0 87  0  0
 2  0      0 29339732 230512 31236120    0    0     0    88 3768 4836 13  0 87  0  0
 2  0      0 29339732 230512 31236132    0    0     0     0 3675 4061 13  0 87  0  0
 5  0      0 29339732 230512 31236160    0    0     0   176 3819 5022 14  0 85  0  0
 2  0      0 29326688 230520 31236168    0    0     0    24 3755 7515 18  0 82  0  0
 1  0      0 29326688 230520 31236172    0    0     0     0 3728 8045 12  0 88  0  0
 1  0      0 29326688 230520 31236176    0    0     0     0 3612 4542  6  0 94  0  0
 1  0      0 29326688 230520 31236188    0    0     0     0 3645 4591  6  0 94  0  0
 1  0      0 29326448 230528 31236228    0    0     0    84 3645 5392  7  0 93  0  0
 1  0      0 29326448 230536 31236224    0    0     0    12 3778 4371  6  0 93  0  0
 1  0      0 29326448 230536 31236236    0    0     0     0 3605 4332  6  0 94  0  0
 1  0      0 29326448 230536 31236244    0    0     0   168 3626 4416  6  0 94  0  0
procs -----------memory---------- ---swap-- -----io---- -system-- ------cpu-----
 r  b   swpd   free   buff  cache   si   so    bi    bo   in   cs us sy id wa st
 1  0      0 29326448 230536 31236248    0    0     0     0 3509 4382  6  0 94  0  0
 1  0      0 29326448 230536 31236252    0    0     0    12 3691 4425  6  0 94  0  0
 1  0      0 29326448 230544 31236248    0    0     0    36 3629 4425  6  0 94  0  0
 1  0      0 29326448 230544 31236264    0    0     0     0 3771 4589  6  0 94  0  0
 1  0      0 29326448 230544 31236268    0    0     0     0 3636 4532  6  0 94  0  0
 1  0      0 29326448 230544 31236268    0    0     0     0 3637 4558  6  0 94  0  0
 1  0      0 29326196 230552 31236332    0    0     0    20 3858 5545  7  0 93  0  0
 1  0      0 29326196 230560 31236340    0    0     0    12 3648 4682  6  0 94  0  0
 1  0      0 29326196 230560 31236340    0    0     0     8 3575 4461  6  0 94  0  0
 1  0      0 29326196 230560 31236340    0    0     0     0 3575 4425  6  0 94  0  0
 1  0      0 29326196 230560 31236352    0    0     0     0 3481 4305  6  0 94  0  0
 1  0      0 29326196 230568 31236356    0    0     0    28 3530 4446  6  0 94  0  0
 1  0      0 29326196 230576 31236364    0    0     0    12 3475 4498  6  0 94  0  0
 1  0      0 29326196 230576 31236368    0    0     0     0 3519 4523  6  0 94  0  0
 1  0      0 29326196 230576 31236368    0    0     0     0 3642 4395  6  0 94  0  0
 1  0      0 29325944 230576 31236376    0    0     0     0 3620 4392  6  0 94  0  0
 1  0      0 29325944 230576 31236416    0    0     0     0 3797 5575  7  0 93  0  0
 1  0      0 29325944 230584 31236408    0    0     0    12 3668 4681  6  0 94  0  0
 1  0      0 29325944 230584 31236416    0    0     0     0 3497 4699  6  0 94  0  0
 1  0      0 29325944 230584 31236432    0    0     0     0 3564 5529  6  0 94  0  0
 1  0      0 29325944 230584 31236436    0    0     0    44 3624 5441  7  0 94  0  0
procs -----------memory---------- ---swap-- -----io---- -system-- ------cpu-----
 r  b   swpd   free   buff  cache   si   so    bi    bo   in   cs us sy id wa st
 1  0      0 29325944 230584 31236436    0    0     0     0 3480 4342  7  0 93  0  0
 1  0      0 29325944 230592 31236468    0    0     0    20 3429 4367  6  0 94  0  0
 1  0      0 29325944 230592 31236472    0    0     0    28 3560 4406  6  0 94  0  0
 1  0      0 29325944 230592 31236476    0    0     0   132 3587 4527  6  0 94  0  0
 1  0      0 29325944 230600 31236468    0    0     0    28 3518 4334  6  0 94  0  0
 1  0      0 29325944 230600 31236520    0    0     0     0 3659 5091  7  0 93  0  0
 1  0      0 29325944 230608 31236528    0    0     0    24 3680 4611  6  0 94  0  0
 1  0      0 29325944 230608 31236528    0    0     0     0 3688 4738  6  0 94  0  0
 1  0      0 29325944 230608 31236528    0    0     0     0 3729 4570  6  0 94  0  0
 1  0      0 29325944 230608 31236540    0    0     0     0 3643 5214  6  0 94  0  0
 1  0      0 29325944 230608 31236544    0    0     0     0 3707 5616  6  0 94  0  0
 5  0      0 29317752 230616 31236548    0    0     0    12 4207 7812 25  1 74  0  0
 7  0      0 29317752 230616 31236552    0    0     0     0 40688 139099 38  5 57  0  0
 4  0      0 29317752 230616 31236560    0    0     0   192 5314 8825 33  1 66  0  0
 6  0      0 29317752 230616 31236568    0    0     0     0 3850 6436 29  0 71  0  0
 5  0      0 29317500 230616 31236628    0    0     0     0 3932 4935 32  0 67  0  0
 3  0      0 29317500 230632 31236620    0    0     0    52 3766 3754 29  0 71  0  0
 3  0      0 29313404 230632 31236636    0    0     0    64 3651 5367 19  0 81  0  0
 2  0      0 29313404 230632 31236644    0    0     0     0 3829 7353 17  0 82  0  0
 2  0      0 29313404 230632 31236652    0    0     0     0 3658 4208 13  0 87  0  0
 2  0      0 29313404 230640 31236644    0    0     0    36 3760 4268 13  0 87  0  0
procs -----------memory---------- ---swap-- -----io---- -system-- ------cpu-----
 r  b   swpd   free   buff  cache   si   so    bi    bo   in   cs us sy id wa st
 2  0      0 29313404 230648 31236660    0    0     0    12 3653 4163 13  0 87  0  0
 2  0      0 29312900 230648 31236732    0    0     0     0 3618 4277 13  0 87  0  0
 2  0      0 29312900 230648 31236740    0    0     0     0 3493 4209 13  0 87  0  0
 2  0      0 29312900 230648 31236740    0    0     0     0 3607 4327 13  0 87  0  0
 1  0      0 29312900 230648 31236780    0    0     0     0 3897 21933 12  0 88  0  0
 1  0      0 29312900 230656 31236784    0    0     0    12 3625 4583  6  0 94  0  0
 1  0      0 29312900 230656 31236792    0    0     0     0 3625 4569  6  0 94  0  0
 1  0      0 29312900 230656 31236792    0    0     0     0 3690 4594  6  0 94  0  0
 2  0      0 29312900 230664 31236800    0    0     0    12 3753 6721 11  0 89  0  0
 1  0      0 29312900 230664 31236824    0    0     0     0 3912 6264  9  0 91  0  0
 1  0      0 29312900 230672 31236832    0    0     0    12 3711 4680  6  0 94  0  0
 1  0      0 29312900 230672 31236832    0    0     0     0 3629 4693  6  0 94  0  0
 1  0      0 29312900 230672 31236840    0    0     0     0 3646 4743  6  0 94  0  0
 1  0      0 29312900 230680 31236844    0    0     0    40 3671 4735  6  0 94  0  0
 1  0      0 29312900 230680 31236884    0    0     0     0 3779 5987  7  0 93  0  0
 1  0      0 29312900 230688 31236888    0    0     0    12 3824 4649  6  0 94  0  0
 1  0      0 29312900 230688 31236892    0    0     0    28 3905 4625  6  0 94  0  0
 1  0      0 29312900 230688 31236900    0    0     0     0 3628 4625  6  0 94  0  0
 1  0      0 29311640 230688 31236904    0    0     0   136 3540 4684  6  0 94  0  0
 1  0      0 29311640 230688 31236904    0    0     0     0 3564 4713  6  0 94  0  0
 1  0      0 29311640 230696 31236912    0    0     0   120 3526 4669  6  0 94  0  0
procs -----------memory---------- ---swap-- -----io---- -system-- ------cpu-----
 r  b   swpd   free   buff  cache   si   so    bi    bo   in   cs us sy id wa st
 1  0      0 29311388 230696 31236984    0    0     0     0 3506 4575  7  0 93  0  0
 1  0      0 29311388 230696 31236988    0    0     0     0 3444 4498  6  0 94  0  0
 1  0      0 29311388 230704 31236980    0    0     0    24 3492 4581  6  0 94  0  0
 1  0      0 29310392 230704 31237056    0    0     0     0 3678 5489  7  0 93  0  0
 1  0      0 29310392 230712 31237064    0    0     0    24 3519 5503  6  0 94  0  0
 1  0      0 29310392 230712 31237064    0    0     0     4 3474 4987  6  0 94  0  0
 1  0      0 29310392 230712 31237064    0    0     0     0 3409 5022  6  0 94  0  0
 1  0      0 29310392 230712 31237076    0    0     0   192 3397 4369  6  0 94  0  0
 1  0      0 29310392 230720 31237084    0    0     0    12 3445 4504  6  0 94  0  0
 1  0      0 29310392 230728 31237092    0    0     0    28 3331 4578  6  0 94  0  0
 1  0      0 29309888 230736 31237084    0    0     0    40 3622 5221  6  0 94  0  0
 1  0      0 29309636 230736 31237104    0    0     0     0 3516 5743  6  0 94  0  0
 1  0      0 29309412 230736 31237104    0    0     0   132 3569 5364  6  0 94  0  0
 1  0      0 29309412 230736 31237144    0    0     0     0 3598 5114  7  0 93  0  0
 1  0      0 29309412 230744 31237148    0    0     0    20 3627 4551  6  0 94  0  0
 1  0      0 29309412 230752 31237156    0    0     0   228 3657 4457  6  0 94  0  0
 1  0      0 29309412 230752 31237156    0    0     0     0 3579 4369  6  0 94  0  0
 1  0      0 29309412 230752 31237164    0    0     0     0 3564 4305  6  0 94  0  0
 1  0      0 29309412 230752 31237164    0    0     0     0 3764 4639  6  0 93  0  0
 1  0      0 29309412 230760 31237196    0    0     0    12 3586 4578  6  0 94  0  0
 1  0      0 29309412 230760 31237272    0    0     0     0 3590 4639  7  0 93  0  0
procs -----------memory---------- ---swap-- -----io---- -system-- ------cpu-----
 r  b   swpd   free   buff  cache   si   so    bi    bo   in   cs us sy id wa st
 1  0      0 29309412 230768 31237280    0    0     0    84 3478 4639  6  0 94  0  0
 1  0      0 29309412 230768 31237280    0    0     0     0 3472 4669  6  0 94  0  0
 1  0      0 29309412 230768 31237320    0    0     0    40 3744 5473  7  0 93  0  0
 1  0      0 29309412 230776 31237328    0    0     0    12 3595 4598  6  0 94  0  0
 1  0      0 29309412 230776 31237328    0    0     0     0 3564 4603  6  0 94  0  0
 1  0      0 29309160 230776 31237336    0    0     0     0 3607 4615  6  0 94  0  0
 1  0      0 29309160 230784 31237336    0    0     0    20 3600 4553  6  0 94  0  0
 1  0      0 29309160 230784 31237344    0    0     0     0 3642 4581  6  0 94  0  0
 1  0      0 29309160 230792 31237348    0    0     0    12 3517 4595  6  0 94  0  0
 1  0      0 29309160 230792 31237352    0    0     0    28 3558 4565  6  0 94  0  0
 1  0      0 29309160 230792 31237356    0    0     0     0 3628 5033  6  0 94  0  0
 1  0      0 29309160 230792 31237364    0    0     0     0 3653 5463  6  0 94  0  0
 1  0      0 29308656 230792 31237420    0    0     0     4 3702 5837  7  0 93  0  0
 1  0      0 29308656 230800 31237428    0    0     0    12 3458 4300  6  0 94  0  0
 1  0      0 29308656 230800 31237432    0    0     0     0 3460 4181  6  0 94  0  0
 1  0      0 29308656 230800 31237436    0    0     0     8 3503 4275  6  0 94  0  0
 1  0      0 29308656 230800 31237440    0    0     0     0 3500 4241  6  0 94  0  0
 1  0      0 29308656 230800 31237440    0    0     0   284 3550 4339  6  0 94  0  0
 1  0      0 29308656 230816 31237452    0    0     0    56 3619 4450  6  0 94  0  0
 1  0      0 29308656 230816 31237520    0    0     0     8 3635 4591  7  0 93  0  0
 1  0      0 29308656 230816 31237524    0    0     0     0 3516 4501  6  0 94  0  0
procs -----------memory---------- ---swap-- -----io---- -system-- ------cpu-----
 r  b   swpd   free   buff  cache   si   so    bi    bo   in   cs us sy id wa st
 1  0      0 29308656 230816 31237528    0    0     0     0 3380 4407  6  0 94  0  0
 1  0      0 29308656 230816 31237576    0    0     0     0 3547 5346  7  0 93  0  0
 1  0      0 29308656 230824 31237576    0    0     0    12 3529 4495  6  0 94  0  0
 1  0      0 29308656 230824 31237588    0    0     0     0 3462 4513  6  0 94  0  0
 1  0      0 29308656 230832 31237588    0    0     0    12 3382 4346  6  0 94  0  0
 1  0      0 29308656 230832 31237596    0    0     0     0 3443 4314  6  0 94  0  0
 1  0      0 29308656 230832 31237620    0    0     0     0 3558 4555  6  0 94  0  0
 1  0      0 29308656 230840 31237624    0    0     0    12 3460 4337  6  0 94  0  0
 1  0      0 29308656 230840 31237628    0    0     0     0 3413 4375  6  0 94  0  0
 1  0      0 29308404 230840 31237636    0    0     0     0 3410 4980  6  0 94  0  0
 1  0      0 29308404 230840 31237640    0    0     0     0 3643 4852  6  0 94  0  0
 1  0      0 29308164 230848 31237672    0    0     0   152 3889 6163  7  0 93  0  0
 1  0      0 29307940 230856 31237680    0    0     0    20 3610 4400  6  0 94  0  0
 1  0      0 29307940 230856 31237680    0    0     0     0 3800 4284  6  0 94  0  0
 1  0      0 29307940 230856 31237692    0    0     0     0 3644 4395  6  0 94  0  0
 1  0      0 29307940 230856 31237692    0    0     0    28 3637 4327  6  0 94  0  0
 2  0      0 29293872 230856 31237716    0    0     0     0 4241 5618  7  0 93  0  0
 1  0      0 29297604 230864 31237700    0    0     0    16 4120 5597  7  0 92  0  0
 1  0      0 29297604 230864 31237776    0    0     0     0 3364 4459  7  0 93  0  0
 1  0      0 29297604 230864 31237780    0    0     0     0 3413 4635  6  0 94  0  0
 1  0      0 29297604 230864 31237788    0    0     0     0 3486 5290  6  0 94  0  0
procs -----------memory---------- ---swap-- -----io---- -system-- ------cpu-----
 r  b   swpd   free   buff  cache   si   so    bi    bo   in   cs us sy id wa st
 1  0      0 29297604 230872 31237840    0    0     0   576 3817 5966  7  0 93  0  0
 1  0      0 29297604 230880 31237848    0    0     0    36 3334 4476  6  0 94  0  0
 1  0      0 29297100 230880 31237852    0    0     0     0 3552 4637  6  0 94  0  0
 1  0      0 29297100 230880 31237860    0    0     0     0 3488 4296  6  0 94  0  0
 1  0      0 29297100 230880 31237860    0    0     0    64 3525 4363  6  0 94  0  0
 2  0      0 29296848 230880 31237868    0    0     0     0 3728 5070  8  0 92  0  0
 6  0      0 29296848 230888 31237872    0    0     0   188 3896 3676 26  0 74  0  0
 8  0      0 29296848 230896 31237876    0    0     0    64 4207 3021 49  0 51  0  0
 8  0      0 29296848 230896 31237884    0    0     0     4 4296 3290 50  0 50  0  0
 8  0      0 29296848 230896 31237888    0    0     0     0 4219 3414 50  0 50  0  0
 7  0      0 29296848 230896 31237932    0    0     0     0 5582 9606 50  0 50  0  0
 6  0      0 29296848 230904 31237924    0    0     0   156 4093 3859 42  0 58  0  0
 4  0      0 29296848 230904 31237944    0    0     0     0 3644 3490 29  0 71  0  0
 2  0      0 29296848 230904 31237944    0    0     0     0 3538 4048 15  0 85  0  0
 8  0      0 29295084 230912 31237952    0    0     0    16 4373 3253 48  0 51  0  0
 8  0      0 29294080 230912 31237764    0    0     0   260 5093 5245 51  0 49  0  0
 8  0      0 29294080 230920 31237768    0    0     0    12 4519 4302 50  0 50  0  0
 8  0      0 29294080 230920 31237840    0    0     0     0 4424 3863 50  1 49  0  0
 9  0      0 29294080 230920 31237848    0    0     0     0 4361 3549 50  0 50  0  0
 8  0      0 29294080 230920 31237852    0    0     0    52 4313 3684 50  0 50  0  0
 8  0      0 29293840 230928 31237892    0    0     0   604 4635 6793 50  0 50  0  0
procs -----------memory---------- ---swap-- -----io---- -system-- ------cpu-----
 r  b   swpd   free   buff  cache   si   so    bi    bo   in   cs us sy id wa st
 8  0      0 29293588 230936 31237896    0    0     0    12 4506 4036 50  0 50  0  0
 6  0      0 29293588 230936 31237908    0    0     0     0 4417 3473 48  0 52  0  0
 4  0      0 29293588 230936 31237908    0    0     0     0 4086 3577 33  0 67  0  0
 4  0      0 29293588 230936 31237920    0    0     0     0 3870 3664 25  0 75  0  0
 7  0      0 29293588 230944 31237928    0    0     0    20 22702 52802 23  2 75  0  0
 8  0      0 29293588 230952 31237928    0    0     0    32 145912 388150 37 11 52  0  0
 8  0      0 29293588 230952 31237936    0    0     0     0 43199 137425 45  5 51  0  0
 5  0      0 29276952 230952 31237940    0    0     0     0 57047 171294 43  6 51  0  0
 8  0      0 29276952 230952 31237944    0    0     0     0 68481 208472 42  7 51  0  0
 7  0      0 29276952 230960 31237980    0    0     0    40 183967 651454 29 18 54  0  0
 6  0      0 29276952 230968 31238008    0    0     0   228 174300 886995 13 32 55  0  0
 8  0      0 29276952 230968 31238020    0    0     0     0 96185 316769 39  9 52  0  0
 8  0      0 29276952 230968 31238028    0    0     0     0 80814 214268 42  7 51  0  0
 8  0      0 29276700 230968 31238032    0    0     0     0 71230 212083 41  8 51  0  0
 8  0      0 29276700 230976 31238040    0    0     0    16 12923 33503 48  2 50  0  0
 8  0      0 29276700 230984 31238040    0    0     0   176 49203 144118 44  5 51  0  0
 8  0      0 29276700 230984 31238112    0    0     0     0 48810 145259 43  7 51  0  0
 7  0      0 29273508 230984 31238092    0    0     0     0 161347 491005 32 15 52  0  0
 8  0      0 29272024 230984 31238104    0    0     0     0 129677 398484 35 12 52  0  0
 7  0      0 29273548 230992 31238108    0    0     0    40 80539 297336 39  9 52  0  0
 8  0      0 29273548 231000 31238148    0    0     0    36 124334 555562 30 16 53  0  0
procs -----------memory---------- ---swap-- -----io---- -system-- ------cpu-----
 r  b   swpd   free   buff  cache   si   so    bi    bo   in   cs us sy id wa st
 8  0      0 29273044 231000 31238156    0    0     0    28 5022 7379 49  1 50  0  0
 8  0      0 29273044 231000 31238220    0    0     0   588 4680 6393 50  0 50  0  0
 8  0      0 29272540 231000 31238232    0    0     0     4 4768 12515 50  0 50  0  0
 8  0      0 29272540 231008 31238252    0    0     0    44 4525 8285 50  0 50  0  0
 8  0      0 29272288 231016 31238264    0    0     0    12 4947 9818 50  1 50  0  0
 8  0      0 29272288 231016 31238264    0    0     0     0 8730 20699 48  2 50  0  0
 8  0      0 29271784 231016 31238272    0    0     0     0 4854 8655 49  1 50  0  0
 8  0      0 29271784 231016 31238276    0    0     0     0 8367 16273 49  1 50  0  0
 7  0      0 29271784 231024 31238296    0    0     0  9880 131048 431566 36 12 52  0  0
 7  0      0 29271784 231032 31238328    0    0     0    12 179165 825183 21 23 55  0  0
 8  0      0 29271784 231032 31238340    0    0     0   176 118554 392028 35 12 52  0  0
 8  0      0 29271784 231032 31238352    0    0     0     0 156408 432948 34 13 53  0  0
 8  0      0 29271784 231032 31238352    0    0     0     0 75851 209190 41  8 51  0  0
 8  0      0 29271784 231040 31238360    0    0     0    12 10325 20883 47  3 50  0  0
 8  0      0 29271784 231048 31238364    0    0     0    24 7031 12720 49  1 50  0  0
 8  0      0 29271784 231048 31238440    0    0     0     0 15167 37387 48  3 49  0  0
 8  0      0 29271532 231048 31238440    0    0     0     0 66807 177192 42  7 51  0  0
 8  0      0 29271532 231048 31238448    0    0     0     0 4705 8882 50  0 50  0  0
 8  0      0 29271284 231056 31238472    0    0     0    24 4688 7718 50  0 50  0  0
 8  0      0 29271284 231064 31238532    0    0     0    12 5378 17425 49  1 50  0  0
 8  0      0 29271284 231064 31238532    0    0     0     0 5698 13979 49  1 50  0  0
procs -----------memory---------- ---swap-- -----io---- -system-- ------cpu-----
 r  b   swpd   free   buff  cache   si   so    bi    bo   in   cs us sy id wa st
 8  0      0 29267188 231064 31238540    0    0     0     4 18333 44666 48  2 50  0  0
 8  0      0 29266936 231064 31238544    0    0     0     0 4450 4978 50  0 50  0  0
 8  0      0 29266936 231072 31238552    0    0     0    20 4942 11803 49  1 50  0  0
 8  0      0 29266936 231080 31238552    0    0     0    60 5242 13066 49  1 50  0  0
 8  0      0 29266936 231080 31238560    0    0     0     4 5080 9216 49  1 50  0  0
 8  0      0 29266936 231080 31238568    0    0     0     0 4447 5327 50  0 50  0  0
 8  0      0 29266684 231080 31238576    0    0     0    12 10791 25840 47  3 50  0  0
 7  0      0 29266684 231088 31238588    0    0     0    12 75986 242854 40  9 51  0  0
 7  0      0 29266684 231096 31238632    0    0     0    12 208971 815572 24 21 55  0  0
 7  0      0 29266684 231096 31238640    0    0     0   324 123461 339483 37 11 52  0  0
 8  0      0 29266684 231096 31238640    0    0     0     4 72526 193016 41  8 51  0  0
 8  0      0 29258492 231096 31238648    0    0     0     0 47166 178373 41  6 53  0  0
 8  0      0 29258492 231104 31238676    0    0     0    16 5628 7828 50  1 50  0  0
 8  0      0 29258492 231112 31238684    0    0     0    28 4526 8202 50  1 50  0  0
 9  0      0 29258492 231112 31238684    0    0     0     0 4271 4540 50  0 50  0  0
 8  0      0 29258492 231112 31238756    0    0     0     0 4335 7132 50  0 49  0  0
 8  0      0 29258492 231112 31238760    0    0     0     0 4515 4320 50  0 50  0  0
 8  0      0 29258492 231112 31238788    0    0     0   348 4650 9125 50  0 50  0  0
 8  0      0 29258492 231128 31238816    0    0     0    28 4403 4608 50  0 50  0  0
 8  0      0 29258492 231128 31238824    0    0     0     0 4511 8733 50  0 50  0  0
 8  0      0 29258240 231128 31238828    0    0     0   148 4621 7453 50  0 50  0  0
procs -----------memory---------- ---swap-- -----io---- -system-- ------cpu-----
 r  b   swpd   free   buff  cache   si   so    bi    bo   in   cs us sy id wa st
 8  0      0 29258240 231128 31238836    0    0     0     0 56294 136281 43  6 51  0  0
 8  0      0 29245952 231128 31238840    0    0     0     0 4439 4904 49  0 51  0  0
 8  0      0 29245952 231144 31238844    0    0     0    36 5909 11214 49  1 50  0  0
 8  0      0 29245952 231144 31238852    0    0     0    20 4536 3314 50  0 50  0  0
 8  0      0 29245952 231144 31238852    0    0     0     0 4446 3168 50  0 50  0  0
 8  0      0 29245952 231144 31238860    0    0     0     0 4369 4341 50  0 50  0  0
 8  0      0 29245700 231144 31238904    0    0     0     0 5006 10023 50  0 50  0  0
 8  0      0 29245700 231160 31238944    0    0     0   100 4532 4690 50  0 50  0  0
 8  0      0 29245700 231160 31239008    0    0     0     0 4602 6729 50  0 50  0  0
 8  0      0 29245700 231160 31239016    0    0     0   240 4474 5430 50  0 50  0  0
 8  0      0 29245700 231160 31239020    0    0     0     0 4466 3175 50  0 50  0  0
 8  0      0 29245700 231160 31239028    0    0     0     0 4437 6130 50  0 50  0  0
 8  0      0 29245700 231176 31239028    0    0     0    68 4357 7234 50  0 50  0  0
 8  0      0 29241604 231176 31239036    0    0     0     0 4330 4081 50  0 50  0  0
 8  0      0 29241352 231176 31239104    0    0     0     0 4432 6914 51  1 49  0  0
 8  0      0 29241352 231176 31239112    0    0     0     0 4315 3331 50  0 50  0  0
 8  0      0 29241352 231176 31239124    0    0     0     0 4258 3424 50  0 50  0  0
 8  0      0 29241352 231192 31239168    0    0     0    24 4201 4652 50  0 50  0  0
 8  0      0 29241352 231192 31239176    0    0     0     0 4205 5019 50  0 50  0  0
 8  0      0 29241100 231192 31239176    0    0     0     0 4293 5938 50  0 50  0  0
 8  0      0 29241100 231192 31239184    0    0     0     0 4363 5873 50  0 50  0  0
procs -----------memory---------- ---swap-- -----io---- -system-- ------cpu-----
 r  b   swpd   free   buff  cache   si   so    bi    bo   in   cs us sy id wa st
 8  0      0 29240352 231192 31239208    0    0     0     0 7216 17603 47  3 50  0  0
 8  0      0 29223968 231208 31239216    0    0     0    64 4960 10268 49  2 50  0  0
 8  0      0 29223968 231208 31239224    0    0     0     0 4269 3466 50  0 50  0  0
 8  0      0 29223968 231208 31239232    0    0     0     0 4208 4000 50  0 50  0  0
 8  0      0 29223968 231208 31239236    0    0     0     0 4167 3734 50  0 50  0  0
 8  0      0 29223968 231208 31239248    0    0     0     0 4909 16703 50  0 50  0  0
 8  0      0 29223968 231224 31239296    0    0     0   280 7002 86872 48  2 50  0  0
 8  0      0 29223968 231224 31239308    0    0     0     0 4487 3823 50  0 50  0  0
 8  0      0 29223968 231224 31239312    0    0     0     0 4455 4850 50  0 50  0  0
 8  0      0 29223968 231224 31239320    0    0     0     0 4339 5478 50  0 50  0  0
 8  0      0 29223968 231224 31239324    0    0     0     0 4352 3620 50  0 50  0  0
 8  0      0 29223968 231232 31239328    0    0     0    12 4441 4269 50  0 50  0  0
 8  0      0 29223968 231240 31239340    0    0     0    16 4386 3554 50  0 50  0  0
 8  0      0 29219872 231240 31239408    0    0     0     0 4415 4215 50  1 49  0  0
 8  0      0 29207584 231240 31239416    0    0     0     0 4352 5335 50  0 50  0  0
 8  0      0 29207584 231240 31239440    0    0     0     0 4526 5666 50  0 50  0  0
 8  0      0 29207584 231248 31239500    0    0     0    12 4483 4825 50  0 50  0  0
 8  0      0 29207332 231256 31239492    0    0     0    16 4462 4075 50  0 50  0  0
 8  0      0 29207332 231256 31239508    0    0     0     0 4490 9941 49  1 50  0  0
 8  0      0 29195044 231256 31239512    0    0     0   176 4524 5119 49  1 50  0  0
 8  0      0 29195044 231256 31239520    0    0     0     0 4311 3804 50  0 50  0  0
procs -----------memory---------- ---swap-- -----io---- -system-- ------cpu-----
 r  b   swpd   free   buff  cache   si   so    bi    bo   in   cs us sy id wa st
 8  0      0 29174564 231264 31239524    0    0     0    40 4317 5744 50  0 50  0  0
 8  0      0 29174564 231264 31239532    0    0     0    36 4253 8343 50  0 50  0  0
 8  0      0 29174564 231272 31239536    0    0     0    12 4243 4359 50  0 50  0  0
 8  0      0 29174564 231272 31239544    0    0     0   288 5007 11607 49  1 50  0  0
 8  0      0 29174564 231272 31239544    0    0     0     0 4470 7365 50  1 50  0  0
 8  0      0 29174312 231280 31239604    0    0     0    24 4614 5389 50  0 50  0  0
 8  0      0 29174312 231280 31239612    0    0     0     0 4321 3427 50  0 50  0  0
 8  0      0 29174312 231288 31239612    0    0     0    12 4512 3582 50  0 50  0  0
 8  0      0 29174312 231288 31239620    0    0     0     0 4611 6815 50  0 50  0  0
 8  0      0 29174312 231288 31239644    0    0     0     4 4496 3840 50  0 50  0  0
 8  0      0 29173808 231296 31239652    0    0     0    12 5008 4025 50  0 50  0  0
 8  0      0 29173556 231296 31239652    0    0     0    80 4428 5920 50  0 50  0  0
 8  0      0 29173556 231304 31239724    0    0     0    24 4411 5990 50  1 49  0  0
 8  0      0 29173556 231304 31239728    0    0     0     0 4520 5276 50  0 50  0  0
 8  0      0 29173316 231304 31239736    0    0     0   212 4557 5382 50  0 50  0  0
 8  0      0 29173316 231312 31239784    0    0     0    32 6375 56846 49  1 50  0  0
 8  0      0 29173064 231312 31239792    0    0     0     0 4924 6226 50  0 50  0  0
 8  0      0 29173064 231320 31239796    0    0     0   244 4547 6654 50  0 50  0  0
 8  0      0 29173064 231320 31239804    0    0     0     0 8033 18230 47  3 50  0  0
 8  0      0 29173064 231320 31239804    0    0     0     0 4395 5337 50  0 50  0  0
 8  0      0 29168968 231328 31239812    0    0     0    12 4395 3670 50  0 50  0  0
procs -----------memory---------- ---swap-- -----io---- -system-- ------cpu-----
 r  b   swpd   free   buff  cache   si   so    bi    bo   in   cs us sy id wa st
 8  0      0 29168716 231328 31239820    0    0     0     0 4436 5348 50  0 50  0  0
 8  0      0 29168716 231336 31239820    0    0     0    12 4501 9473 50  0 50  0  0
 8  0      0 29168716 231336 31239828    0    0     0     0 4432 4127 50  0 50  0  0
 8  0      0 29151856 231336 31239852    0    0     0     0 34304 84688 47  3 50  0  0
 8  0      0 29147508 231344 31239908    0    0     0    12 83428 400742 39  8 53  0  0
 8  0      0 29147508 231344 31239908    0    0     0     4 21650 52916 48  2 50  0  0
 8  0      0 29143412 231352 31239912    0    0     0    16 4505 4818 50  0 50  0  0
 8  0      0 29143412 231352 31239920    0    0     0     0 4453 4685 50  0 50  0  0
 8  0      0 29143412 231352 31239928    0    0     0     0 11400 25803 49  1 50  0  0
 8  0      0 29143412 231360 31239932    0    0     0    12 31387 76200 45  5 50  0  0
 8  0      0 29143160 231360 31239940    0    0     0     0 5812 10038 47  2 51  0  0
 8  0      0 29143160 231368 31240012    0    0     0    12 4493 4557 50  1 49  0  0
 8  0      0 29143160 231368 31240024    0    0     0     0 4474 6735 50  0 50  0  0
 8  0      0 29143160 231368 31240024    0    0     0     0 4395 3000 50  0 50  0  0
 8  0      0 29143160 231376 31240080    0    0     0    12 4448 5473 50  0 50  0  0
 8  0      0 29143160 231376 31240088    0    0     0    20 4420 5013 49  1 50  0  0
 8  0      0 29143160 231384 31240088    0    0     0    12 4493 6636 50  0 50  0  0
 8  0      0 29143160 231384 31240096    0    0     0     0 4829 7483 49  1 50  0  0
 8  0      0 29143160 231384 31240120    0    0     0     0 50470 127979 44  6 50  0  0
 8  0      0 29143160 231392 31240124    0    0     0    12 44804 156370 43  6 51  0  0
 8  0      0 29142908 231392 31240192    0    0     0     0 4721 6812 50  1 50  0  0
procs -----------memory---------- ---swap-- -----io---- -system-- ------cpu-----
 r  b   swpd   free   buff  cache   si   so    bi    bo   in   cs us sy id wa st
 7  0      0 29142908 231400 31240204    0    0     0    32 8324 17969 49  1 50  0  0
 8  0      0 29142908 231400 31240208    0    0     0    20 93779 244762 39  9 51  0  0
 8  0      0 29142908 231400 31240216    0    0     0     0 14338 33310 48  2 50  0  0
 8  0      0 29142908 231408 31240256    0    0     0   396 178677 745049 27 18 55  0  0
 8  0      0 29142908 231408 31240272    0    0     0     0 213875 723226 25 21 54  0  0
 7  0      0 29142908 231416 31240268    0    0     0    12 77817 214816 40  9 51  0  0
 8  0      0 29138812 231416 31240284    0    0     0   296 137419 376699 36 11 52  0  0
 8  0      0 29138812 231416 31240284    0    0     0     0 57766 172254 43  6 51  0  0
 8  0      0 29138812 231424 31240292    0    0     0    12 7533 15112 49  1 50  0  0
 8  0      0 29138812 231424 31240296    0    0     0     0 4302 4469 50  0 50  0  0
 8  0      0 29138560 231432 31240360    0    0     0    16 4375 5586 51  0 49  0  0
 8  0      0 29138056 231432 31240376    0    0     0     0 4962 13640 48  2 50  0  0
 8  0      0 29138056 231432 31240400    0    0     0     0 6069 14926 48  2 50  0  0
 8  0      0 29138056 231440 31240460    0    0     0    12 21704 219356 45  4 52  0  0
 8  0      0 29137552 231440 31240460    0    0     0     0 4445 6128 50  0 50  0  0
 8  0      0 29137552 231440 31240468    0    0     0    64 7766 13368 47  3 50  0  0
 7  0      0 29137552 231448 31240472    0    0     0    24 184006 464656 34 13 53  0  0
 7  0      0 29137552 231448 31240480    0    0     0     0 237612 628140 31 16 53  0  0
 7  0      0 29137552 231456 31240480    0    0     0    12 233261 628116 30 16 54  0  0
 8  0      0 29137552 231456 31240488    0    0     0     0 233617 667676 29 18 54  0  0
 8  0      0 29130960 231456 31240472    0    0     0     4 230179 626004 32 17 51  0  0
procs -----------memory---------- ---swap-- -----io---- -system-- ------cpu-----
 r  b   swpd   free   buff  cache   si   so    bi    bo   in   cs us sy id wa st
 7  0      0 29129964 231456 31240472    0    0     0     0 226639 614467 30 16 53  0  0
 8  0      0 29129964 231456 31240476    0    0     0     0 232744 707950 27 19 54  0  0
 7  0      0 29129964 231464 31240508    0    0     0    12 197523 899133 17 28 55  0  0
 6  0      0 29129964 231464 31240532    0    0     0   136 193193 911124 17 28 56  0  0
 7  0      0 29129964 231472 31240536    0    0     0   648 229630 784596 24 21 54  0  0
 8  0      0 29129964 231472 31240544    0    0     0     0 225132 792851 23 23 55  0  0
 7  0      0 29129964 231472 31240308    0    0     0   264 233464 787536 23 23 54  0  0
 6  0      0 29129964 231480 31240312    0    0     0    20 236965 784116 23 22 55  0  0
 8  0      0 29129964 231480 31240316    0    0     0     4 236893 788304 25 21 54  0  0
 8  0      0 29129964 231488 31240324    0    0     0    48 228918 784142 23 23 54  0  0
 8  0      0 29129964 231488 31240396    0    0     0     0 231923 780562 23 23 54  0  0
 8  0      0 29129964 231488 31240400    0    0     0     0 228405 793308 23 23 54  0  0
 7  0      0 29129964 231496 31240444    0    0     0    12 165644 791931 23 22 55  0  0
 8  0      0 29129964 231496 31240460    0    0     0   332 7027 24613 49  1 50  0  0
 8  0      0 29129964 231504 31240460    0    0     0    20 12159 25687 48  2 50  0  0
 8  0      0 29129964 231504 31240468    0    0     0   256 17742 41454 46  4 50  0  0
 8  0      0 29129964 231504 31240472    0    0     0     0 16670 36781 47  3 50  0  0
 8  0      0 29129964 231512 31240480    0    0     0    36 19782 45587 46  3 50  0  0
 8  0      0 29129964 231512 31240480    0    0     0     0 34727 91320 46  4 50  0  0
 8  0      0 29129964 231520 31240488    0    0     0    16 27198 66679 47  3 50  0  0
 8  0      0 29129964 231520 31240496    0    0     0     0 8939 19941 49  1 50  0  0
procs -----------memory---------- ---swap-- -----io---- -system-- ------cpu-----
 r  b   swpd   free   buff  cache   si   so    bi    bo   in   cs us sy id wa st
 8  0      0 29129964 231520 31240520    0    0     0     0 22514 55055 47  3 50  0  0
 8  0      0 29129964 231528 31240568    0    0     0    12 9840 44638 49  1 50  0  0
 8  0      0 29129964 231528 31240572    0    0     0     0 12982 29909 49  1 50  0  0
 8  0      0 29129964 231528 31240580    0    0     0     0 5778 10014 49  1 50  0  0
 8  0      0 29129964 231536 31240580    0    0     0    16 5590 6464 49  1 50  0  0
 8  0      0 29129964 231536 31240588    0    0     0     0 9644 18011 48  2 50  0  0
 8  0      0 29129964 231544 31240592    0    0     0    12 9806 18203 49  1 50  0  0
 8  0      0 29129712 231544 31240600    0    0     0     0 10429 18140 49  1 50  0  0
 8  0      0 29129712 231544 31240600    0    0     0    12 7940 12608 49  1 50  0  0
 8  0      0 29129712 231544 31240676    0    0     0     0 6749 9422 50  1 49  0  0
 8  0      0 29129712 231552 31240680    0    0     0    12 5468 5998 50  1 50  0  0
 8  0      0 29129712 231560 31240732    0    0     0    12 6228 58594 49  1 50  0  0
 8  0      0 29129712 231560 31240732    0    0     0     0 4451 3094 50  0 50  0  0
 8  0      0 29129712 231560 31240740    0    0     0     0 4325 3896 50  0 50  0  0
 8  0      0 29129712 231560 31240748    0    0     0     0 4457 3371 50  0 50  0  0
 8  0      0 29129712 231568 31240772    0    0     0    16 21160 46208 48  2 50  0  0
 8  0      0 29129712 231576 31240776    0    0     0    12 10483 22086 46  4 50  0  0
 8  0      0 29129712 231576 31240780    0    0     0     0 34537 80651 44  5 50  0  0
 7  0      0 29129712 231576 31240788    0    0     0     0 85904 210863 41  8 51  0  0
 7  0      0 29129712 231576 31240788    0    0     0    44 24478 54640 47  2 51  0  0
 8  0      0 29129472 231584 31240788    0    0     0    24 6755 8972 48  1 51  0  0
procs -----------memory---------- ---swap-- -----io---- -system-- ------cpu-----
 r  b   swpd   free   buff  cache   si   so    bi    bo   in   cs us sy id wa st
 8  0      0 29129472 231592 31240844    0    0     0    12 8472 38745 49  1 50  0  0
 8  0      0 29129472 231592 31240852    0    0     0     0 5202 5096 49  1 50  0  0
 8  0      0 29129472 231596 31240852    0    0     0   308 5979 7865 49  1 50  0  0
 8  0      0 29129472 231596 31240860    0    0     0     0 4581 5942 50  0 50  0  0
 8  0      0 29129220 231596 31240864    0    0     0   172 4804 4304 49  1 50  0  0
 8  0      0 29129220 231608 31240872    0    0     0    40 4394 3213 50  0 50  0  0
 8  0      0 29129220 231616 31240872    0    0     0    48 4424 3364 50  0 50  0  0
 8  0      0 29129220 231616 31240880    0    0     0   136 4404 4046 50  0 50  0  0
 8  0      0 29129220 231616 31240948    0    0     0    20 4898 8007 50  1 49  0  0
 8  0      0 29129220 231616 31240980    0    0     0     0 7142 10177 50  1 50  0  0
 8  0      0 29129220 231624 31241028    0    0     0    24 4981 12788 49  1 50  0  0
 8  0      0 29129220 231632 31241032    0    0     0    20 4323 3955 50  0 50  0  0
 8  0      0 29129220 231632 31241044    0    0     0     0 4401 6040 50  0 50  0  0
 8  0      0 29129220 231632 31241044    0    0     0     8 7669 13525 50  1 50  0  0
 6  0      0 29129220 231632 31241052    0    0     0     0 11033 21717 48  1 51  0  0
 7  0      0 29129220 231640 31241056    0    0     0    16 4001 3920 38  0 62  0  0
 8  0      0 29129220 231648 31241064    0    0     0    36 4356 3525 43  0 57  0  0
 8  0      0 29129220 231648 31241064    0    0     0     0 6668 10653 49  1 50  0  0
 8  0      0 29129220 231648 31241072    0    0     0     0 5431 6032 50  0 50  0  0
 5  0      0 29128968 231648 31241076    0    0     0     0 9457 17545 43  1 57  0  0
 8  0      0 29128464 231656 31241120    0    0     0    12 4121 10878 34  0 66  0  0
procs -----------memory---------- ---swap-- -----io---- -system-- ------cpu-----
 r  b   swpd   free   buff  cache   si   so    bi    bo   in   cs us sy id wa st
 8  0      0 29128464 231656 31241120    0    0     0     0 4153 4154 50  0 50  0  0
 5  0      0 29128464 231656 31241128    0    0     0     0 4279 3852 47  0 53  0  0
 3  0      0 29128464 231656 31241132    0    0     0     0 3905 4322 25  0 75  0  0
 3  0      0 29128464 231656 31241160    0    0     0     4 3981 4986 19  0 81  0  0
 2  0      0 29128464 231672 31241164    0    0     0    28 3921 8369 18  0 82  0  0
 2  0      0 29128464 231672 31241168    0    0     0     0 3825 4260 13  0 87  0  0
 3  0      0 29128464 231672 31241176    0    0     0     0 3930 4728 13  0 87  0  0
 5  0      0 29128464 231672 31241244    0    0     0     0 4099 4986 24  1 75  0  0
 7  0      0 29128464 231672 31241252    0    0     0     0 5214 6108 39  0 61  0  0
 5  0      0 29128464 231688 31241288    0    0     0    24 7374 24129 43  1 56  0  0
 4  0      0 29128464 231688 31241304    0    0     0     0 3992 3422 29  0 71  0  0
 8  0      0 29128464 231692 31241304    0    0     0   136 5456 6567 36  0 64  0  0
 8  0      0 29128464 231692 31241312    0    0     0     0 4967 6243 49  1 50  0  0
 8  0      0 29128464 231692 31241316    0    0     0     0 4517 4610 50  0 50  0  0
 8  0      0 29128464 231704 31241324    0    0     0   164 4569 6906 50  0 50  0  0
 8  0      0 29128464 231704 31241324    0    0     0     0 4292 3261 50  0 50  0  0
 8  0      0 29128464 231704 31241332    0    0     0   188 4318 3199 50  0 50  0  0
 8  0      0 29128464 231712 31241336    0    0     0    16 4606 3473 50  0 50  0  0
 7  0      0 29128464 231712 31241364    0    0     0     0 9264 16757 49  1 50  0  0
 5  0      0 29128464 231720 31241408    0    0     0    32 4393 9014 35  0 64  0  0
 3  0      0 29128464 231720 31241412    0    0     0    32 4129 4709 24  0 76  0  0
procs -----------memory---------- ---swap-- -----io---- -system-- ------cpu-----
 r  b   swpd   free   buff  cache   si   so    bi    bo   in   cs us sy id wa st
 3  0      0 29128464 231720 31241420    0    0     0   236 3776 4628 19  0 81  0  0
 5  0      0 29128464 231720 31241420    0    0     0     0 3964 3692 30  0 70  0  0
 3  0      0 29128464 231728 31241428    0    0     0    84 4019 5363 28  0 72  0  0
 5  0      0 29128464 231736 31241432    0    0     0    32 7306 15812 20  1 79  0  0
 8  0      0 29128464 231736 31241440    0    0     0     0 49160 136944 32  5 63  0  0
 5  0      0 29128464 231736 31241440    0    0     0     0 7214 11924 34  1 65  0  0
 5  0      0 29128212 231736 31241512    0    0     0     0 4397 4788 31  1 68  0  0
 4  0      0 29128212 231744 31241516    0    0     0    28 4244 4789 27  1 72  0  0
 7  0      0 29128212 231752 31241572    0    0     0    12 4808 19568 32  1 67  0  0
 6  0      0 29128212 231752 31241572    0    0     0     0 14646 34862 40  2 58  0  0
 4  0      0 29128212 231752 31241580    0    0     0     0 4210 6570 34  1 65  0  0
 3  0      0 29128212 231752 31241584    0    0     0     0 5238 11802 24  1 75  0  0
 2  0      0 29128212 231760 31241612    0    0     0    16 4066 7919 17  0 82  0  0
 2  0      0 29128212 231768 31241616    0    0     0    12 3959 6685 13  0 87  0  0
 3  0      0 29128212 231768 31241628    0    0     0     0 5668 14420 19  1 80  0  0
 5  0      0 29128212 231768 31241636    0    0     0     0 25005 57496 24  2 74  0  0
 4  0      0 29128212 231768 31241636    0    0     0     0 14906 31478 28  1 71  0  0
 3  0      0 29128212 231768 31241644    0    0     0     0 3912 4022 23  0 77  0  0
 4  0      0 29128212 231784 31241688    0    0     0    28 4072 6068 20  0 79  0  0
 4  0      0 29128212 231784 31241696    0    0     0     0 4141 4139 25  0 75  0  0
 4  0      0 29128212 231784 31241696    0    0     0     0 4089 4497 25  0 75  0  0
procs -----------memory---------- ---swap-- -----io---- -system-- ------cpu-----
 r  b   swpd   free   buff  cache   si   so    bi    bo   in   cs us sy id wa st
 4  0      0 29127960 231784 31241704    0    0     0     0 4113 4562 25  0 75  0  0
 8  0      0 29127960 231784 31241708    0    0     0     0 24863 61915 24  2 74  0  0
 3  0      0 29127960 231792 31241716    0    0     0    12 41999 105842 29  4 67  0  0
 3  0      0 29127960 231800 31241716    0    0     0   164 3938 4215 19  0 81  0  0
 3  0      0 29127960 231800 31241724    0    0     0     0 3886 4032 19  0 81  0  0
 3  0      0 29127960 231800 31241792    0    0     0     0 3883 4343 19  0 81  0  0
 3  0      0 29127960 231800 31241820    0    0     0     0 3900 6653 19  0 81  0  0
 3  0      0 29127960 231808 31241860    0    0     0    12 5698 85502 20  1 79  0  0
 2  0      0 29127960 231816 31241868    0    0     0    20 3575 6732  9  0 91  0  0
 2  0      0 29127960 231816 31241876    0    0     0     0 3532 4284  6  0 94  0  0
 1  0      0 29127960 231816 31241876    0    0     0     8 3427 4306  6  0 94  0  0
 1  0      0 29127960 231816 31241884    0    0     0    20 3410 5299  6  0 94  0  0
 1  0      0 29127960 231824 31241888    0    0     0    24 3357 4413  6  0 94  0  0
 2  0      0 29127960 231824 31241896    0    0     0    24 4972 7743 12  0 87  0  0
 2  0      0 29127960 231832 31241896    0    0     0    12 3780 4291 12  0 88  0  0
 2  0      0 29127960 231832 31241904    0    0     0   432 3752 4562 13  0 87  0  0
 1  0      0 29127960 231832 31241908    0    0     0     0 3874 5589 10  0 90  0  0
 1  0      0 29127960 231844 31241948    0    0     0    48 3948 50287  7  1 93  0  0
 1  0      0 29127960 231844 31241948    0    0     0     0 3738 4744  7  0 93  0  0
 1  0      0 29127960 231844 31241956    0    0     0     0 3763 5036  6  0 94  0  0
 1  0      0 29127960 231852 31241952    0    0     0    12 3698 4629  7  0 93  0  0
procs -----------memory---------- ---swap-- -----io---- -system-- ------cpu-----
 r  b   swpd   free   buff  cache   si   so    bi    bo   in   cs us sy id wa st
 1  0      0 29127960 231852 31241992    0    0     0     0 3649 5077  6  0 94  0  0
 1  0      0 29127960 231860 31241992    0    0     0    80 3705 5600  6  0 94  0  0
 1  0      0 29127960 231860 31242000    0    0     0     0 3707 5817  6  0 94  0  0
 2  0      0 29127960 231860 31242008    0    0     0     0 3762 4634  6  0 94  0  0
 1  0      0 29127960 231860 31242076    0    0     0     0 3752 5473  7  0 93  0  0
 1  0      0 29127960 231868 31242084    0    0     0    24 3622 4681  6  0 93  0  0
 3  0      0 29127960 231876 31242128    0    0     0    12 4649 19575 20  0 79  0  0
 1  0      0 29127960 231876 31242136    0    0     0     0 3955 4012 16  0 84  0  0
 3  0      0 29127960 231876 31242136    0    0     0     0 3975 4301 18  0 82  0  0
 1  0      0 29127960 231876 31242144    0    0     0     0 3882 4239 14  0 85  0  0
 1  0      0 29127960 231876 31242148    0    0     0     0 3755 6121  7  0 93  0  0
 1  0      0 29127960 231884 31242156    0    0     0    12 3707 5613  6  0 94  0  0
 1  0      0 29127960 231884 31242156    0    0     0     0 3625 4448  6  0 94  0  0
 1  0      0 29127960 231884 31242164    0    0     0     0 3738 5342  6  0 94  0  0
 1  0      0 29127960 231892 31242168    0    0     0    12 3882 4978  6  0 94  0  0
 1  0      0 29127960 231892 31242196    0    0     0  8632 3944 31563  6  0 93  0  0
 1  0      0 29127960 231900 31242232    0    0     0    12 4484 75810  9  1 91  0  0
 1  0      0 29127960 231900 31242240    0    0     0     0 3889 4794  7  0 93  0  0
 1  0      0 29127960 231900 31242244    0    0     0     0 3802 4874  6  0 94  0  0
 1  0      0 29127960 231900 31242248    0    0     0     0 3485 4394  6  0 94  0  0
 1  0      0 29127960 231908 31242252    0    0     0    28 3668 5724  6  0 94  0  0
procs -----------memory---------- ---swap-- -----io---- -system-- ------cpu-----
 r  b   swpd   free   buff  cache   si   so    bi    bo   in   cs us sy id wa st
 1  0      0 29127960 231916 31242260    0    0     0    24 3739 6197  9  0 91  0  0
 1  0      0 29127960 231916 31242268    0    0     0     0 3681 4703  9  0 91  0  0
 2  0      0 28996384 231916 31242268    0    0     0    16 4041 20464 10  0 90  0  0
 2  0      0 28986820 231924 31242360    0    0     0    32 4873 29301 14  1 85  0  0
 1  0      0 28986820 231924 31242360    0    0     0   304 3798 5071  8  0 92  0  0
 1  0      0 28986820 231936 31242400    0    0     0    40 3933 8146  7  0 93  0  0
 1  0      0 28986064 231936 31242400    0    0     0    36 3657 5086  6  0 94  0  0
 2  0      0 28986064 231936 31242408    0    0     0     0 3618 7062 10  0 90  0  0
 1  0      0 28986064 231944 31242412    0    0     0   604 4058 192296  6  2 93  0  0
 2  0      0 28986064 231944 31242440    0    0     0   136 4245 197203  6  2 93  0  0
 2  0      0 28986064 231952 31242444    0    0     0    24 4206 196754  6  2 92  0  0
 1  0      0 28986064 231952 31242452    0    0     0     0 4253 194903  6  2 93  0  0
 2  0      0 28986064 231952 31242460    0    0     0     0 4287 196430  6  2 93  0  0
 1  0      0 28986064 231960 31242460    0    0     0    28 4280 195907  6  2 92  0  0
 1  0      0 28986064 231960 31242472    0    0     0     0 4267 196340  6  2 93  0  0
 2  0      0 28986064 231968 31242512    0    0     0    12 5663 235549  6  2 91  0  0
 1  0      0 28986064 231968 31242520    0    0     0     0 4374 196258  5  2 93  0  0
 1  0      0 28985812 231968 31242520    0    0     0     0 4050 121053  6  1 93  0  0
 1  0      0 28985812 231976 31242528    0    0     0    16 3665 9889  7  0 93  0  0
 1  0      0 28985812 231976 31242532    0    0     0   132 3617 4719  6  0 94  0  0
 2  0      0 28981212 231984 31242540    0    0     0    32 3779 8849 10  0 90  0  0
procs -----------memory---------- ---swap-- -----io---- -system-- ------cpu-----
 r  b   swpd   free   buff  cache   si   so    bi    bo   in   cs us sy id wa st
 1  0      0 28978188 231984 31242544    0    0     0     0 3984 5452  9  0 91  0  0
 2  0      0 28976176 231984 31242556    0    0     0     0 4146 6055  7  0 93  0  0
 1  0      0 28976176 231992 31242612    0    0     0    44 3746 5137  8  0 92  0  0
 2  0      0 28975420 231992 31242720    0    0     0     0 4621 9850  9  0 91  0  0
 2  0      0 28973404 232004 31242748    0    0     0  2864 3879 7780 12  0 88  0  0
 1  0      0 28973404 232004 31242756    0    0     0   548 3612 5158  7  0 93  0  0
 1  0      0 28973404 232004 31242760    0    0     0     4 3617 5133  8  0 92  0  0
 2  0      0 28952752 232004 31265068    0    0     0     0 4105 149941  6  2 92  0  0
 1  0      0 28918492 232012 31299160    0    0     0    56 4442 162094  6  2 93  0  0
 1  0      0 28865824 232020 31351552    0    0     0   100 4289 176163  6  2 93  0  0
 1  0      0 28833832 232020 31384072    0    0     0     0 4276 128463  6  1 93  0  0
 1  0      0 28833832 232020 31384072    0    0     0     0 3390 4236  6  0 94  0  0
 1  0      0 28833832 232020 31384080    0    0     0    92 3443 4227  6  0 94  0  0
 3  0      0 28833832 232032 31384072    0    0     0    72 3578 4510  6  0 94  0  0
 1  0      0 28833832 232040 31384124    0    0     0    12 3400 5159  7  0 93  0  0
 1  0      0 28833832 232040 31384124    0    0     0    76 3306 4316  6  0 94  0  0
 1  0      0 28833832 232040 31384132    0    0     0     0 3342 4329  6  0 94  0  0
 1  0      0 28833832 232040 31384136    0    0     0     0 3333 4294  6  0 94  0  0
 1  0      0 28833832 232040 31383932    0    0     0   268 3551 4439  6  0 94  0  0
 1  0      0 28833832 232048 31383932    0    0     0    32 3607 4363  6  0 94  0  0
 1  0      0 28833832 232048 31383940    0    0     0    72 3581 4425  6  0 94  0  0
procs -----------memory---------- ---swap-- -----io---- -system-- ------cpu-----
 r  b   swpd   free   buff  cache   si   so    bi    bo   in   cs us sy id wa st
 1  0      0 28833832 232048 31383944    0    0     0     0 3542 4329  6  0 94  0  0
 1  0      0 28833832 232048 31383948    0    0     0     0 3416 4674  7  0 93  0  0
 1  0      0 28833832 232056 31384016    0    0     0    32 3805 6370  6  0 94  0  0
 1  0      0 28833832 232064 31384056    0    0     0    32 3818 6316  7  0 93  0  0
 1  0      0 28833832 232064 31384060    0    0     0     0 3463 4924  6  0 94  0  0
 1  0      0 28833832 232064 31384064    0    0     0   140 3320 4419  6  0 94  0  0
 1  0      0 28833832 232064 31384072    0    0     0     0 3313 4845  6  0 94  0  0
