
OpenSBI v1.7
   ____                    _____ ____ _____
  / __ \                  / ____|  _ \_   _|
 | |  | |_ __   ___ _ __ | (___ | |_) || |
 | |  | | '_ \ / _ \ '_ \ \___ \|  _ < | |
 | |__| | |_) |  __/ | | |____) | |_) || |_
  \____/| .__/ \___|_| |_|_____/|____/_____|
        | |
        |_|

Platform Name               : riscv-virtio,qemu
Platform Features           : medeleg
Platform HART Count         : 8
Platform IPI Device         : aclint-mswi
Platform Timer Device       : aclint-mtimer @ 10000000Hz
Platform Console Device     : uart8250
Platform HSM Device         : ---
Platform PMU Device         : ---
Platform Reboot Device      : syscon-reboot
Platform Shutdown Device    : syscon-poweroff
Platform Suspend Device     : ---
Platform CPPC Device        : ---
Firmware Base               : 0x80000000
Firmware Size               : 403 KB
Firmware RW Offset          : 0x40000
Firmware RW Size            : 147 KB
Firmware Heap Offset        : 0x54000
Firmware Heap Size          : 67 KB (total), 4 KB (reserved), 12 KB (used), 50 KB (free)
Firmware Scratch Size       : 4096 B (total), 1400 B (used), 2696 B (free)
Runtime SBI Version         : 3.0
Standard SBI Extensions     : time,rfnc,ipi,base,hsm,srst,pmu,dbcn,fwft,legacy,dbtr,sse
Experimental SBI Extensions : none

Domain0 Name                : root
Domain0 Boot HART           : 6
Domain0 HARTs               : 0*,1*,2*,3*,4*,5*,6*,7*
Domain0 Region00            : 0x0000000000100000-0x0000000000100fff M: (I,R,W) S/U: (R,W)
Domain0 Region01            : 0x0000000010000000-0x0000000010000fff M: (I,R,W) S/U: (R,W)
Domain0 Region02            : 0x0000000002000000-0x000000000200ffff M: (I,R,W) S/U: ()
Domain0 Region03            : 0x0000000080000000-0x000000008003ffff M: (R,X) S/U: ()
Domain0 Region04            : 0x0000000080040000-0x000000008007ffff M: (R,W) S/U: ()
Domain0 Region05            : 0x000000000c400000-0x000000000c5fffff M: (I,R,W) S/U: (R,W)
Domain0 Region06            : 0x000000000c000000-0x000000000c3fffff M: (I,R,W) S/U: (R,W)
Domain0 Region07            : 0x0000000000000000-0xffffffffffffffff M: () S/U: (R,W,X)
Domain0 Next Address        : 0x0000000080200000
Domain0 Next Arg1           : 0x000000027fe00000
Domain0 Next Mode           : S-mode
Domain0 SysReset            : yes
Domain0 SysSuspend          : yes

Boot HART ID                : 6
Boot HART Domain            : root
Boot HART Priv Version      : v1.12
Boot HART Base ISA          : rv64imafdch
Boot HART ISA Extensions    : sstc,zicntr,zihpm,zicboz,zicbom,sdtrig,svadu
Boot HART PMP Count         : 16
Boot HART PMP Granularity   : 2 bits
Boot HART PMP Address Bits  : 54
Boot HART MHPM Info         : 16 (0x0007fff8)
Boot HART Debug Triggers    : 2 triggers
Boot HART MIDELEG           : 0x0000000000001666
Boot HART MEDELEG           : 0x0000000000f4b509
[DTB] raw ptr = 0x27fe00000
[DTB] Using low addr direct mapping
[DTB] ptr = 0x27fe00000
[DTB] magic = 0xd00dfeed (expected 0xD00DFEED)
[kernel] Hello, OS!
[kernel] Memory init
[VIRTIO] Probing..
[VIRTIO] mounting ext4..
[EXT4] mounted successfully
[kernel] Starting sched.
[harness] SCRIPT /glibc/buildstorm_testcode.sh
#### OS COMP TEST GROUP START buildstorm-glibc ####
rustc 1.98.0-nightly (57d06900f 2026-05-27)
cargo 1.98.0-nightly (fbb61be30 2026-05-26)
BUILDSTORM_TOOLCHAIN ok
BUILDSTORM_MINIBUILD ok
----- pre-build tg-xtask (untimed) -----
    Finished `dev` profile [unoptimized + debuginfo] target(s) in 18.05s
----- build arceos-helloworld (timed, arch=riscv64) -----
BUILDSTORM_BEGIN mode=multi
    Finished `dev` profile [unoptimized + debuginfo] target(s) in 23.26s
     Running `target/debug/tg-xtask arceos build -p arceos-helloworld --arch riscv64`
[2026-08-02T21:37:59Z INFO  axbuild::context] Workspace root: /work/tgoskits
Using build config: /work/tgoskits/tmp/axbuild/config/arceos-helloworld/build-riscv64gc-unknown-none-elf.toml
[2026-08-02T21:38:11Z INFO  axbuild::build::config_file] Found build config at /work/tgoskits/tmp/axbuild/config/arceos-helloworld/build-riscv64gc-unknown-none-elf.toml
Using build config: /work/tgoskits/tmp/axbuild/config/arceos-helloworld/build-riscv64gc-unknown-none-elf.toml
[2026-08-02T21:38:21Z INFO  axbuild::build::config_file] Found build config at /work/tgoskits/tmp/axbuild/config/arceos-helloworld/build-riscv64gc-unknown-none-elf.toml
[axbuild] cargo build package=arceos-helloworld target=scripts/targets/std/pie/riscv64gc-unknown-linux-musl.json config=/work/tgoskits/tmp/axbuild/config/arceos-helloworld/build-riscv64gc-unknown-none-elf.toml ...
sh -c /work/tgoskits/tmp/axbuild/std/prebuild/prebuild-riscv64gc-unknown-linux-musl-5d5e8c438d29430d.sh
AR_riscv64gc_unknown_linux_musl=riscv64-linux-musl-ar
AX_LOG=warn
AX_TARGET=riscv64gc-unknown-none-elf
CARGO_UNSTABLE_JSON_TARGET_SPEC=true
CC_riscv64gc_unknown_linux_musl=riscv64-linux-musl-cc
CFLAGS_riscv64gc_unknown_linux_musl=-march=rv64gc -mabi=lp64d -mcmodel=medany -fno-stack-protector
CXXFLAGS_riscv64gc_unknown_linux_musl=-march=rv64gc -mabi=lp64d -mcmodel=medany -fno-stack-protector
SMP=1
cargo build --config /work/tgoskits/tmp/axbuild/std/config-riscv64gc-unknown-linux-musl-dynamic.toml -p arceos-helloworld --target scripts/targets/std/pie/riscv64gc-unknown-linux-musl.json -Z unstable-options --target-dir /work/tgoskits/target --features arceos,ax-std/irq,ax-std/paging,ax-std/smp,ax-std/std-compat -Z json-target-spec --release --message-format json-render-diagnostics
   Compiling compiler_builtins v0.1.160 (/root/.rustup/toolchains/nightly-2026-05-28-riscv64gc-unknown-linux-gnu/lib/rustlib/src/rust/library/compiler-builtins/compiler-builtins)
   Compiling core v0.0.0 (/root/.rustup/toolchains/nightly-2026-05-28-riscv64gc-unknown-linux-gnu/lib/rustlib/src/rust/library/core)
   Compiling libc v0.2.185
   Compiling std v0.0.0 (/root/.rustup/toolchains/nightly-2026-05-28-riscv64gc-unknown-linux-gnu/lib/rustlib/src/rust/library/std)
   Compiling thiserror v2.0.18
   Compiling heapless v0.9.3
   Compiling ax-errno v0.6.1 (/work/tgoskits/components/axerrno)
   Compiling num-traits v0.2.19
   Compiling ax-percpu v0.4.14 (/work/tgoskits/components/percpu/percpu)
   Compiling libc v0.2.186
   Compiling radium v0.7.0
   Compiling rust_decimal v1.42.1
   Compiling anyhow v1.0.103
   Compiling ax-alloc v0.8.12 (/work/tgoskits/os/arceos/modules/axalloc)
   Compiling someboot v0.3.5 (/work/tgoskits/platforms/someboot)
   Compiling somehal v0.8.0 (/work/tgoskits/platforms/somehal)
   Compiling ax-driver v0.12.0 (/work/tgoskits/drivers/ax-driver)
   Compiling axplat-dyn v0.7.12 (/work/tgoskits/platforms/axplat-dyn)
   Compiling ax-hal v0.5.28 (/work/tgoskits/os/arceos/modules/axhal)
   Compiling ax-task v0.6.4 (/work/tgoskits/os/arceos/modules/axtask)
   Compiling ax-runtime v0.10.4 (/work/tgoskits/os/arceos/modules/axruntime)
   Compiling scope-local v0.4.2 (/work/tgoskits/components/scope-local)
   Compiling ax-posix-api v0.5.29 (/work/tgoskits/os/arceos/api/arceos_posix_api)
