procs -----------memory---------- ---swap-- -----io---- -system-- ------cpu-----
 r  b   swpd   free   buff  cache   si   so    bi    bo   in   cs us sy id wa st
 3  0      0 31794308 220564 30870928    0    0    66     4  145  140  6  0 94  0  0
 1  0      0 31769796 220564 30870944    0    0     0     0 3923 5124  7  0 93  0  0
 1  0      0 31763180 220572 30870968    0    0     0    16 3781 4605  6  0 94  0  0
 1  0      0 31754232 220580 30870964    0    0     0    76 3788 4620  6  0 94  0  0
 1  0      0 31749884 220580 30870980    0    0     0     0 3792 4536  6  0 94  0  0
 1  0      0 31749632 220580 30870980    0    0     0     0 3760 4880  6  0 94  0  0
 1  0      0 31743772 220580 30870988    0    0     0     0 3903 5629  6  0 94  0  0
 1  0      0 31742764 220580 30870992    0    0     0     0 3989 5713  6  0 94  0  0
 1  0      0 31741756 220592 30871024    0    0     0   124 4167 6032  7  0 93  0  0
 1  0      0 31732808 220592 30871028    0    0     0     0 4031 4763  6  0 94  0  0
 1  0      0 31690084 220592 30871036    0    0     0     8 3944 4643  6  0 94  0  0
 1  0      0 31447664 220592 30871036    0    0     0     0 3926 22270  6  0 94  0  0
 1  0      0 31447664 220600 30871044    0    0     0    28 4058 24770  6  0 93  0  0
 1  0      0 31391644 220608 30871040    0    0     0    44 3955 11021  7  0 93  0  0
 1  0      0 31391392 220608 30871056    0    0     0    48 4092 6423  6  0 94  0  0
 1  0      0 31370220 220608 30871064    0    0     0     0 3894 6796  6  0 93  0  0
 1  0      0 31370220 220608 30871068    0    0     0     0 3967 6572  6  0 94  0  0
 2  0      0 31361272 220608 30871092    0    0     0     0 4013 6853  8  0 92  0  0
 1  0      0 31350308 220616 30871184    0    0     0    28 5550 59131 11  1 88  0  0
 1  0      0 31341360 220616 30871200    0    0     0     0 3747 4421  6  0 94  0  0
 1  0      0 31334492 220616 30871204    0    0     0   120 3965 4732  7  0 93  0  0
procs -----------memory---------- ---swap-- -----io---- -system-- ------cpu-----
 r  b   swpd   free   buff  cache   si   so    bi    bo   in   cs us sy id wa st
 2  0      0 31329892 220624 30871200    0    0     0    28 4061 4919  8  0 92  0  0
 1  0      0 31306136 220624 30871220    0    0     0  1092 4066 5041  9  0 91  0  0
 1  0      0 31301788 220632 30871220    0    0     0    28 3757 4560  6  0 94  0  0
 1  0      0 31301536 220632 30871228    0    0     0    12 3943 5443  9  0 91  0  0
 2  0      0 31290320 220632 30871236    0    0     0    40 3872 5795  9  0 91  0  0
 1  0      0 31275512 220632 30871240    0    0     0     0 3873 4811  8  0 92  0  0
 2  0      0 31221508 220632 30871244    0    0     0     0 4109 16771 10  0 90  0  0
 1  0      0 31204368 220648 30871268    0    0     0    80 5167 69384 10  1 90  0  0
 2  0      0 31198004 220648 30871284    0    0     0     0 3871 5147  8  0 92  0  0
 2  0      0 31192648 220648 30871284    0    0     0     0 3962 4990  9  0 91  0  0
 1  0      0 31169144 220648 30871308    0    0     0    72 3994 5330  7  0 93  0  0
 1  0      0 31157928 220648 30871316    0    0     0     0 3862 4586  6  0 94  0  0
 1  0      0 31153328 220656 30871308    0    0     0    36 3838 4659  7  0 93  0  0
 1  0      0 31148980 220664 30871324    0    0     0    56 3957 4921 12  0 88  0  0
 1  0      0 31133416 220664 30871328    0    0     0     0 3715 4541  6  0 94  0  0
 1  0      0 31128816 220664 30871332    0    0     0     0 3816 5022  7  0 93  0  0
 1  0      0 31118356 220664 30871336    0    0     0    44 3894 5650 11  0 89  0  0
 1  0      0 31098192 220672 30871364    0    0     0    32 3823 6800  7  0 93  0  0
 1  0      0 31097940 220672 30871376    0    0     0     0 3612 4565  6  0 94  0  0
 1  0      0 31093340 220672 30871380    0    0     0     0 3587 4815  8  0 92  0  0
 1  0      0 31086472 220672 30871384    0    0     0     0 3619 4863  8  0 92  0  0
procs -----------memory---------- ---swap-- -----io---- -system-- ------cpu-----
 r  b   swpd   free   buff  cache   si   so    bi    bo   in   cs us sy id wa st
 1  0      0 31081620 220672 30871392    0    0     0     0 3672 4665  6  0 94  0  0
 1  0      0 31081620 220680 30871388    0    0     0   112 3777 4608  6  0 94  0  0
 1  0      0 31072672 220680 30871404    0    0     0    20 3834 4575  6  0 94  0  0
 1  0      0 31072672 220680 30871408    0    0     0     0 3660 8710  7  0 93  0  0
 1  0      0 31060952 220680 30871476    0    0     0     0 3654 9007  7  0 93  0  0
 1  0      0 31060952 220680 30871504    0    0     0     0 3576 5101  6  0 94  0  0
 1  0      0 31056856 220688 30872060    0    0     0    16 3908 28328  7  1 92  0  0
 1  0      0 31056856 220688 30872352    0    0     0    80 3908 36695  7  0 93  0  0
 6  0      0 31039968 220688 30872600    0    0     0     0 10701 25786 20  5 75  0  0
 4  0      0 30998504 220696 30872608    0    0     0    36 103805 303212 30 10 60  0  0
 7  0      0 30960960 220696 30872612    0    0     0     0 73909 237010 34  7 59  0  0
 7  0      0 30937708 220704 30872608    0    0     0    36 36408 96982 34  5 61  0  0
 8  0      0 30923656 220704 30872620    0    0     0    20 102712 346327 32 13 55  0  0
 6  0      0 30918048 220704 30872628    0    0     0    48 88991 276648 34  9 57  0  0
 7  0      0 30913952 220712 30872632    0    0     0  1260 132817 455879 29 14 57  0  0
 5  0      0 30909352 220712 30872724    0    0     0     0 7627 19366 24  4 72  0  0
 2  0      0 30870004 220720 30872728    0    0     0    48 21114 93342 23  5 72  0  0
 2  0      0 30849272 220720 30872780    0    0     0     0 3894 5441 13  0 87  0  0
 2  0      0 30841080 220720 30872780    0    0     0    72 3770 5126 13  0 87  0  0
 2  0      0 30750464 220728 30872780    0    0     0    28 4099 8587 13  0 87  0  0
 2  0      0 30691860 220728 30872816    0    0     0     0 4142 6689 13  0 87  0  0
procs -----------memory---------- ---swap-- -----io---- -system-- ------cpu-----
 r  b   swpd   free   buff  cache   si   so    bi    bo   in   cs us sy id wa st
 2  0      0 30656572 220736 30872812    0    0     0    36 4136 6155 13  0 87  0  0
 2  0      0 30634204 220736 30872828    0    0     0    20 4128 5504 13  0 87  0  0
 2  0      0 30610544 220736 30872832    0    0     0     0 4116 5643 13  0 87  0  0
 2  0      0 30595748 220736 30872840    0    0     0   108 4011 4352 13  0 87  0  0
 2  0      0 30578860 220744 30872836    0    0     0    20 3509 3854 13  0 87  0  0
 2  0      0 30557624 220752 30872872    0    0     0    32 3815 4750 13  0 87  0  0
 2  0      0 30506960 220752 30872884    0    0     0     0 3779 4282 13  0 87  0  0
 2  0      0 30499840 220752 30872896    0    0     0     0 3934 4309 13  0 87  0  0
 1  0      0 30498580 220752 30872900    0    0     0     0 3831 5849  9  0 91  0  0
 1  0      0 30498580 220752 30872936    0    0     0    76 3755 4560  6  0 94  0  0
 1  0      0 30498580 220760 30872932    0    0     0    36 3682 4405  6  0 94  0  0
 1  0      0 30498580 220768 30872940    0    0     0    56 3774 4382  6  0 94  0  0
 1  0      0 30500692 220768 30872948    0    0     0     0 3789 4309  6  0 94  0  0
 1  0      0 30496596 220768 30872956    0    0     0     0 3729 4335  6  0 93  0  0
 1  0      0 30487928 220768 30872984    0    0     0     0 3760 4633  6  0 94  0  0
 1  0      0 30479484 220776 30873020    0    0     0    76 3945 5382  7  0 93  0  0
 1  0      0 30471292 220776 30873024    0    0     0     0 3788 4333  6  0 94  0  0
 1  0      0 30463100 220784 30873028    0    0     0    24 3878 4505  6  0 94  0  0
 1  0      0 30454908 220784 30873036    0    0     0     0 3805 4473  6  0 94  0  0
 1  0      0 30441360 220784 30873040    0    0     0     0 3853 4616  6  0 94  0  0
 1  0      0 30438840 220792 30873036    0    0     0   132 3874 4719  6  0 94  0  0
procs -----------memory---------- ---swap-- -----io---- -system-- ------cpu-----
 r  b   swpd   free   buff  cache   si   so    bi    bo   in   cs us sy id wa st
 1  0      0 30434492 220792 30873048    0    0     0     0 3853 4735  6  0 93  0  0
 1  0      0 30430396 220792 30873056    0    0     0     0 3854 4850  6  0 94  0  0
 1  0      0 30409916 220792 30873060    0    0     0     0 3887 4766  6  0 94  0  0
 1  0      0 30409916 220792 30873068    0    0     0   184 4000 4855  6  0 94  0  0
 1  0      0 30409916 220800 30873096    0    0     0    16 4102 5261  7  0 93  0  0
 1  0      0 30368148 220800 30873112    0    0     0    84 4055 4571  6  0 94  0  0
 1  0      0 30363820 220800 30873112    0    0     0     0 4037 4865  6  0 94  0  0
 1  0      0 30363568 220800 30873120    0    0     0     0 4016 4661  7  0 93  0  0
 1  0      0 30353108 220808 30873148    0    0     0    64 3929 4660  6  0 94  0  0
 1  0      0 30353108 220816 30873148    0    0     0    36 3974 4411  6  0 94  0  0
 1  0      0 30353108 220816 30873164    0    0     0     0 4004 4376  6  0 94  0  0
 1  0      0 30349012 220816 30873168    0    0     0    64 4030 4375  6  0 94  0  0
 1  0      0 30340820 220816 30873176    0    0     0     0 3981 4401  6  0 94  0  0
 1  0      0 30336724 220816 30873180    0    0     0     0 3895 5245  6  0 94  0  0
 1  0      0 30328532 220832 30873208    0    0     0    56 3949 5876  7  0 93  0  0
 1  0      0 30324436 220832 30873220    0    0     0     0 3674 4373  6  0 94  0  0
 1  0      0 30316244 220832 30873228    0    0     0     0 3702 4383  6  0 94  0  0
 1  0      0 30308052 220832 30873232    0    0     0    80 3849 4412  6  0 94  0  0
 1  0      0 30303956 220832 30873236    0    0     0     0 3726 4402  6  0 94  0  0
 1  0      0 30291416 220840 30873236    0    0     0    36 3717 4380  6  0 94  0  0
 1  0      0 30287320 220840 30873252    0    0     0     0 3805 4371  6  0 94  0  0
procs -----------memory---------- ---swap-- -----io---- -system-- ------cpu-----
 r  b   swpd   free   buff  cache   si   so    bi    bo   in   cs us sy id wa st
 1  0      0 30283224 220848 30873244    0    0     0    12 3764 4825  6  0 94  0  0
 1  0      0 30279128 220848 30873280    0    0     0     0 3834 5304  7  0 93  0  0
 1  0      0 30266840 220848 30873284    0    0     0   104 3819 5326  6  0 94  0  0
 1  0      0 30252032 220856 30873316    0    0     0    36 3801 5435  7  0 93  0  0
 1  0      0 30247180 220856 30873328    0    0     0     0 3913 4465  7  0 93  0  0
 1  0      0 30246928 220856 30873332    0    0     0     0 3805 4333  6  0 94  0  0
 1  0      0 30245164 220856 30873340    0    0     0     0 3770 4328  6  0 94  0  0
 1  0      0 30244912 220864 30873348    0    0     0    20 4037 4648  6  0 94  0  0
 1  0      0 30236720 220872 30873344    0    0     0   116 3985 4660  6  0 94  0  0
 1  0      0 30232372 220872 30873360    0    0     0     0 3834 4513  6  0 94  0  0
 1  0      0 30232372 220872 30873364    0    0     0     0 3788 4351  6  0 94  0  0
 1  0      0 30232372 220872 30873368    0    0     0     0 3812 4599  6  0 94  0  0
 1  0      0 30232372 220872 30873372    0    0     0     0 4108 4539  6  0 94  0  0
 1  0      0 30232148 220880 30873368    0    0     0    16 3957 5106  7  0 93  0  0
 1  0      0 30228052 220880 30873416    0    0     0    20 3783 4370  6  0 94  0  0
 1  0      0 30228052 220880 30873416    0    0     0     0 3885 4410  6  0 94  0  0
 1  0      0 30228052 220880 30873424    0    0     0     0 3957 4641  6  0 94  0  0
 1  0      0 30227828 220880 30873448    0    0     0     0 3875 5448  6  0 94  0  0
 1  0      0 30227828 220888 30873448    0    0     0    16 3742 4159  6  0 94  0  0
 1  0      0 30227828 220888 30873460    0    0     0   100 3964 4268  6  0 94  0  0
 1  0      0 30227072 220888 30873464    0    0     0     0 3953 4455  6  0 94  0  0
procs -----------memory---------- ---swap-- -----io---- -system-- ------cpu-----
 r  b   swpd   free   buff  cache   si   so    bi    bo   in   cs us sy id wa st
 1  0      0 30226316 220888 30873472    0    0     0     0 3891 4445  6  0 94  0  0
 1  0      0 30226064 220896 30873468    0    0     0    12 3763 4489  6  0 94  0  0
 1  0      0 30226064 220904 30873504    0    0     0    60 3804 5532  7  0 93  0  0
 1  0      0 30226064 220904 30873516    0    0     0     0 3657 4503  6  0 94  0  0
 1  0      0 30221968 220904 30873524    0    0     0    80 3655 4543  6  0 94  0  0
 1  0      0 30221968 220904 30873528    0    0     0     0 3632 4553  6  0 94  0  0
 1  0      0 30217872 220904 30873536    0    0     0     0 3712 4647  6  0 94  0  0
 1  0      0 30217872 220912 30873540    0    0     0    40 3703 4843  6  0 94  0  0
 1  0      0 30217872 220912 30873552    0    0     0     0 3517 4834  6  0 94  0  0
 1  0      0 30217872 220912 30873552    0    0     0     0 3554 4413  6  0 94  0  0
 1  0      0 30217872 220912 30873560    0    0     0    44 3640 4534  6  0 94  0  0
 1  0      0 30205584 220912 30873584    0    0     0     0 3607 4404  6  0 94  0  0
 1  0      0 30205584 220920 30873580    0    0     0    32 3796 5414  7  0 93  0  0
 1  0      0 30205584 220920 30873624    0    0     0     0 3734 4565  6  0 94  0  0
 1  0      0 30205584 220920 30873632    0    0     0     0 3739 4686  6  0 94  0  0
 1  0      0 30205584 220920 30873640    0    0     0     0 3788 4581  6  0 94  0  0
 1  0      0 30201488 220928 30873644    0    0     0    92 3659 4724  6  0 94  0  0
 1  0      0 30201488 220936 30873644    0    0     0    36 3677 4585  6  0 94  0  0
 1  0      0 30197392 220936 30873652    0    0     0     0 3666 4627  6  0 94  0  0
 1  0      0 30197392 220936 30873664    0    0     0     0 3660 4495  6  0 94  0  0
 1  0      0 30197392 220936 30873664    0    0     0     0 3807 4507  6  0 94  0  0
procs -----------memory---------- ---swap-- -----io---- -system-- ------cpu-----
 r  b   swpd   free   buff  cache   si   so    bi    bo   in   cs us sy id wa st
 1  0      0 30197392 220936 30873668    0    0     0    40 3637 4577  6  0 94  0  0
 1  0      0 30193296 220944 30873696    0    0     0    32 3753 5392  7  0 93  0  0
 1  0      0 30193296 220944 30873712    0    0     0     0 3695 4478  6  0 94  0  0
 1  0      0 30193296 220944 30873712    0    0     0     0 3778 4415  6  0 94  0  0
 1  0      0 30193296 220944 30873720    0    0     0     0 3845 4491  6  0 94  0  0
 1  0      0 30193296 220944 30873744    0    0     0     0 3837 4523  6  0 94  0  0
 1  0      0 30193296 220952 30873748    0    0     0   172 3781 4466  6  0 94  0  0
 1  0      0 30189200 220952 30873752    0    0     0    20 3847 4449  6  0 94  0  0
 1  0      0 30189200 220952 30873760    0    0     0     0 3778 4399  6  0 94  0  0
 1  0      0 30189200 220952 30873768    0    0     0     0 3764 4472  6  0 94  0  0
 1  0      0 30185104 220960 30873760    0    0     0    20 3658 4406  6  0 94  0  0
 1  0      0 30185104 220968 30873772    0    0     0    96 3774 5726  7  0 93  0  0
 1  0      0 30184852 220968 30873816    0    0     0     0 3733 4624  6  0 94  0  0
 1  0      0 30180756 220968 30873824    0    0     0     0 3743 4581  6  0 94  0  0
 1  0      0 30180252 220968 30873828    0    0     0     0 3758 4574  6  0 94  0  0
 1  0      0 30180252 220968 30873836    0    0     0     0 3741 4605  6  0 94  0  0
 1  0      0 30176156 220976 30873836    0    0     0    36 3703 4483  6  0 94  0  0
 1  0      0 30176156 220976 30873844    0    0     0    36 3834 4603  6  0 94  0  0
 1  0      0 30176156 220984 30873848    0    0     0    12 3790 4488  6  0 94  0  0
 1  0      0 30176156 220984 30873448    0    0     0   256 3867 4570  6  0 94  0  0
 1  0      0 30172060 220984 30873648    0    0     0     0 3788 4536  6  0 94  0  0
procs -----------memory---------- ---swap-- -----io---- -system-- ------cpu-----
 r  b   swpd   free   buff  cache   si   so    bi    bo   in   cs us sy id wa st
 1  0      0 30172060 220992 30873648    0    0     0    40 3718 5335  7  0 93  0  0
 1  0      0 30171808 220992 30873692    0    0     0     0 3713 4518  6  0 94  0  0
 1  0      0 30167712 220992 30873700    0    0     0     0 3765 4558  6  0 94  0  0
 1  0      0 30167712 220992 30873708    0    0     0     8 3755 4613  6  0 94  0  0
 1  0      0 30163616 221000 30873712    0    0     0    48 3780 4624  6  0 94  0  0
 1  0      0 30163616 221008 30873716    0    0     0    56 3709 4498  6  0 94  0  0
 1  0      0 30159520 221008 30873720    0    0     0     0 3787 4572  6  0 94  0  0
 1  0      0 30159520 221008 30873728    0    0     0     0 3705 4422  6  0 94  0  0
 1  0      0 30159520 221008 30873732    0    0     0     0 3685 4408  6  0 94  0  0
 1  0      0 30159520 221008 30873740    0    0     0     0 3610 4357  6  0 94  0  0
 1  0      0 30147232 221016 30873736    0    0     0    16 3695 5373  7  0 93  0  0
 1  0      0 30147232 221016 30873780    0    0     0     0 3650 4508  6  0 94  0  0
 1  0      0 30147232 221016 30873784    0    0     0   160 3725 4555  6  0 94  0  0
 1  0      0 30147232 221016 30873792    0    0     0     0 3824 4574  6  0 94  0  0
 1  0      0 30147232 221016 30873812    0    0     0     0 3675 4551  6  0 94  0  0
 1  0      0 30146980 221024 30873820    0    0     0    36 3480 4432  6  0 94  0  0
 1  0      0 30146980 221024 30873824    0    0     0     0 3573 5246  6  0 94  0  0
 1  0      0 30146728 221024 30873828    0    0     0     0 3676 5343  6  0 94  0  0
 1  0      0 30146728 221024 30873836    0    0     0    44 3590 4273  6  0 94  0  0
 1  0      0 30146728 221032 30873840    0    0     0    12 3716 4270  6  0 94  0  0
 1  0      0 30142632 221040 30873836    0    0     0    32 3844 5265  7  0 93  0  0
procs -----------memory---------- ---swap-- -----io---- -system-- ------cpu-----
 r  b   swpd   free   buff  cache   si   so    bi    bo   in   cs us sy id wa st
 1  0      0 30140616 221040 30873880    0    0     0    20 3671 4382  6  0 94  0  0
 1  0      0 30136268 221040 30873888    0    0     0     0 3692 4334  6  0 94  0  0
 1  0      0 30136268 221040 30873892    0    0     0     0 3736 4474  6  0 94  0  0
 1  0      0 30136268 221040 30873896    0    0     0    76 3754 4503  6  0 94  0  0
 1  0      0 30136268 221048 30873892    0    0     0    36 3810 4553  6  0 93  0  0
 1  0      0 30136268 221048 30873912    0    0     0     0 3762 4476  6  0 94  0  0
 1  0      0 30136268 221048 30873912    0    0     0     0 3444 4485  6  0 94  0  0
 1  0      0 30136268 221048 30873920    0    0     0     0 3753 4581  6  0 93  0  0
 1  0      0 30136016 221048 30873944    0    0     0     0 3720 4508  6  0 94  0  0
 1  0      0 30131920 221056 30873940    0    0     0    72 3805 5426  7  0 93  0  0
 1  0      0 30131920 221056 30873984    0    0     0    44 3855 4540  6  0 94  0  0
 1  0      0 30131920 221056 30873992    0    0     0     0 3886 4576  6  0 94  0  0
 1  0      0 30127824 221056 30873992    0    0     0     0 3866 4543  6  0 94  0  0
 1  0      0 30127824 221064 30873992    0    0     0    24 3923 4637  6  0 94  0  0
 1  0      0 30127824 221072 30874000    0    0     0   112 3843 4615  6  0 94  0  0
 1  0      0 30127824 221072 30874008    0    0     0     0 3884 4589  6  0 94  0  0
 1  0      0 30127824 221072 30874020    0    0     0     0 3807 4521  6  0 94  0  0
 1  0      0 30127572 221072 30874024    0    0     0     0 3826 4519  6  0 94  0  0
 1  0      0 30123476 221072 30874028    0    0     0     0 3765 4502  6  0 93  0  0
 1  0      0 30123476 221088 30874028    0    0     0    28 3791 5376  7  0 93  0  0
 2  0      0 30123476 221088 30874068    0    0     0    72 3802 4532  6  0 94  0  0
procs -----------memory---------- ---swap-- -----io---- -system-- ------cpu-----
 r  b   swpd   free   buff  cache   si   so    bi    bo   in   cs us sy id wa st
 1  0      0 30123476 221088 30874072    0    0     0     0 3809 4482  6  0 94  0  0
 1  0      0 30119380 221088 30874076    0    0     0     0 3869 4684  6  0 94  0  0
 1  0      0 30119380 221088 30874100    0    0     0     0 3705 4537  6  0 94  0  0
 1  0      0 30119380 221096 30874100    0    0     0    36 3694 4724  6  0 94  0  0
 1  0      0 30119380 221096 30874108    0    0     0     0 3852 4793  6  0 94  0  0
 1  0      0 30119380 221096 30874120    0    0     0    44 3930 5613  6  0 94  0  0
 1  0      0 30119380 221096 30874128    0    0     0     0 3836 4950  7  0 94  0  0
 1  0      0 30119380 221104 30874132    0    0     0    12 3731 4391  6  0 94  0  0
 1  0      0 30119380 221112 30874132    0    0     0    48 3911 5360  7  0 93  0  0
 1  0      0 30114780 221112 30874176    0    0     0     0 3962 4767  6  0 94  0  0
 1  0      0 30114276 221112 30874184    0    0     0     0 3695 4581  6  0 94  0  0
 1  0      0 30110180 221116 30874184    0    0     0    80 3711 4587  6  0 94  0  0
 1  0      0 30110180 221116 30874196    0    0     0     0 3678 4529  6  0 94  0  0
 1  0      0 30110180 221124 30874188    0    0     0    48 3889 4533  6  0 94  0  0
 1  0      0 30106084 221124 30874204    0    0     0   240 3978 4649  6  0 94  0  0
 1  0      0 30106084 221132 30874208    0    0     0    40 3880 4573  6  0 94  0  0
 1  0      0 30101988 221132 30874216    0    0     0     0 3913 4588  6  0 94  0  0
 1  0      0 30101988 221132 30874236    0    0     0    40 3747 4628  6  0 94  0  0
 1  0      0 30097892 221140 30874236    0    0     0    32 3801 5342  7  0 93  0  0
 1  0      0 30097892 221140 30874284    0    0     0     0 3712 4477  6  0 94  0  0
 1  0      0 30097892 221140 30874288    0    0     0     0 3813 4548  6  0 94  0  0
procs -----------memory---------- ---swap-- -----io---- -system-- ------cpu-----
 r  b   swpd   free   buff  cache   si   so    bi    bo   in   cs us sy id wa st
 1  0      0 30093796 221140 30874292    0    0     0     0 3829 4638  6  0 94  0  0
 1  0      0 30093796 221148 30874292    0    0     0    16 3659 4573  6  0 94  0  0
 1  0      0 30093796 221156 30874304    0    0     0   116 3820 4507  6  0 94  0  0
 1  0      0 30093796 221156 30874308    0    0     0     0 3758 4515  6  0 94  0  0
 1  0      0 30093796 221156 30874316    0    0     0     0 3732 4515  6  0 94  0  0
 1  0      0 30089700 221156 30874316    0    0     0     0 3786 4439  6  0 94  0  0
 1  0      0 30089700 221156 30874328    0    0     0     0 3766 4628  6  0 94  0  0
 1  0      0 30089700 221164 30874320    0    0     0    16 3802 5073  7  0 93  0  0
 1  0      0 30089700 221164 30874364    0    0     0    76 3722 4389  6  0 94  0  0
 1  0      0 30085604 221164 30874368    0    0     0     0 3719 4508  6  0 94  0  0
 1  0      0 30085604 221164 30874376    0    0     0     0 3791 4502  6  0 93  0  0
 1  0      0 30085604 221164 30874396    0    0     0     0 3870 4434  6  0 94  0  0
 1  0      0 30085604 221172 30874396    0    0     0    36 3979 4390  6  0 94  0  0
 1  0      0 30085604 221172 30874408    0    0     0    40 3947 4567  6  0 94  0  0
 1  0      0 30081508 221172 30874412    0    0     0    72 3741 4531  6  0 94  0  0
 1  0      0 30081508 221180 30874408    0    0     0    40 3930 5692  6  0 94  0  0
 1  0      0 30081508 221180 30874424    0    0     0     0 3657 5453  6  0 94  0  0
 1  0      0 30081508 221188 30874420    0    0     0    32 3771 5152  7  0 93  0  0
 1  0      0 30081508 221188 30874464    0    0     0     0 3915 4531  6  0 94  0  0
 1  0      0 30077412 221188 30874472    0    0     0    76 3905 4540  6  0 94  0  0
 1  0      0 30077412 221188 30874472    0    0     0     0 3854 4541  6  0 94  0  0
procs -----------memory---------- ---swap-- -----io---- -system-- ------cpu-----
 r  b   swpd   free   buff  cache   si   so    bi    bo   in   cs us sy id wa st
 1  0      0 30073316 221188 30874480    0    0     0     0 3799 4484  6  0 94  0  0
 1  0      0 30073316 221196 30874476    0    0     0    36 3770 4339  6  0 94  0  0
 1  0      0 30073316 221196 30874492    0    0     0     0 3654 4348  6  0 94  0  0
 1  0      0 30069220 221196 30874492    0    0     0    52 3602 4324  6  0 94  0  0
 1  0      0 30069220 221196 30874520    0    0     0     0 3750 4483  6  0 94  0  0
 1  0      0 30065124 221196 30874520    0    0     0     0 3784 4585  6  0 94  0  0
 1  0      0 30061028 221204 30874516    0    0     0    16 3732 5204  7  0 93  0  0
 1  0      0 30056428 221204 30874560    0    0     0    20 3708 4684  6  0 94  0  0
 1  0      0 30055420 221204 30874568    0    0     0     0 3718 4399  6  0 94  0  0
 2  0      0 30094408 221204 30874568    0    0     0    96 4188 5607  7  0 93  0  0
 1  0      0 30163272 221212 30874572    0    0     0    16 4236 4635  6  0 94  0  0
 1  0      0 30163272 221220 30874572    0    0     0    36 3445 4793  6  0 94  0  0
 1  0      0 30158736 221220 30874588    0    0     0     0 3759 5433  6  0 94  0  0
 1  0      0 30152624 221220 30874596    0    0     0     0 3737 5647  6  0 94  0  0
 1  0      0 30148528 221220 30874600    0    0     0     0 3527 4538  6  0 94  0  0
 1  0      0 30148528 221220 30874604    0    0     0    48 3618 4412  6  0 94  0  0
 1  0      0 30147268 221228 30874600    0    0     0    36 3805 5284  7  0 93  0  0
 1  0      0 30142920 221228 30874648    0    0     0     0 3791 4655  6  0 94  0  0
 1  0      0 30133972 221236 30874652    0    0     0    44 3669 4623  6  0 94  0  0
 1  0      0 30129876 221236 30874656    0    0     0     0 3484 4632  6  0 93  0  0
 1  0      0 30129876 221236 30874680    0    0     0     0 3654 4839  6  0 94  0  0
procs -----------memory---------- ---swap-- -----io---- -system-- ------cpu-----
 r  b   swpd   free   buff  cache   si   so    bi    bo   in   cs us sy id wa st
 1  0      0 30121684 221244 30874680    0    0     0   116 3769 4733  6  0 94  0  0
 1  0      0 30117588 221244 30874688    0    0     0     0 3728 5367  6  0 93  0  0
 1  0      0 30113492 221252 30874700    0    0     0    20 3563 5144  6  0 94  0  0
 1  0      0 30113492 221252 30874704    0    0     0     0 3438 4207  6  0 94  0  0
 1  0      0 30105300 221252 30874708    0    0     0     0 3655 4506  6  0 94  0  0
 1  0      0 30101204 221260 30874704    0    0     0    16 3639 5513  7  0 93  0  0
 1  0      0 30097108 221260 30874752    0    0     0    76 3698 4907  6  0 94  0  0
 1  0      0 30092760 221260 30874756    0    0     0     0 3790 5231  6  0 94  0  0
 1  0      0 30088664 221260 30874760    0    0     0     0 3671 5145  6  0 94  0  0
 1  0      0 30088664 221260 30874768    0    0     0     0 3448 4672  6  0 94  0  0
 1  0      0 30080472 221268 30874760    0    0     0    36 3750 5424  6  0 93  0  0
 1  0      0 30080472 221268 30874776    0    0     0     0 3776 6021  6  0 94  0  0
 1  0      0 30076376 221268 30874780    0    0     0    40 3651 4698  6  0 94  0  0
 1  0      0 30070328 221268 30885624    0    0     0     0 3899 32985  6  1 93  0  0
 1  0      0 30070076 221268 30885776    0    0     0    64 3709 5947  6  0 94  0  0
 1  0      0 30069572 221276 30886280    0    0     0    32 3763 7213  7  0 93  0  0
 1  0      0 30065224 221276 30886324    0    0     0     0 3676 5869  6  0 94  0  0
 1  0      0 30064468 221276 30886988    0    0     0     0 3624 6323  6  0 94  0  0
 1  0      0 30060120 221284 30887364    0    0     0   104 3624 6243  6  0 94  0  0
 1  0      0 30059868 221284 30887632    0    0     0    12 3658 5768  6  0 94  0  0
 1  0      0 30059364 221292 30888240    0    0     0    36 3439 5480  6  0 94  0  0
procs -----------memory---------- ---swap-- -----io---- -system-- ------cpu-----
 r  b   swpd   free   buff  cache   si   so    bi    bo   in   cs us sy id wa st
 1  0      0 30058860 221292 30888588    0    0     0    24 3591 5683  6  0 94  0  0
 1  0      0 30046320 221292 30888988    0    0     0     0 3685 5479  6  0 94  0  0
 1  0      0 30045312 221300 30889696    0    0     0    24 3762 7030  6  0 94  0  0
 1  0      0 30044808 221300 30890264    0    0     0    44 3682 7025  6  0 94  0  0
 1  0      0 30044556 221308 30890620    0    0     0    32 3834 6507  7  0 93  0  0
 1  0      0 30039704 221308 30891204    0    0     0     0 3713 6244  6  0 94  0  0
 1  0      0 30025968 221308 30892820    0    0     0     0 3783 12482  6  0 93  0  0
 1  0      0 30003724 221316 30896284    0    0     0    24 3968 15124  7  0 93  0  0
 1  0      0 29985072 221316 30898492    0    0     0     0 3762 12510  6  0 93  0  0
 1  0      0 29974360 221324 30901856    0    0     0   112 3778 17737  6  0 93  0  0
 1  0      0 29965792 221324 30910616    0    0     0     0 4123 32657  7  0 93  0  0
 1  0      0 29961508 221324 30914684    0    0     0     0 3732 19153  7  0 93  0  0
 2  0      0 29952624 221332 30918104    0    0     0    28 3693 16033  7  0 93  0  0
 9  0      0 29920112 221332 30918448    0    0     0     0 4642 4700 31  0 69  0  0
 8  0      0 29896672 221340 30918440    0    0     0    96 4558 4222 50  0 50  0  0
 8  0      0 29877304 221340 30918496    0    0     0     0 4668 3837 50  0 50  0  0
 7  0      0 29864072 221340 30918504    0    0     0     0 4514 3817 48  0 52  0  0
 8  0      0 29855920 221340 30918508    0    0     0     0 4010 3918 28  0 72  0  0
 8  0      0 29841868 221348 30918512    0    0     0    24 4518 4423 50  0 50  0  0
 8  0      0 29823972 221356 30918508    0    0     0    36 5071 5073 50  0 50  0  0
 8  0      0 29805068 221356 30918528    0    0     0    44 4395 3725 50  0 50  0  0
procs -----------memory---------- ---swap-- -----io---- -system-- ------cpu-----
 r  b   swpd   free   buff  cache   si   so    bi    bo   in   cs us sy id wa st
 8  0      0 29804564 221356 30918532    0    0     0     0 4498 4249 50  0 50  0  0
 8  0      0 29799964 221356 30918540    0    0     0 42388 4712 4572 50  0 49  0  0
 4  0      0 29795616 221356 30918564    0    0     0     0 4274 4640 41  0 59  0  0
 2  0      0 29791268 221372 30918592    0    0     0    64 3891 5530 15  0 85  0  0
 3  0      0 29685356 221372 30941728    0    0     0    80 4125 73709 12  1 87  0  0
 2  0      0 29667464 221372 30959972    0    0     0     0 4233 58937 12  1 87  0  0
 3  0      0 29618588 221372 31008396    0    0     0     0 4544 133159 13  1 87  0  0
 2  0      0 29618336 221372 31008404    0    0     0     0 3998 7155 13  0 87  0  0
 1  0      0 29617076 221380 31008396    0    0     0    36 3953 6166  9  0 90  0  0
 1  0      0 29617076 221380 31008416    0    0     0     0 3943 4756  6  0 94  0  0
 1  0      0 29616824 221388 31008416    0    0     0    64 3948 4683  6  0 94  0  0
 1  0      0 29616320 221388 31008424    0    0     0    20 3879 4706  6  0 94  0  0
 1  0      0 29616320 221388 31008428    0    0     0     0 3827 4586  6  0 94  0  0
 1  0      0 29616320 221396 31008424    0    0     0    32 3907 5455  7  0 93  0  0
 1  0      0 29616320 221396 31008472    0    0     0    24 3847 4645  6  0 94  0  0
 1  0      0 29616068 221396 31008472    0    0     0     0 3799 4595  6  0 94  0  0
 1  0      0 29616068 221404 31008476    0    0     0    96 3961 4521  6  0 94  0  0
 1  0      0 29615816 221404 31008508    0    0     0    72 3876 4401  6  0 94  0  0
 1  0      0 29615816 221412 31008508    0    0     0    36 3865 4341  6  0 94  0  0
 1  0      0 29615564 221412 31008516    0    0     0     0 3887 4481  6  0 94  0  0
 1  0      0 29615312 221412 31008528    0    0     0     0 3855 5095  6  0 94  0  0
procs -----------memory---------- ---swap-- -----io---- -system-- ------cpu-----
 r  b   swpd   free   buff  cache   si   so    bi    bo   in   cs us sy id wa st
 1  0      0 29615312 221412 31008528    0    0     0     0 3825 4521  6  0 94  0  0
 1  0      0 29615312 221420 31008536    0    0     0    92 3777 4304  6  0 94  0  0
 6  0      0 29615312 221428 31008528    0    0     0    32 6048 13365 16  1 83  0  0
 7  0      0 29614808 221428 31008580    0    0     0     0 5160 6661 28  1 72  0  0
 8  0      0 29613800 221428 31008580    0    0     0     0 4547 5814 49  0 51  0  0
 8  0      0 29613296 221428 31008588    0    0     0     0 4455 5803 50  0 50  0  0
 8  0      0 29613296 221428 31008592    0    0     0     0 72126 207985 43  6 51  0  0
 8  0      0 29613044 221444 31008604    0    0     0   128 4640 9813 48  0 51  0  0
 8  0      0 29612288 221444 31008608    0    0     0     0 4581 4319 50  0 50  0  0
 8  0      0 29594920 221444 31008608    0    0     0     0 4664 4288 50  0 50  0  0
 8  0      0 29587468 221472 31008184    0    0     0   312 7000 10470 51  1 48  0  0
 7  0      0 29585084 221472 31008456    0    0     0 87976 4906 4286 47  0 52  0  0
 7  0      0 29584832 221480 31008456    0    0     0    16 4525 6771 45  1 55  0  0
 4  0      0 29584328 221480 31008504    0    0     0    84 3986 6688 28  0 72  0  0
 4  0      0 29584328 221480 31008516    0    0     0     0 4110 4523 26  0 74  0  0
 4  0      0 29584076 221488 31008508    0    0     0   476 4277 3670 25  0 75  0  0
 3  0      0 29583584 221488 31008528    0    0     0     0 4199 3712 23  0 77  0  0
 3  0      0 29583584 221496 31008524    0    0     0    36 3990 3769 19  0 81  0  0
 4  0      0 29583584 221496 31008544    0    0     0     0 3982 3691 23  0 77  0  0
 4  0      0 29583584 221496 31008552    0    0     0    48 4182 3812 25  0 75  0  0
 3  0      0 29583584 221504 31008544    0    0     0    20 4303 3877 24  0 76  0  0
procs -----------memory---------- ---swap-- -----io---- -system-- ------cpu-----
 r  b   swpd   free   buff  cache   si   so    bi    bo   in   cs us sy id wa st
 3  0      0 29583584 221504 31008564    0    0     0     0 4133 3870 19  0 81  0  0
 3  0      0 29583584 221512 31008556    0    0     0    36 4198 4618 20  0 80  0  0
 2  0      0 29583332 221512 31008608    0    0     0     0 4068 6706 17  0 83  0  0
 2  0      0 29583332 221512 31008608    0    0     0     0 4065 4423 13  0 87  0  0
 2  0      0 29582080 221512 31008616    0    0     0   212 3905 4420 13  0 87  0  0
 2  0      0 29582080 221520 31008644    0    0     0    16 4006 4256 13  0 87  0  0
 3  0      0 29569792 221528 31008644    0    0     0    36 4073 7388 20  0 80  0  0
 2  0      0 29569792 221528 31008652    0    0     0    24 3925 5719 13  0 87  0  0
 1  0      0 29569792 221528 31008664    0    0     0     0 3649 6812  8  0 92  0  0
 1  0      0 29569792 221528 31008664    0    0     0     0 3607 4672  6  0 94  0  0
 1  0      0 29569792 221528 31008672    0    0     0    48 3646 4732  6  0 94  0  0
 1  0      0 29569792 221536 31008676    0    0     0    32 3745 5466  7  0 93  0  0
 1  0      0 29569792 221544 31008708    0    0     0    12 3670 4466  6  0 94  0  0
 1  0      0 29569540 221544 31008720    0    0     0     8 3598 4327  6  0 94  0  0
 1  0      0 29569540 221544 31008724    0    0     0     0 3619 4338  6  0 94  0  0
 1  0      0 29569540 221544 31008732    0    0     0    80 3617 4386  6  0 94  0  0
 1  0      0 29569540 221552 31008728    0    0     0    36 3625 4477  7  0 93  0  0
 1  0      0 29569540 221552 31008744    0    0     0     0 3627 4406  6  0 94  0  0
 1  0      0 29569540 221552 31008744    0    0     0     0 3608 4299  6  0 94  0  0
 1  0      0 29569540 221560 31008772    0    0     0    24 3544 4259  6  0 93  0  0
 1  0      0 29569540 221560 31008776    0    0     0     0 3507 4375  6  0 94  0  0
procs -----------memory---------- ---swap-- -----io---- -system-- ------cpu-----
 r  b   swpd   free   buff  cache   si   so    bi    bo   in   cs us sy id wa st
 1  0      0 29569540 221568 31008808    0    0     0   172 3639 5331  7  0 93  0  0
 1  0      0 29569540 221568 31008820    0    0     0     0 3609 4562  6  0 94  0  0
 1  0      0 29569540 221568 31008828    0    0     0    44 3493 4579  6  0 94  0  0
 1  0      0 29569540 221568 31008828    0    0     0     0 3512 4381  6  0 94  0  0
 1  0      0 29569540 221576 31008824    0    0     0    28 3577 4342  6  0 94  0  0
 1  0      0 29569540 221584 31008832    0    0     0   108 3539 4373  6  0 94  0  0
 1  0      0 29569540 221584 31008844    0    0     0     0 3636 4410  6  0 94  0  0
 1  0      0 29569540 221584 31008844    0    0     0     0 3760 4720  6  0 94  0  0
 1  0      0 29569540 221584 31008856    0    0     0     0 3940 4985  6  0 94  0  0
 1  0      0 29569540 221584 31008856    0    0     0     0 3695 4641  6  0 94  0  0
 1  0      0 29569540 221592 31008896    0    0     0    16 3774 5363  7  0 93  0  0
 1  0      0 29569540 221592 31008900    0    0     0     0 3742 4806  6  0 94  0  0
 1  0      0 29569540 221600 31008892    0    0     0    16 3691 4891  6  0 94  0  0
 1  0      0 29569292 221600 31008932    0    0     0     0 3684 4614  6  0 93  0  0
 1  0      0 29569292 221600 31008932    0    0     0    28 3688 4385  6  0 94  0  0
 1  0      0 29569040 221608 31008932    0    0     0    16 3636 4476  6  0 94  0  0
 1  0      0 29568788 221608 31008940    0    0     0     0 3659 5039  6  0 94  0  0
 1  0      0 29568788 221608 31008948    0    0     0     0 3827 5643  6  0 93  0  0
 1  0      0 29568788 221616 31008952    0    0     0    16 3859 4785  6  0 94  0  0
 1  0      0 29568788 221616 31008960    0    0     0     0 3791 4705  6  0 94  0  0
 1  0      0 29568788 221624 31008968    0    0     0    16 3937 5474  7  0 93  0  0
procs -----------memory---------- ---swap-- -----io---- -system-- ------cpu-----
 r  b   swpd   free   buff  cache   si   so    bi    bo   in   cs us sy id wa st
 1  0      0 29568788 221624 31009008    0    0     0    20 3926 4885  6  0 94  0  0
 1  0      0 29568788 221624 31009008    0    0     0     0 3939 4920  6  0 94  0  0
 1  0      0 29568788 221624 31009016    0    0     0     0 3988 4956  6  0 94  0  0
 1  0      0 29564692 221624 31009020    0    0     0     0 3925 4995  6  0 94  0  0
 8  0      0 29556248 221632 31009016    0    0     0    16 6384 12015 19  1 80  0  0
 5  0      0 29554736 221632 31009040    0    0     0     0 4690 5707 34  0 66  0  0
 4  0      0 29554484 221632 31009040    0    0     0     0 23450 64906 39  3 58  0  0
 5  0      0 29554484 221632 31009044    0    0     0     0 4252 7180 30  0 70  0  0
 5  0      0 29554484 221632 31009072    0    0     0     0 4060 4503 31  0 69  0  0
 3  0      0 29554232 221648 31009072    0    0     0    32 3940 5258 32  0 68  0  0
 3  0      0 29554232 221648 31009116    0    0     0     0 3565 4547 19  0 81  0  0
 2  0      0 29549884 221648 31009120    0    0     0     0 3647 7054 16  0 84  0  0
 2  0      0 29549884 221648 31009128    0    0     0     4 3728 4165 13  0 87  0  0
 2  0      0 29549884 221648 31009132    0    0     0     0 3676 4215 13  0 87  0  0
 2  0      0 29549884 221656 31009128    0    0     0    16 3760 4241 13  0 87  0  0
 2  0      0 29549884 221664 31009144    0    0     0   180 3809 4273 13  0 87  0  0
 2  0      0 29549632 221664 31009148    0    0     0     4 3777 4198 13  0 87  0  0
 2  0      0 29549632 221664 31009156    0    0     0     0 3778 4264 13  0 87  0  0
 2  0      0 29549632 221664 31009156    0    0     0     0 3769 6367 13  0 87  0  0
 1  0      0 29549632 221672 31009160    0    0     0    36 3602 6326  7  0 92  0  0
 1  0      0 29549380 221672 31009204    0    0     0   136 3587 4463  6  0 94  0  0
procs -----------memory---------- ---swap-- -----io---- -system-- ------cpu-----
 r  b   swpd   free   buff  cache   si   so    bi    bo   in   cs us sy id wa st
 1  0      0 29549380 221680 31009200    0    0     0    16 3605 4689  6  0 94  0  0
 1  0      0 29549128 221680 31009300    0    0     0    84 3599 4764  7  0 93  0  0
 3  0      0 29549128 221680 31009304    0    0     0     0 3721 7734 13  0 87  0  0
 1  0      0 29549128 221688 31009304    0    0     0    28 3765 4913  7  0 93  0  0
 1  0      0 29549128 221688 31009320    0    0     0     0 3649 4800  6  0 94  0  0
 1  0      0 29549128 221688 31009324    0    0     0     0 3662 4746  6  0 94  0  0
 1  0      0 29549128 221696 31009320    0    0     0    92 3642 4873  6  0 94  0  0
 1  0      0 29549128 221696 31009336    0    0     0     0 3699 4675  6  0 94  0  0
 1  0      0 29549128 221704 31009332    0    0     0    16 3706 5529  7  0 93  0  0
 1  0      0 29549128 221704 31009380    0    0     0     0 3610 4513  6  0 94  0  0
 1  0      0 29549128 221704 31009384    0    0     0     0 3629 4489  7  0 94  0  0
 1  0      0 29548876 221704 31009392    0    0     0     0 3600 4468  6  0 94  0  0
 1  0      0 29548876 221712 31009392    0    0     0    12 3584 4609  6  0 94  0  0
 1  0      0 29548876 221720 31009400    0    0     0    16 3471 4340  6  0 94  0  0
 1  0      0 29548876 221720 31009408    0    0     0    24 3467 4186  6  0 94  0  0
 1  0      0 29548876 221720 31009412    0    0     0     0 3590 4262  6  0 94  0  0
 2  0      0 29548876 221720 31009416    0    0     0     0 3562 4422  6  0 93  0  0
 1  0      0 29548876 221720 31009444    0    0     0     0 3543 4430  6  0 94  0  0
 1  0      0 29548876 221736 31009432    0    0     0    32 3660 5377  7  0 93  0  0
 1  0      0 29548876 221736 31009488    0    0     0     0 3495 4351  6  0 94  0  0
 1  0      0 29548876 221736 31009488    0    0     0     0 3587 4343  6  0 94  0  0
procs -----------memory---------- ---swap-- -----io---- -system-- ------cpu-----
 r  b   swpd   free   buff  cache   si   so    bi    bo   in   cs us sy id wa st
 1  0      0 29548876 221736 31009492    0    0     0     0 3535 4472  7  0 93  0  0
 1  0      0 29548876 221736 31009572    0    0     0     0 3600 5050  6  0 94  0  0
 1  0      0 29548876 221744 31009568    0    0     0    16 3571 4547  6  0 94  0  0
 1  0      0 29548876 221744 31009580    0    0     0     0 3674 5109  6  0 94  0  0
 1  0      0 29548876 221744 31009584    0    0     0   172 3767 5754  6  0 94  0  0
 1  0      0 29548876 221744 31009592    0    0     0     0 3675 4429  6  0 94  0  0
 1  0      0 29548624 221744 31009596    0    0     0     4 3788 4705  6  0 94  0  0
 1  0      0 29548372 221752 31009624    0    0     0    36 3572 5373  7  0 93  0  0
 1  0      0 29548372 221752 31009636    0    0     0     0 3687 4697  6  0 94  0  0
 1  0      0 29548372 221752 31009644    0    0     0     0 3720 4745  6  0 94  0  0
 1  0      0 29548372 221760 31009640    0    0     0    16 3881 4943  6  0 94  0  0
 1  0      0 29548372 221760 31009676    0    0     0    52 3709 4896  6  0 94  0  0
 1  0      0 29548372 221768 31009672    0    0     0    16 3639 5001  6  0 94  0  0
 1  0      0 29548372 221768 31009680    0    0     0     0 3525 5016  6  0 94  0  0
 1  0      0 29548372 221768 31009688    0    0     0   132 3427 4720  6  0 94  0  0
 1  0      0 29548372 221768 31009692    0    0     0     0 3528 4641  6  0 94  0  0
 1  0      0 29548372 221776 31009688    0    0     0    44 3498 4241  6  0 94  0  0
 1  0      0 29548372 221784 31009704    0    0     0    24 3637 5205  7  0 93  0  0
 1  0      0 29548372 221784 31009744    0    0     0     0 3598 4642  6  0 94  0  0
 1  0      0 29548372 221784 31009744    0    0     0   132 3644 4592  6  0 94  0  0
 1  0      0 29548120 221784 31009752    0    0     0     0 3598 4586  7  0 93  0  0
procs -----------memory---------- ---swap-- -----io---- -system-- ------cpu-----
 r  b   swpd   free   buff  cache   si   so    bi    bo   in   cs us sy id wa st
 1  0      0 29547868 221784 31009824    0    0     0     0 3389 4533  6  0 94  0  0
 1  0      0 29547868 221792 31009828    0    0     0    28 3566 5081  6  0 94  0  0
 1  0      0 29547868 221792 31009836    0    0     0     0 3447 4681  6  0 94  0  0
 1  0      0 29547868 221792 31009844    0    0     0   180 3553 5270  6  0 94  0  0
 1  0      0 29547868 221792 31009848    0    0     0     0 3437 4379  6  0 93  0  0
 1  0      0 29547868 221792 31009876    0    0     0    64 3582 4693  6  0 94  0  0
 1  0      0 29547868 221800 31009876    0    0     0    32 3751 5347  7  0 93  0  0
 1  0      0 29547868 221800 31009928    0    0     0    24 3703 4458  6  0 94  0  0
 1  0      0 29547868 221800 31009928    0    0     0     0 3499 4408  6  0 94  0  0
 1  0      0 29547868 221800 31009928    0    0     0    76 3616 4449  6  0 94  0  0
 1  0      0 29547868 221808 31009928    0    0     0    20 3646 4697  6  0 94  0  0
 1  0      0 29547616 221816 31009936    0    0     0    36 3651 4615  6  0 94  0  0
 1  0      0 29547616 221816 31009948    0    0     0     0 3722 4602  6  0 94  0  0
 1  0      0 29547616 221816 31009948    0    0     0     0 3636 4579  6  0 94  0  0
 1  0      0 29547616 221816 31009952    0    0     0     0 3683 4386  6  0 94  0  0
 1  0      0 29547616 221816 31009956    0    0     0    44 3557 4293  6  0 94  0  0
 1  0      0 29547616 221824 31009956    0    0     0    32 3786 5222  7  0 93  0  0
 1  0      0 29547616 221824 31009996    0    0     0     0 3742 4622  6  0 94  0  0
 1  0      0 29547616 221824 31010008    0    0     0     0 3733 4675  6  0 94  0  0
 1  0      0 29547124 221824 31010016    0    0     0     0 3775 4931  7  0 93  0  0
 1  0      0 29547124 221824 31010116    0    0     0     0 3658 4721  6  0 94  0  0
procs -----------memory---------- ---swap-- -----io---- -system-- ------cpu-----
 r  b   swpd   free   buff  cache   si   so    bi    bo   in   cs us sy id wa st
 1  0      0 29547124 221832 31010116    0    0     0   192 3589 4526  6  0 94  0  0
 1  0      0 29547124 221832 31010128    0    0     0     0 3483 4436  6  0 94  0  0
 1  0      0 29547124 221832 31010140    0    0     0     0 3591 4433  6  0 94  0  0
 1  0      0 29547124 221832 31010140    0    0     0     0 3652 4871  6  0 94  0  0
 1  0      0 29546872 221840 31010144    0    0     0    28 3703 4677  6  0 94  0  0
 2  0      0 29546872 221848 31010144    0    0     0    16 3711 5295  7  0 93  0  0
 1  0      0 29546872 221848 31010188    0    0     0    80 3690 4584  6  0 94  0  0
 1  0      0 29546872 221848 31010192    0    0     0     0 3686 5518  6  0 94  0  0
 1  0      0 29546872 221848 31010196    0    0     0     0 3678 5514  6  0 94  0  0
 1  0      0 29546872 221848 31010200    0    0     0     0 3523 4391  6  0 94  0  0
 1  0      0 29546872 221856 31010204    0    0     0    40 3513 4463  6  0 94  0  0
 1  0      0 29546872 221856 31010212    0    0     0     0 3553 4448  6  0 94  0  0
 1  0      0 29546872 221856 31010224    0    0     0    40 3643 4624  6  0 94  0  0
 1  0      0 29546872 221856 31010224    0    0     0     0 3731 4898  6  0 94  0  0
 1  0      0 29546872 221856 31010248    0    0     0     0 3704 4576  6  0 94  0  0
 1  0      0 29546872 221864 31010244    0    0     0    32 3815 5249  7  0 93  0  0
 1  0      0 29546620 221864 31010292    0    0     0     0 3789 4740  6  0 94  0  0
 1  0      0 29546620 221864 31010296    0    0     0    80 3634 4995  6  0 94  0  0
 1  0      0 29546620 221864 31010364    0    0     0     0 3544 5145  7  0 93  0  0
 1  0      0 29546620 221872 31010360    0    0     0    12 3721 6187  6  0 94  0  0
 4  0      0 29546620 221880 31010376    0    0     0    64 3856 5331 14  0 86  0  0
procs -----------memory---------- ---swap-- -----io---- -system-- ------cpu-----
 r  b   swpd   free   buff  cache   si   so    bi    bo   in   cs us sy id wa st
 8  0      0 29546620 221880 31010380    0    0     0    24 4123 3094 38  0 62  0  0
 8  0      0 29546620 221880 31010384    0    0     0     0 4425 3144 50  0 50  0  0
 8  0      0 29546620 221880 31010388    0    0     0   108 4400 3526 50  0 50  0  0
 8  0      0 29546620 221880 31010396    0    0     0     0 4420 3296 50  0 50  0  0
 8  0      0 29546620 221896 31010380    0    0     0    48 4452 3733 49  0 51  0  0
 5  0      0 29544100 221896 31010436    0    0     0     0 4435 4234 37  0 63  0  0
 2  0      0 29544100 221896 31010444    0    0     0     0 4023 4067 26  0 74  0  0
 8  0      0 29544100 221896 31010468    0    0     0    80 4386 3399 42  0 58  0  0
 8  0      0 29544100 221896 31010476    0    0     0     0 4458 3375 50  0 50  0  0
 8  0      0 29544100 221904 31010472    0    0     0   100 4400 3806 50  0 50  0  0
 8  0      0 29544100 221904 31010480    0    0     0     0 4419 3675 50  0 50  0  0
 8  0      0 29544100 221904 31010492    0    0     0     0 4413 3573 50  0 50  0  0
 8  0      0 29544100 221912 31010484    0    0     0    36 4408 3617 50  0 50  0  0
 8  0      0 29544100 221912 31010500    0    0     0    80 4442 3675 50  0 50  0  0
 8  0      0 29543848 221920 31010532    0    0     0    32 4497 3520 50  0 50  0  0
 8  0      0 29543600 221920 31010552    0    0     0     0 4405 4102 50  0 50  0  0
 4  0      0 29543348 221920 31010556    0    0     0     0 4385 3957 39  0 61  0  0
 4  0      0 29543348 221920 31010636    0    0     0     0 4041 3907 25  0 74  0  0
 3  0      0 29543348 221928 31010628    0    0     0   176 3839 3974 21  0 79  0  0
 7  0      0 29543348 221936 31010636    0    0     0    36 69509 198502 28  6 66  0  0
 8  0      0 29542844 221936 31010644    0    0     0     0 128097 455898 33 14 52  0  0
procs -----------memory---------- ---swap-- -----io---- -system-- ------cpu-----
 r  b   swpd   free   buff  cache   si   so    bi    bo   in   cs us sy id wa st
 7  0      0 29526460 221936 31010656    0    0     0     0 9732 45104 49  1 50  0  0
 8  0      0 29526208 221936 31010440    0    0     0   260 38170 179614 43  6 51  0  0
 8  0      0 29526208 221948 31010448    0    0     0    48 5578 15207 48  2 50  0  0
 8  0      0 29526208 221956 31010448    0    0     0    80 10754 87337 47  2 51  0  0
 8  0      0 29525956 221956 31010512    0    0     0     8 4919 12149 50  0 50  0  0
 8  0      0 29525704 221956 31010516    0    0     0     0 5137 11563 49  1 50  0  0
 8  0      0 29525704 221956 31010516    0    0     0     0 9141 25715 49  1 50  0  0
 8  0      0 29525212 221964 31010528    0    0     0    28 6544 16312 48  2 50  0  0
 8  0      0 29525212 221972 31010528    0    0     0   124 4568 6317 50  0 50  0  0
 7  0      0 29524456 221972 31010536    0    0     0     0 6673 23824 48  2 50  0  0
 8  0      0 29524204 221972 31010536    0    0     0     0 32700 134008 41  7 51  0  0
 8  0      0 29524204 221972 31010552    0    0     0     0 4552 5538 50  0 50  0  0
 8  0      0 29523952 221980 31010548    0    0     0    12 4665 8681 50  0 50  0  0
 8  0      0 29523700 221988 31010616    0    0     0    52 5343 15819 50  1 50  0  0
 8  0      0 29523448 221988 31010676    0    0     0    96 4683 9841 50  0 50  0  0
 8  0      0 29523448 221988 31010688    0    0     0     0 4565 4069 50  0 50  0  0
 8  0      0 29523448 221988 31010756    0    0     0     0 4754 9690 50  1 49  0  0
 8  0      0 29523196 221996 31010784    0    0     0    32 4854 12542 50  1 50  0  0
 8  0      0 29522944 222004 31010776    0    0     0    36 4734 10862 49  1 50  0  0
 8  0      0 29522944 222004 31010796    0    0     0   112 4542 4182 50  0 50  0  0
 8  0      0 29522944 222004 31010800    0    0     0     0 4841 15293 50  0 50  0  0
procs -----------memory---------- ---swap-- -----io---- -system-- ------cpu-----
 r  b   swpd   free   buff  cache   si   so    bi    bo   in   cs us sy id wa st
 8  0      0 29522440 222004 31010800    0    0     0     0 5262 12356 49  1 50  0  0
 8  0      0 29522440 222012 31010804    0    0     0    12 35415 137885 45  5 51  0  0
 8  0      0 29521936 222020 31010812    0    0     0  9888 6158 26495 50  1 50  0  0
 8  0      0 29521432 222020 31010868    0    0     0     0 4480 10164 50  0 50  0  0
 8  0      0 29520424 222020 31010872    0    0     0    92 4569 13836 49  1 50  0  0
 8  0      0 29520172 222020 31010880    0    0     0     0 4313 3779 50  0 50  0  0
 8  0      0 29520172 222028 31010876    0    0     0    16 4341 5419 50  0 50  0  0
 8  0      0 29520172 222036 31010884    0    0     0    36 4607 11538 50  0 50  0  0
 8  0      0 29520172 222036 31010892    0    0     0     0 4302 7456 49  1 50  0  0
 8  0      0 29519668 222036 31010900    0    0     0    44 4388 6860 50  0 50  0  0
 6  0      0 29519416 222036 31010928    0    0     0     0 37189 154927 44  6 51  0  0
 8  0      0 29519416 222036 31010928    0    0     0     0 15460 55147 48  2 50  0  0
 8  0      0 29519164 222052 31010924    0    0     0    48 8759 67008 48  1 50  0  0
 8  0      0 29518912 222052 31010992    0    0     0    44 4810 10645 49  1 50  0  0
 8  0      0 29514816 222052 31010996    0    0     0     0 41678 169634 43  6 51  0  0
 8  0      0 29514312 222052 31010996    0    0     0    92 4543 5750 50  1 49  0  0
 8  0      0 29514064 222052 31011076    0    0     0     0 4591 9075 50  1 50  0  0
 8  0      0 29509716 222068 31011080    0    0     0    60 4602 8056 50  0 50  0  0
 8  0      0 29509464 222068 31011088    0    0     0     0 4722 10289 50  0 50  0  0
 8  0      0 29509212 222068 31011092    0    0     0     0 4745 5687 49  1 50  0  0
 8  0      0 29509212 222068 31011104    0    0     0   116 4402 3430 50  0 50  0  0
procs -----------memory---------- ---swap-- -----io---- -system-- ------cpu-----
 r  b   swpd   free   buff  cache   si   so    bi    bo   in   cs us sy id wa st
 8  0      0 29509212 222068 31011112    0    0     0     0 4359 3008 50  0 50  0  0
 8  0      0 29509212 222084 31011100    0    0     0    48 4726 5763 50  0 50  0  0
 8  0      0 29508960 222084 31011172    0    0     0     0 4555 8869 50  0 50  0  0
 8  0      0 29508960 222084 31011180    0    0     0     0 4575 9546 50  0 50  0  0
 8  0      0 29508456 222084 31011184    0    0     0     0 4453 3551 50  0 50  0  0
 8  0      0 29508456 222084 31011212    0    0     0   104 4474 3616 50  0 50  0  0
 8  0      0 29507700 222092 31011208    0    0     0    56 4316 3273 50  0 50  0  0
 8  0      0 29507700 222100 31011228    0    0     0    40 4331 3141 50  0 50  0  0
 8  0      0 29507700 222100 31011228    0    0     0     4 4405 3826 50  0 50  0  0
 8  0      0 29507700 222100 31011228    0    0     0     0 4351 3624 50  0 50  0  0
 8  0      0 29507448 222100 31011240    0    0     0     0 4332 3940 50  0 50  0  0
 8  0      0 29507448 222108 31011236    0    0     0    72 4475 5326 50  0 50  0  0
 8  0      0 29507448 222108 31011300    0    0     0   320 4544 7567 50  0 50  0  0
 8  0      0 29495160 222116 31011304    0    0     0    16 4590 8597 49  1 50  0  0
 9  0      0 29491064 222116 31011312    0    0     0     0 4406 4912 50  0 49  0  0
 8  0      0 29491064 222116 31011384    0    0     0     0 4363 6115 50  0 49  0  0
 8  0      0 29491064 222124 31011376    0    0     0   200 4371 3580 50  0 50  0  0
 8  0      0 29491064 222124 31011392    0    0     0   116 4282 3354 50  0 50  0  0
 8  0      0 29491064 222132 31011388    0    0     0    12 4314 5980 50  0 50  0  0
 8  0      0 29486968 222132 31011484    0    0     0     0 4365 5010 50  0 50  0  0
 8  0      0 29486968 222132 31011492    0    0     0     0 4479 7024 49  1 50  0  0
procs -----------memory---------- ---swap-- -----io---- -system-- ------cpu-----
 r  b   swpd   free   buff  cache   si   so    bi    bo   in   cs us sy id wa st
 8  0      0 29486716 222140 31011484    0    0     0    16 4404 3843 50  0 50  0  0
 8  0      0 29486716 222140 31011556    0    0     0    92 4264 3228 50  0 50  0  0
 8  0      0 29486716 222148 31011548    0    0     0    28 4295 6253 50  0 50  0  0
 8  0      0 29486716 222148 31011556    0    0     0     0 4307 6277 50  0 50  0  0
 8  0      0 29482620 222148 31011568    0    0     0     0 4528 4044 50  0 50  0  0
 8  0      0 29482620 222156 31011568    0    0     0    36 4557 5874 50  0 50  0  0
 8  0      0 29482620 222156 31011576    0    0     0     0 4319 7879 50  1 50  0  0
 8  0      0 29482620 222156 31011576    0    0     0    44 4257 6942 50  0 50  0  0
 8  0      0 29482620 222164 31011584    0    0     0    12 4435 7812 49  1 50  0  0
 8  0      0 29482620 222164 31011592    0    0     0     0 4321 5880 50  0 50  0  0
 8  0      0 29482620 222172 31011588    0    0     0    32 4583 5088 50  0 50  0  0
 8  0      0 29482620 222172 31011648    0    0     0     0 4326 2995 50  0 50  0  0
 8  0      0 29482620 222172 31011656    0    0     0     0 4331 3295 50  0 50  0  0
 8  0      0 29482620 222180 31011656    0    0     0   112 4488 3831 50  0 50  0  0
 8  0      0 29482620 222180 31011688    0    0     0     0 4371 3441 51  0 49  0  0
 9  0      0 29482372 222188 31011756    0    0     0    36 4415 3532 50  0 50  0  0
 8  0      0 29481868 222188 31011768    0    0     0    12 4262 3922 50  0 50  0  0
 8  0      0 29477772 222188 31011772    0    0     0    64 4264 7181 50  0 50  0  0
 8  0      0 29477772 222196 31011772    0    0     0   136 4226 3440 50  0 50  0  0
 8  0      0 29465484 222196 31011780    0    0     0     0 4265 5314 50  0 50  0  0
 8  0      0 29465484 222204 31011780    0    0     0    32 4521 6552 50  0 50  0  0
procs -----------memory---------- ---swap-- -----io---- -system-- ------cpu-----
 r  b   swpd   free   buff  cache   si   so    bi    bo   in   cs us sy id wa st
 8  0      0 29461388 222204 31011840    0    0     0    20 4537 6538 50  0 50  0  0
 8  0      0 29461136 222204 31011844    0    0     0     0 4329 3065 50  0 50  0  0
 8  0      0 29452944 222212 31011840    0    0     0    12 4275 3365 50  0 50  0  0
 8  0      0 29452188 222212 31011856    0    0     0    84 4275 3700 50  0 50  0  0
 8  0      0 29435048 222220 31011856    0    0     0    36 4581 9908 49  1 50  0  0
 8  0      0 29435048 222220 31011864    0    0     0     0 4120 4124 50  0 50  0  0
 8  0      0 29435048 222220 31011872    0    0     0   260 4368 6976 50  0 50  0  0
 8  0      0 29435048 222228 31011888    0    0     0    16 4359 5547 50  0 50  0  0
 8  0      0 29434796 222228 31011908    0    0     0    48 4244 4383 50  0 50  0  0
 8  0      0 29434796 222236 31011912    0    0     0    36 4365 4682 50  1 50  0  0
 8  0      0 29434796 222236 31011972    0    0     0     0 4337 4853 50  0 50  0  0
 8  0      0 29434796 222236 31011976    0    0     0     0 4605 5644 50  0 50  0  0
 8  0      0 29434796 222236 31011976    0    0     0     8 4275 2983 50  0 50  0  0
 8  0      0 29434796 222244 31011980    0    0     0    28 4454 3470 51  1 49  0  0
 8  0      0 29434796 222252 31012056    0    0     0   204 4590 6082 50  0 50  0  0
 8  0      0 29434544 222252 31012064    0    0     0     0 4578 4304 50  0 50  0  0
 8  0      0 29434544 222252 31012064    0    0     0     0 4441 4173 50  0 50  0  0
 8  0      0 29434544 222252 31012076    0    0     0     0 4563 4010 50  0 50  0  0
 8  0      0 29434544 222260 31012068    0    0     0    16 4583 6008 50  0 50  0  0
 8  0      0 29434544 222268 31012076    0    0     0   108 4638 4026 50  0 50  0  0
 8  0      0 29434292 222268 31012144    0    0     0     0 4521 3381 50  0 50  0  0
procs -----------memory---------- ---swap-- -----io---- -system-- ------cpu-----
 r  b   swpd   free   buff  cache   si   so    bi    bo   in   cs us sy id wa st
 8  0      0 29434292 222268 31012148    0    0     0     0 4505 6296 50  0 50  0  0
 8  0      0 29430196 222268 31012148    0    0     0     0 4690 6357 50  0 50  0  0
 8  0      0 29429944 222276 31012168    0    0     0    20 4637 7850 50  0 50  0  0
 8  0      0 29429692 222284 31012176    0    0     0    36 4477 3985 50  0 50  0  0
 8  0      0 29429692 222284 31012192    0    0     0    44 4622 9207 50  0 50  0  0
 8  0      0 29429440 222284 31012196    0    0     0     0 4429 4520 50  0 50  0  0
 8  0      0 29425344 222284 31012196    0    0     0    28 4520 6382 50  0 50  0  0
 8  0      0 29417152 222292 31012200    0    0     0    12 4888 12424 49  1 50  0  0
 8  0      0 29416648 222300 31012204    0    0     0    32 10202 77572 48  2 50  0  0
 8  0      0 29408204 222300 31012268    0    0     0    92 4409 6194 50  0 50  0  0
 8  0      0 29408204 222300 31012272    0    0     0     0 4246 2965 50  0 50  0  0
 8  0      0 29408204 222300 31012280    0    0     0     0 4389 3484 50  0 50  0  0
 8  0      0 29408204 222308 31012276    0    0     0    12 4375 4747 51  0 49  0  0
 8  0      0 29407952 222316 31012356    0    0     0    36 4365 6095 50  0 50  0  0
 8  0      0 29407700 222316 31012356    0    0     0    24 4511 4938 50  0 50  0  0
 8  0      0 29407700 222316 31012368    0    0     0   112 4311 3078 50  0 50  0  0
 8  0      0 29407700 222324 31012360    0    0     0   340 4436 4396 50  0 50  0  0
 8  0      0 29409944 222336 31012396    0    0     0    80 5158 9356 50  0 50  0  0
 8  0      0 29409944 222344 31012388    0    0     0    32 4671 4792 50  0 50  0  0
 8  0      0 29409692 222344 31012460    0    0     0     0 4449 3767 50  0 50  0  0
 8  0      0 29409692 222344 31012464    0    0     0    96 4503 6384 50  0 50  0  0
procs -----------memory---------- ---swap-- -----io---- -system-- ------cpu-----
 r  b   swpd   free   buff  cache   si   so    bi    bo   in   cs us sy id wa st
 8  0      0 29409692 222344 31012472    0    0     0   152 4634 4856 50  0 50  0  0
 8  0      0 29408948 222352 31012480    0    0     0    28 6325 20049 48  2 50  0  0
 8  0      0 29408948 222360 31012472    0    0     0    36 4692 5324 50  0 50  0  0
 8  0      0 29408948 222360 31012488    0    0     0     0 4514 3353 50  0 50  0  0
 8  0      0 29408444 222360 31012488    0    0     0     0 4525 4147 50  0 50  0  0
 8  0      0 29408192 222360 31012500    0    0     0    44 4733 8024 50  0 50  0  0
 8  0      0 29404096 222368 31012496    0    0     0    16 5041 15913 50  0 50  0  0
 8  0      0 29403844 222376 31012564    0    0     0    32 30659 189041 43  6 51  0  0
 8  0      0 29403844 222376 31012616    0    0     0     0 12598 60037 48  2 50  0  0
 8  0      0 29403844 222376 31012628    0    0     0     0 4834 7750 50  0 50  0  0
 8  0      0 29403844 222376 31012636    0    0     0    92 4808 6510 50  1 50  0  0
 8  0      0 29403592 222384 31012720    0    0     0    32 4924 9181 50  1 49  0  0
 8  0      0 29403592 222392 31012716    0    0     0    40 4581 7408 50  0 50  0  0
 8  0      0 29403340 222392 31012736    0    0     0     0 4462 4194 50  0 50  0  0
 8  0      0 29403340 222392 31012736    0    0     0     0 4408 3548 50  0 50  0  0
 8  0      0 29403340 222392 31012744    0    0     0     0 4583 8440 50  0 50  0  0
 8  0      0 29403340 222400 31012752    0    0     0   128 4548 6634 50  0 50  0  0
 8  0      0 29403088 222408 31012752    0    0     0   100 7075 34527 49  1 50  0  0
 8  0      0 29402836 222408 31012808    0    0     0     0 4317 5486 50  0 50  0  0
 8  0      0 29402836 222408 31012808    0    0     0     0 4711 12281 50  0 50  0  0
 8  0      0 29402836 222408 31012820    0    0     0     0 4285 4652 50  0 50  0  0
procs -----------memory---------- ---swap-- -----io---- -system-- ------cpu-----
 r  b   swpd   free   buff  cache   si   so    bi    bo   in   cs us sy id wa st
 8  0      0 29402836 222416 31012812    0    0     0   108 4326 3254 50  0 50  0  0
 8  0      0 29402836 222424 31012820    0    0     0    36 5297 6905 48  2 50  0  0
 8  0      0 29402836 222424 31012836    0    0     0     0 99638 305303 37 11 52  0  0
 8  0      0 29402836 222424 31012844    0    0     0     0 170610 559739 29 18 53  0  0
 8  0      0 29402836 222424 31012844    0    0     0     0 179692 595740 29 18 53  0  0
 8  0      0 29402836 222424 31012868    0    0     0   288 171679 557134 29 18 53  0  0
 8  0      0 29402836 222432 31012876    0    0     0    64 156140 534169 31 15 53  0  0
 8  0      0 29402836 222440 31012920    0    0     0    44 170260 663644 31 16 54  0  0
 8  0      0 29402836 222440 31012932    0    0     0     0 139633 378380 36 12 52  0  0
 7  0      0 29402836 222440 31012936    0    0     0     0 158444 452386 33 14 53  0  0
 8  0      0 29402836 222440 31013012    0    0     0     0 195245 591663 30 18 53  0  0
 6  0      0 29402836 222448 31013012    0    0     0   196 195914 597368 29 18 54  0  0
 7  0      0 29402836 222448 31013024    0    0     0     0 196917 604884 30 17 54  0  0
 8  0      0 29402836 222448 31013024    0    0     0     0 197267 599928 29 18 53  0  0
 7  0      0 29402836 222448 31013032    0    0     0     0 195899 659002 27 20 53  0  0
 7  0      0 29402836 222448 31013032    0    0     0     0 192228 742131 23 23 54  0  0
 6  0      0 29402836 222456 31013036    0    0     0    16 185496 776040 22 23 55  0  0
 6  0      0 29402836 222456 31013076    0    0     0    56 168681 855373 18 27 55  0  0
 8  0      0 29402836 222456 31013096    0    0     0     0 177358 831389 19 26 55  0  0
 7  0      0 29402836 222456 31013108    0    0     0     0 197896 727294 24 22 54  0  0
 7  0      0 29402584 222456 31013132    0    0     0    64 196268 735340 23 23 54  0  0
procs -----------memory---------- ---swap-- -----io---- -system-- ------cpu-----
 r  b   swpd   free   buff  cache   si   so    bi    bo   in   cs us sy id wa st
 7  0      0 29402584 222464 31013124    0    0     0    36 194195 746757 22 23 54  0  0
 6  0      0 29402584 222464 31013144    0    0     0    76 186938 736077 23 23 54  0  0
 8  0      0 29402584 222472 31013144    0    0     0    24 191807 706609 26 21 54  0  0
 8  0      0 29402080 222472 31013152    0    0     0     0 177940 604708 28 19 53  0  0
 8  0      0 29401324 222472 31013160    0    0     0     0 51914 142656 42  8 51  0  0
 8  0      0 29401324 222480 31013168    0    0     0    36 102222 354736 36 12 52  0  0
 8  0      0 29401072 222480 31013216    0    0     0     0 113932 431135 36 12 52  0  0
 8  0      0 29401072 222480 31013224    0    0     0    92 44092 105345 41  9 51  0  0
 8  0      0 29400820 222488 31013224    0    0     0    16 73243 195178 39 10 51  0  0
 8  0      0 29400820 222488 31013300    0    0     0     0 48080 120847 42  8 50  0  0
 7  0      0 29400820 222496 31013296    0    0     0    56 64383 168514 39 10 51  0  0
 8  0      0 29400820 222496 31013320    0    0     0     0 191152 598931 28 19 54  0  0
 8  0      0 29400820 222496 31013320    0    0     0   116 139051 400412 35 12 52  0  0
 8  0      0 29400568 222504 31012924    0    0     0   276 120385 346059 36 13 52  0  0
 7  0      0 29400568 222504 31013116    0    0     0     0 199629 733347 24 22 54  0  0
 7  0      0 29400064 222512 31013108    0    0     0    44 185394 630682 29 18 54  0  0
 7  0      0 29399812 222512 31013168    0    0     0     0 158024 636580 30 16 54  0  0
 8  0      0 29399812 222512 31013172    0    0     0     0 151507 420103 33 15 52  0  0
 8  0      0 29399812 222520 31013168    0    0     0   120 167256 466748 32 15 52  0  0
 8  0      0 29399812 222520 31013184    0    0     0     0 132811 372934 35 13 52  0  0
 8  0      0 29399812 222528 31013184    0    0     0    36 150704 421769 33 15 52  0  0
procs -----------memory---------- ---swap-- -----io---- -system-- ------cpu-----
 r  b   swpd   free   buff  cache   si   so    bi    bo   in   cs us sy id wa st
 8  0      0 29399812 222528 31013192    0    0     0    24 91559 247865 38 10 51  0  0
 7  0      0 29399056 222528 31013196    0    0     0     0 106672 309253 36 12 52  0  0
 8  0      0 29399056 222536 31013196    0    0     0    60 125420 352356 35 13 52  0  0
 8  0      0 29399056 222536 31013208    0    0     0     0 114321 322834 36 12 52  0  0
 7  0      0 29399056 222544 31013204    0    0     0    32 108561 386937 34 14 52  0  0
 7  0      0 29399056 222544 31013232    0    0     0     0 90169 371906 36 12 52  0  0
 7  0      0 29399056 222544 31013268    0    0     0     0 106947 292878 36 12 52  0  0
 5  0      0 29399056 222552 31013264    0    0     0    40 180528 533895 30 17 52  0  0
 9  0      0 29399056 222552 31013296    0    0     0    84 119355 335264 35 13 52  0  0
 8  0      0 29398804 222560 31013376    0    0     0    36 91795 247569 38 11 51  0  0
 8  0      0 29398804 222560 31013380    0    0     0     0 79024 211867 39 10 51  0  0
 7  0      0 29398804 222560 31013384    0    0     0     0 67085 168310 39 10 51  0  0
 8  0      0 29398552 222568 31013396    0    0     0   136 60887 158467 40  9 51  0  0
 7  0      0 29398552 222572 31013396    0    0     0   120 74706 204688 38 10 51  0  0
 8  0      0 29398552 222584 31013396    0    0     0    44 80851 276419 38 10 52  0  0
 8  0      0 29398300 222584 31013436    0    0     0     0 35087 152386 42  7 51  0  0
 8  0      0 29398048 222584 31013452    0    0     0     0 63507 166344 40 10 51  0  0
 7  0      0 29398048 222584 31013460    0    0     0     0 108099 287558 37 12 52  0  0
 7  0      0 29398048 222592 31013464    0    0     0    20 98699 263928 37 12 51  0  0
 7  0      0 29398048 222600 31013460    0    0     0   116 187602 579592 28 18 53  0  0
 8  0      0 29398048 222600 31013480    0    0     0     0 100892 287708 36 13 52  0  0
procs -----------memory---------- ---swap-- -----io---- -system-- ------cpu-----
 r  b   swpd   free   buff  cache   si   so    bi    bo   in   cs us sy id wa st
 8  0      0 29397544 222600 31013480    0    0     0     0 91625 236741 38 11 51  0  0
 8  0      0 29397544 222600 31013512    0    0     0     0 60270 161295 41  8 51  0  0
 8  0      0 29397292 222600 31013512    0    0     0     0 35774 88497 42  8 50  0  0
 7  0      0 29397292 222616 31013504    0    0     0   148 76408 276114 38 11 51  0  0
 8  0      0 29397292 222616 31013564    0    0     0     0 102730 382977 36 11 53  0  0
 8  0      0 29397292 222616 31013572    0    0     0     0 42361 106788 42  7 51  0  0
 8  0      0 29397292 222616 31013572    0    0     0     0 59449 144387 41  8 51  0  0
 8  0      0 29397292 222616 31013584    0    0     0    36 56496 150178 41  9 51  0  0
 8  0      0 29397292 222624 31013576    0    0     0    36 67311 183941 41  9 50  0  0
 8  0      0 29397040 222628 31013644    0    0     0   128 41603 108596 44  6 50  0  0
 8  0      0 29397040 222636 31013664    0    0     0    16 18475 41830 46  4 50  0  0
 8  0      0 29397040 222636 31013664    0    0     0     0 7823 13349 48  2 50  0  0
 8  0      0 29397040 222636 31013676    0    0     0     0 17521 44016 47  3 50  0  0
 7  0      0 29397040 222648 31013664    0    0     0    48 29367 117413 44  5 51  0  0
 8  0      0 29397040 222648 31013736    0    0     0   112 47241 153713 42  7 51  0  0
 8  0      0 29397040 222648 31013740    0    0     0     0 21655 49968 44  6 50  0  0
 8  0      0 29397040 222656 31013736    0    0     0    20 11019 21632 47  3 50  0  0
 8  0      0 29397040 222656 31013772    0    0     0     0 11414 23968 47  3 50  0  0
 8  0      0 29397040 222664 31013772    0    0     0    40 7828 13743 48  2 50  0  0
 8  0      0 29397040 222664 31013784    0    0     0     8 34331 85803 43  7 50  0  0
 8  0      0 29397040 222664 31013788    0    0     0    44 14258 30714 46  3 50  0  0
procs -----------memory---------- ---swap-- -----io---- -system-- ------cpu-----
 r  b   swpd   free   buff  cache   si   so    bi    bo   in   cs us sy id wa st
 8  0      0 29397040 222672 31013796    0    0     0    28 26334 65266 44  5 50  0  0
 8  0      0 29397040 222672 31013800    0    0     0     0 22196 52183 45  5 50  0  0
 8  0      0 29397040 222680 31013796    0    0     0   104 26499 123922 43  6 51  0  0
 8  0      0 29397040 222680 31013852    0    0     0     0 23636 148400 44  5 51  0  0
 7  0      0 29397040 222680 31013868    0    0     0     0 67343 170340 40  9 51  0  0
 8  0      0 29397040 222680 31013868    0    0     0    96 32193 81468 44  5 50  0  0
 8  0      0 29396788 222688 31013880    0    0     0    16 9104 18484 47  3 50  0  0
 8  0      0 29396788 222696 31013872    0    0     0    36 9520 19134 48  3 49  0  0
 8  0      0 29396788 222696 31013960    0    0     0     0 10021 18839 47  3 50  0  0
 8  0      0 29396788 222696 31013964    0    0     0     0 40485 103732 43  7 51  0  0
 8  0      0 29392692 222696 31013968    0    0     0   112 91689 251880 38 11 51  0  0
 7  0      0 29392692 222696 31013992    0    0     0     0 21924 57042 43  6 51  0  0
 6  0      0 29392440 222708 31014000    0    0     0    44 10268 53723 44  4 52  0  0
 8  0      0 29392440 222708 31014036    0    0     0     0 43933 198867 42  7 51  0  0
 8  0      0 29392440 222708 31014052    0    0     0     0 30591 77447 42  8 50  0  0
 8  0      0 29392440 222716 31014052    0    0     0    16 19085 45440 45  5 50  0  0
 9  0      0 29392440 222716 31014068    0    0     0    84 11806 25101 46  4 50  0  0
 8  0      0 29392440 222724 31014064    0    0     0    36 26221 63654 43  6 50  0  0
 8  0      0 29392440 222724 31014072    0    0     0     0 33147 86053 43  7 50  0  0
 8  0      0 29392440 222724 31014084    0    0     0    24 32566 80026 42  7 50  0  0
 8  0      0 29392440 222724 31014088    0    0     0     0 22230 51287 44  6 50  0  0
procs -----------memory---------- ---swap-- -----io---- -system-- ------cpu-----
 r  b   swpd   free   buff  cache   si   so    bi    bo   in   cs us sy id wa st
 8  0      0 29392440 222724 31014096    0    0     0    48 46637 119513 42  7 51  0  0
 6  0      0 29392440 222740 31014088    0    0     0    44 67197 238001 39  9 51  0  0
 8  0      0 29392440 222740 31014152    0    0     0     0 93169 386975 37 11 53  0  0
 7  0      0 29392440 222740 31014156    0    0     0     0 74141 216621 40  9 51  0  0
 8  0      0 29392440 222740 31014160    0    0     0     0 65468 174036 40 10 51  0  0
 8  0      0 29392440 222740 31014184    0    0     0     0 9688 17091 48  2 50  0  0
 8  0      0 29392440 222756 31014240    0    0     0   140 7680 13649 48  3 49  0  0
 8  0      0 29392440 222756 31014260    0    0     0    32 6681 11632 48  2 50  0  0
 8  0      0 29392188 222756 31014268    0    0     0    64 9048 18191 48  2 50  0  0
 8  0      0 29392188 222756 31014272    0    0     0     0 21561 50418 44  5 50  0  0
 8  0      0 29392188 222756 31014280    0    0     0     0 47497 120407 41  8 51  0  0
 8  0      0 29392188 222776 31014284    0    0     0   176 15059 69685 47  3 50  0  0
 8  0      0 29392188 222776 31014336    0    0     0    76 26319 132948 43  6 51  0  0
 8  0      0 29392188 222776 31014344    0    0     0     0 10330 20391 46  5 50  0  0
 7  0      0 29391936 222776 31014352    0    0     0     0 38706 99745 43  6 51  0  0
 8  0      0 29391936 222776 31014356    0    0     0     0 104491 280239 37 12 51  0  0
 8  0      0 29391936 222792 31014348    0    0     0   144 55929 140133 40  9 51  0  0
 8  0      0 29391684 222792 31014368    0    0     0     0 24434 58219 43  6 50  0  0
 8  0      0 29391684 222792 31014368    0    0     0     0 37073 94709 41  9 50  0  0
 8  0      0 29391684 222792 31014372    0    0     0     0 9167 16199 46  4 50  0  0
 8  0      0 29391684 222792 31014396    0    0     0     0 15770 35714 45  5 50  0  0
procs -----------memory---------- ---swap-- -----io---- -system-- ------cpu-----
 r  b   swpd   free   buff  cache   si   so    bi    bo   in   cs us sy id wa st
 7  0      0 29391684 222808 31014388    0    0     0    72 26383 109345 42  7 51  0  0
 8  0      0 29391684 222808 31014428    0    0     0     0 32614 184714 43  6 51  0  0
 8  0      0 29391684 222808 31014460    0    0     0     4 9118 17050 48  2 50  0  0
 8  0      0 29391684 222808 31014464    0    0     0     0 21419 53144 44  6 50  0  0
 8  0      0 29391684 222808 31014468    0    0     0     0 29058 70666 44  6 50  0  0
 8  0      0 29391684 222824 31014468    0    0     0    48 11996 24273 47  4 49  0  0
 8  0      0 29391684 222824 31014544    0    0     0   160 31382 76229 42  8 50  0  0
 8  0      0 29391684 222824 31014556    0    0     0     0 14930 34029 45  5 50  0  0
 8  0      0 29391684 222824 31014556    0    0     0     0 10296 20348 46  4 50  0  0
 8  0      0 29391684 222824 31014568    0    0     0     0 18513 44248 44  6 50  0  0
 7  0      0 29391684 222844 31014572    0    0     0    60 109579 348010 36 12 52  0  0
 7  0      0 29391684 222844 31014624    0    0     0    88 91919 371459 37 11 52  0  0
 8  0      0 29391684 222844 31014628    0    0     0     0 79081 217414 39 10 51  0  0
 8  0      0 29391684 222844 31014632    0    0     0     0 97656 257077 38 11 51  0  0
 7  0      0 29391684 222844 31014656    0    0     0     0 114491 312730 36 12 52  0  0
 8  0      0 29391684 222860 31014648    0    0     0    52 84188 225305 38 11 51  0  0
 8  0      0 29391684 222860 31014672    0    0     0    64 129576 361094 35 14 52  0  0
 8  0      0 29391684 222860 31014680    0    0     0     0 117846 320460 37 11 52  0  0
 8  0      0 29391684 222860 31014680    0    0     0     0 31117 75646 43  6 50  0  0
 7  0      0 29391444 222860 31014684    0    0     0     0 98319 276011 37 11 52  0  0
 8  0      0 29391444 222868 31014684    0    0     0    36 100467 333738 36 11 54  0  0
procs -----------memory---------- ---swap-- -----io---- -system-- ------cpu-----
 r  b   swpd   free   buff  cache   si   so    bi    bo   in   cs us sy id wa st
 8  0      0 29390940 222876 31014740    0    0     0    56 113952 462459 34 13 53  0  0
 8  0      0 29390688 222876 31014760    0    0     0   196 178593 575241 28 19 53  0  0
 7  0      0 29390688 222876 31014764    0    0     0     0 139243 424983 33 15 52  0  0
 8  0      0 29390688 222876 31014768    0    0     0     0 83255 218032 38 11 51  0  0
 7  0      0 29390688 222884 31014764    0    0     0    36 144409 401716 35 13 52  0  0
 7  0      0 29390688 222884 31014856    0    0     0   208 192561 613116 28 19 53  0  0
 7  0      0 29390688 222892 31014848    0    0     0    48 193677 666922 28 18 54  0  0
 8  0      0 29390688 222892 31014860    0    0     0   116 105848 302038 37 12 51  0  0
 8  0      0 29390436 222892 31014892    0    0     0     0 140156 419687 34 14 52  0  0
 8  0      0 29390436 222904 31014888    0    0     0    44 167034 562810 30 17 53  0  0
 7  0      0 29390436 222904 31014944    0    0     0     0 165070 654045 29 17 54  0  0
 8  0      0 29390436 222912 31014940    0    0     0    16 170240 511309 31 16 53  0  0
 8  0      0 29390436 222912 31014952    0    0     0   148 145321 438390 32 15 53  0  0
 7  0      0 29390436 222912 31014964    0    0     0     0 169105 513134 31 16 53  0  0
 8  0      0 29390436 222920 31014960    0    0     0    36 184291 596513 28 19 53  0  0
 7  0      0 29390436 222920 31014968    0    0     0     4 166602 541046 30 17 53  0  0
 7  0      0 29390436 222920 31014980    0    0     0     0 141636 420854 33 15 52  0  0
 7  0      0 29390436 222928 31014972    0    0     0    24 167391 476267 31 17 53  0  0
 7  0      0 29386088 222928 31014992    0    0     0    48 132829 370744 34 14 52  0  0
 8  0      0 29386088 222936 31014984    0    0     0    36 128771 390592 34 13 52  0  0
 8  0      0 29386088 222936 31015044    0    0     0     0 123767 488383 34 13 53  0  0
procs -----------memory---------- ---swap-- -----io---- -system-- ------cpu-----
 r  b   swpd   free   buff  cache   si   so    bi    bo   in   cs us sy id wa st
 7  0      0 29386088 222936 31015044    0    0     0     0 191634 659490 26 20 54  0  0
 8  0      0 29386088 222944 31015060    0    0     0    12 125806 371387 35 13 52  0  0
 7  0      0 29385836 222944 31015072    0    0     0    84 154622 459134 33 15 53  0  0
 8  0      0 29385836 222952 31015080    0    0     0    36 129032 372380 33 14 53  0  0
 8  0      0 29385588 222952 31015148    0    0     0    40 24521 58812 44  6 50  0  0
 8  0      0 29385588 222952 31015152    0    0     0     0 66748 180524 40 10 51  0  0
 8  0      0 29385588 222960 31015148    0    0     0    36 55113 145601 41  8 51  0  0
 8  0      0 29385588 222960 31015164    0    0     0     0 69470 187651 40  9 51  0  0
 7  0      0 29385588 222972 31015160    0    0     0   152 52079 163372 41  8 51  0  0
 8  0      0 29385588 222972 31015224    0    0     0     0 35885 173173 42  6 51  0  0
 8  0      0 29385588 222972 31015224    0    0     0     0 37784 87335 42  7 50  0  0
 8  0      0 29385588 222980 31015224    0    0     0   116 46115 120168 41  8 51  0  0
 8  0      0 29385588 222980 31015240    0    0     0     0 89545 238967 38 11 51  0  0
 8  0      0 29385588 222988 31015232    0    0     0   120 14865 30611 44  5 50  0  0
 8  0      0 29385588 222988 31015252    0    0     0    40 121316 314513 37 12 52  0  0
 8  0      0 29385588 222988 31015252    0    0     0     0 41913 109859 42  7 51  0  0
 5  0      0 29385588 222996 31015248    0    0     0    20 13994 29670 40  5 55  0  0
 5  0      0 29385588 222996 31015280    0    0     0     0 7910 14982 31  2 67  0  0
 6  0      0 29385588 223004 31015276    0    0     0    16 13908 53153 27  4 69  0  0
 5  0      0 29385588 223004 31015308    0    0     0    56 39960 215150 27  6 67  0  0
 5  0      0 29385588 223004 31015344    0    0     0     0 8678 16941 28  3 69  0  0
procs -----------memory---------- ---swap-- -----io---- -system-- ------cpu-----
 r  b   swpd   free   buff  cache   si   so    bi    bo   in   cs us sy id wa st
 5  0      0 29385588 223004 31015344    0    0     0     0 7298 12972 30  2 69  0  0
 5  0      0 29385588 223012 31015344    0    0     0    16 7926 15416 29  3 69  0  0
 6  0      0 29385588 223020 31015348    0    0     0    36 4964 6289 30  1 69  0  0
 5  0      0 29385588 223020 31015356    0    0     0   136 7226 12850 30  2 68  0  0
 5  0      0 29385588 223020 31015432    0    0     0     0 6604 12071 30  2 69  0  0
 5  0      0 29385588 223020 31015432    0    0     0     0 7254 13435 29  2 69  0  0
 5  0      0 29385588 223028 31015440    0    0     0    16 6323 11285 29  2 69  0  0
 7  0      0 29385588 223040 31015428    0    0     0    48 46309 133927 29  8 63  0  0
 6  0      0 29385336 223040 31015496    0    0     0    64 84224 358276 29 10 61  0  0
 5  0      0 29385336 223040 31015496    0    0     0     0 9860 21315 32  4 64  0  0
 5  0      0 29385336 223040 31015500    0    0     0     0 6206 10383 28  3 69  0  0
 4  0      0 29385336 223048 31015528    0    0     0    88 4605 5200 29  1 70  0  0
 4  0      0 29385336 223056 31015524    0    0     0    36 5483 10482 23  2 75  0  0
 4  0      0 29385336 223056 31015544    0    0     0    60 4759 9361 24  1 75  0  0
 4  0      0 29385336 223056 31015548    0    0     0     0 4338 5711 25  0 75  0  0
 5  0      0 29385336 223056 31015552    0    0     0     0 4596 6403 26  1 73  0  0
 4  0      0 29385336 223064 31015552    0    0     0    40 8069 17034 27  3 70  0  0
 4  0      0 29385336 223072 31015556    0    0     0    36 4434 9930 21  1 79  0  0
 4  0      0 29385336 223072 31015608    0    0     0     0 6920 15726 27  2 72  0  0
 3  0      0 29385336 223072 31015620    0    0     0    88 3677 3962 19  0 81  0  0
 3  0      0 29385336 223072 31015628    0    0     0     0 3856 4176 19  0 81  0  0
procs -----------memory---------- ---swap-- -----io---- -system-- ------cpu-----
 r  b   swpd   free   buff  cache   si   so    bi    bo   in   cs us sy id wa st
 3  0      0 29385336 223072 31015628    0    0     0     0 3901 5729 19  0 81  0  0
 4  0      0 29385336 223088 31015624    0    0     0   144 4060 6069 21  0 79  0  0
 3  0      0 29385336 223088 31015644    0    0     0     0 3882 5237 24  1 76  0  0
 2  0      0 29385336 223088 31015716    0    0     0   116 3682 6034 13  0 87  0  0
 3  0      0 29385336 223088 31015320    0    0     0   264 3917 6021 15  0 85  0  0
 1  0      0 29385336 223088 31015508    0    0     0     8 3964 6306 17  0 83  0  0
 2  0      0 29385336 223108 31015500    0    0     0    80 3708 4984  7  0 93  0  0
 1  0      0 29385336 223108 31015560    0    0     0    40 3847 5821  8  0 92  0  0
 1  0      0 29385336 223108 31015564    0    0     0     0 3823 4838  6  0 94  0  0
 1  0      0 29385336 223108 31015568    0    0     0    72 3693 4490  6  0 93  0  0
 1  0      0 29385084 223108 31015580    0    0     0     0 3642 4398  6  0 94  0  0
 1  0      0 29385084 223116 31015572    0    0     0    36 3734 4389  6  0 94  0  0
 2  0      0 29385084 223124 31015572    0    0     0    12 3948 5004  8  0 92  0  0
 4  0      0 29385084 223124 31015592    0    0     0     0 3999 4846 18  0 82  0  0
 5  0      0 29385084 223124 31015592    0    0     0    44 4114 4615 27  0 73  0  0
 6  0      0 29385084 223124 31015600    0    0     0     4 4595 4756 31  1 69  0  0
 7  0      0 29385084 223132 31015596    0    0     0    32 5153 11056 40  0 60  0  0
 8  0      0 29385084 223140 31015644    0    0     0    12 7146 19948 46  1 53  0  0
 8  0      0 29385084 223140 31015652    0    0     0     0 28699 99151 45  4 50  0  0
