Command exited with non-zero status 1
	Command being timed: "env PATH=/root/.cargo/bin:/usr/local/sbin:/usr/local/bin:/usr/sbin:/usr/bin:/sbin:/bin python3 scripts/run_buildstorm.py --arch loongarch64 --image /srv/buildstorm/images/sdcard-la-pub.img --stage complete --timeout 3000 --memory 8G --smp 8"
	User time (seconds): 18591.46
	System time (seconds): 12.00
	Percent of CPU this job got: 618%
	Elapsed (wall clock) time (h:mm:ss or m:ss): 50:07.61
	Average shared text size (kbytes): 0
	Average unshared data size (kbytes): 0
	Average stack size (kbytes): 0
	Average total size (kbytes): 0
	Maximum resident set size (kbytes): 3203440
	Average resident set size (kbytes): 0
	Major (requiring I/O) page faults: 516
	Minor (reclaiming a frame) page faults: 402456
	Voluntary context switches: 2405630
	Involuntary context switches: 1298944
	Swaps: 0
	File system inputs: 1735256
	File system outputs: 299808
	Socket messages sent: 0
	Socket messages received: 0
	Signals delivered: 0
	Page size (bytes): 4096
	Exit status: 1
