Command exited with non-zero status 1
	Command being timed: "env PATH=/root/.cargo/bin:/usr/local/sbin:/usr/local/bin:/usr/sbin:/usr/bin:/sbin:/bin python3 scripts/run_buildstorm.py --arch riscv64 --image /srv/buildstorm/images/sdcard-rv-pub.img --stage complete --timeout 3000 --memory 8G --smp 8"
	User time (seconds): 17226.78
	System time (seconds): 2571.68
	Percent of CPU this job got: 658%
	Elapsed (wall clock) time (h:mm:ss or m:ss): 50:07.28
	Average shared text size (kbytes): 0
	Average unshared data size (kbytes): 0
	Average stack size (kbytes): 0
	Average total size (kbytes): 0
	Maximum resident set size (kbytes): 3304388
	Average resident set size (kbytes): 0
	Major (requiring I/O) page faults: 591
	Minor (reclaiming a frame) page faults: 418092
	Voluntary context switches: 228130041
	Involuntary context switches: 449298
	Swaps: 0
	File system inputs: 1763032
	File system outputs: 135136
	Socket messages sent: 0
	Socket messages received: 0
	Signals delivered: 0
	Page size (bytes): 4096
	Exit status: 1
