[DTB] ptr = 0x9000000000100000
[DTB] magic = 0xd00dfeed (expected 0xD00DFEED)
[kernel] Hello, OS!
[kernel] Memory init
[VIRTIO] Probing...
[VIRTIO] found
[EXT4] mounted successfully
[kernel] Starting sched.
[harness] SCRIPT /glibc/buildstorm_testcode.sh
#### OS COMP TEST GROUP START buildstorm-glibc ####
rustc 1.98.0-nightly (57d06900f 2026-05-27)
cargo 1.98.0-nightly (fbb61be30 2026-05-26)
BUILDSTORM_TOOLCHAIN ok
BUILDSTORM_MINIBUILD ok
----- pre-build tg-xtask (untimed) -----
warning: failed to save last-use data
This may prevent cargo from accurately tracking what is being used in its global cache. This information is used for automatically removing unused data in the cache.

out of range integral type conversion attempted

Caused by:
  out of range integral type conversion attempted
    Finished `dev` profile [unoptimized + debuginfo] target(s) in 12.08s
----- build arceos-helloworld (timed, arch=loongarch64) -----
BUILDSTORM_BEGIN mode=multi
warning: failed to save last-use data
This may prevent cargo from accurately tracking what is being used in its global cache. This information is used for automatically removing unused data in the cache.

out of range integral type conversion attempted

Caused by:
  out of range integral type conversion attempted
    Finished `dev` profile [unoptimized + debuginfo] target(s) in 8.25s
     Running `target/debug/tg-xtask arceos build -p arceos-helloworld --arch loongarch64`
[1970-01-01T00:00:40Z INFO  axbuild::context] Workspace root: /work/tgoskits
Using build config: /work/tgoskits/tmp/axbuild/config/arceos-helloworld/build-loongarch64-unknown-none-softfloat.toml
[1970-01-01T00:00:42Z INFO  axbuild::build::config_file] Found build config at /work/tgoskits/tmp/axbuild/config/arceos-helloworld/build-loongarch64-unknown-none-softfloat.toml
Using build config: /work/tgoskits/tmp/axbuild/config/arceos-helloworld/build-loongarch64-unknown-none-softfloat.toml
[1970-01-01T00:00:44Z INFO  axbuild::build::config_file] Found build config at /work/tgoskits/tmp/axbuild/config/arceos-helloworld/build-loongarch64-unknown-none-softfloat.toml
[axbuild] cargo build package=arceos-helloworld target=scripts/targets/std/pie/loongarch64-unknown-linux-musl.json config=/work/tgoskits/tmp/axbuild/config/arceos-helloworld/build-loongarch64-unknown-none-softfloat.toml ...
sh -c /work/tgoskits/tmp/axbuild/std/prebuild/prebuild-loongarch64-unknown-linux-musl-bd8e59296c60d6af.sh
AR_loongarch64_unknown_linux_musl=loongarch64-linux-musl-ar
AX_LOG=info
AX_TARGET=loongarch64-unknown-none-softfloat
CARGO_UNSTABLE_JSON_TARGET_SPEC=true
CC_loongarch64_unknown_linux_musl=loongarch64-linux-musl-cc
CFLAGS_loongarch64_unknown_linux_musl=-mabi=lp64s -msoft-float -fno-stack-protector
CXXFLAGS_loongarch64_unknown_linux_musl=-mabi=lp64s -msoft-float -fno-stack-protector
SMP=1
cargo build --config /work/tgoskits/tmp/axbuild/std/config-loongarch64-unknown-linux-musl-dynamic.toml -p arceos-helloworld --target scripts/targets/std/pie/loongarch64-unknown-linux-musl.json -Z unstable-options --target-dir /work/tgoskits/target --features arceos,ax-std/irq,ax-std/paging,ax-std/smp,ax-std/std-compat -Z json-target-spec --release --message-format json-render-diagnostics
warning: failed to save last-use data
This may prevent cargo from accurately tracking what is being used in its global cache. This information is used for automatically removing unused data in the cache.

out of range integral type conversion attempted

Caused by:
  out of range integral type conversion attempted
   Compiling compiler_builtins v0.1.160 (/root/.rustup/toolchains/nightly-2026-05-28-loongarch64-unknown-linux-gnu/lib/rustlib/src/rust/library/compiler-builtins/compiler-builtins)
   Compiling core v0.0.0 (/root/.rustup/toolchains/nightly-2026-05-28-loongarch64-unknown-linux-gnu/lib/rustlib/src/rust/library/core)
   Compiling libc v0.2.185
   Compiling std v0.0.0 (/root/.rustup/toolchains/nightly-2026-05-28-loongarch64-unknown-linux-gnu/lib/rustlib/src/rust/library/std)
   Compiling thiserror v2.0.18
   Compiling heapless v0.9.3
   Compiling ax-errno v0.6.1 (/work/tgoskits/components/axerrno)
   Compiling num-traits v0.2.19
   Compiling ax-percpu v0.4.14 (/work/tgoskits/components/percpu/percpu)
   Compiling libc v0.2.186
   Compiling radium v0.7.0
   Compiling rust_decimal v1.42.1
   Compiling anyhow v1.0.103
   Compiling ax-alloc v0.8.12 (/work/tgoskits/os/arceos/modules/axalloc)
   Compiling someboot v0.3.5 (/work/tgoskits/platforms/someboot)
   Compiling somehal v0.8.0 (/work/tgoskits/platforms/somehal)
   Compiling ax-driver v0.12.0 (/work/tgoskits/drivers/ax-driver)
   Compiling axplat-dyn v0.7.12 (/work/tgoskits/platforms/axplat-dyn)
   Compiling ax-hal v0.5.28 (/work/tgoskits/os/arceos/modules/axhal)
   Compiling ax-task v0.6.4 (/work/tgoskits/os/arceos/modules/axtask)
   Compiling ax-runtime v0.10.4 (/work/tgoskits/os/arceos/modules/axruntime)
   Compiling scope-local v0.4.2 (/work/tgoskits/components/scope-local)
   Compiling ax-posix-api v0.5.29 (/work/tgoskits/os/arceos/api/arceos_posix_api)
   Compiling rustc-std-workspace-core v1.99.0 (/root/.rustup/toolchains/nightly-2026-05-28-loongarch64-unknown-linux-gnu/lib/rustlib/src/rust/library/rustc-std-workspace-core)
   Compiling alloc v0.0.0 (/root/.rustup/toolchains/nightly-2026-05-28-loongarch64-unknown-linux-gnu/lib/rustlib/src/rust/library/alloc)
   Compiling rustc-demangle v0.1.27
   Compiling cfg-if v1.0.4
   Compiling panic_abort v0.0.0 (/root/.rustup/toolchains/nightly-2026-05-28-loongarch64-unknown-linux-gnu/lib/rustlib/src/rust/library/panic_abort)
   Compiling rustc-literal-escaper v0.0.7
   Compiling unwind v0.0.0 (/root/.rustup/toolchains/nightly-2026-05-28-loongarch64-unknown-linux-gnu/lib/rustlib/src/rust/library/unwind)
   Compiling rustc-std-workspace-alloc v1.99.0 (/root/.rustup/toolchains/nightly-2026-05-28-loongarch64-unknown-linux-gnu/lib/rustlib/src/rust/library/rustc-std-workspace-alloc)
   Compiling panic_unwind v0.0.0 (/root/.rustup/toolchains/nightly-2026-05-28-loongarch64-unknown-linux-gnu/lib/rustlib/src/rust/library/panic_unwind)
   Compiling hashbrown v0.17.1
   Compiling std_detect v0.1.5 (/root/.rustup/toolchains/nightly-2026-05-28-loongarch64-unknown-linux-gnu/lib/rustlib/src/rust/library/std_detect)
   Compiling proc_macro v0.0.0 (/root/.rustup/toolchains/nightly-2026-05-28-loongarch64-unknown-linux-gnu/lib/rustlib/src/rust/library/proc_macro)
   Compiling log v0.4.33
   Compiling bitflags v2.13.0
   Compiling byteorder v1.5.0
   Compiling rdif-def v0.3.0 (/work/tgoskits/drivers/interface/rdif-def)
   Compiling as-any v0.3.2
   Compiling scopeguard v1.2.0
   Compiling stable_deref_trait v1.2.1
   Compiling bit_field v0.10.3
   Compiling rdif-base v0.8.3 (/work/tgoskits/drivers/interface/rdif-base)
   Compiling lock_api v0.4.14
   Compiling ax-kernel-guard v0.3.11 (/work/tgoskits/components/kernel_guard)
   Compiling hash32 v0.3.1
   Compiling pci_types v0.10.1
   Compiling derive_more v2.1.1
   Compiling ax-kspin v0.3.15 (/work/tgoskits/components/kspin)
   Compiling irq-framework v0.3.0 (/work/tgoskits/components/irq-framework)
   Compiling tock-registers v0.10.1
   Compiling spin v0.12.0
   Compiling spinning_top v0.3.0
   Compiling ax-memory-addr v0.6.9 (/work/tgoskits/memory/memory_addr)
   Compiling strum v0.27.2
   Compiling acpi v6.1.1
   Compiling rdif-pcie v0.2.5 (/work/tgoskits/drivers/interface/rdif-pcie)
   Compiling rdif-msi v0.2.0 (/work/tgoskits/drivers/interface/rdif-msi)
   Compiling mmio-api v0.2.2 (/work/tgoskits/memory/mmio-api)
   Compiling futures-core v0.3.32
   Compiling futures-sink v0.3.32
   Compiling rdif-clk v0.5.4 (/work/tgoskits/drivers/interface/rdif-clk)
   Compiling rdif-reset v0.1.0 (/work/tgoskits/drivers/interface/rdif-reset)
   Compiling rdif-power v0.8.0 (/work/tgoskits/drivers/interface/rdif-power)
   Compiling pcie v0.6.7 (/work/tgoskits/drivers/pci/pcie)
   Compiling pin-project-lite v0.2.17
   Compiling arrayvec v0.7.7
   Compiling slab v0.4.12
   Compiling futures-task v0.3.32
   Compiling futures-channel v0.3.32
   Compiling fdt-raw v0.3.0
   Compiling futures-util v0.3.32
   Compiling rdif-intc v0.15.0 (/work/tgoskits/drivers/interface/rdif-intc)
   Compiling tap v1.0.1
   Compiling futures-io v0.3.32
   Compiling wyz v0.5.1
   Compiling num-align v0.1.0
   Compiling bytemuck v1.25.0
   Compiling fdt-edit v0.2.3
   Compiling const-default v1.0.0
   Compiling funty v2.0.0
   Compiling const-str v1.1.0
   Compiling rdif-pinctrl v0.1.2 (/work/tgoskits/drivers/interface/rdif-pinctrl)
   Compiling uguid v2.2.1
   Compiling uefi-raw v0.14.0
   Compiling rdrive v0.23.6 (/work/tgoskits/drivers/rdrive)
   Compiling bitvec v1.1.1
   Compiling rlsf v0.2.2
   Compiling rgb v0.8.53
   Compiling ranges-ext v0.6.4 (/work/tgoskits/memory/ranges-ext)
   Compiling futures v0.3.32
   Compiling spinning_top v0.2.5
   Compiling rdif-serial v0.9.0 (/work/tgoskits/drivers/interface/rdif-serial)
   Compiling buddy-slab-allocator v0.4.6 (/work/tgoskits/memory/buddy-slab-allocator)
   Compiling ax-plat v0.12.0 (/work/tgoskits/platforms/ax-plat)
   Compiling loongArch64 v0.2.6
   Compiling ucs2 v0.3.3
   Compiling utf8-width v0.1.8
   Compiling mbarrier v0.1.3
   Compiling axpanic v0.1.1 (/work/tgoskits/components/axpanic)
   Compiling ptr_meta v0.3.1
   Compiling dma-api v0.9.3 (/work/tgoskits/memory/dma-api)
   Compiling byte-unit v5.2.5
   Compiling some-serial v0.7.0 (/work/tgoskits/drivers/serial/some-serial)
   Compiling ansi_rgb v0.2.0
   Compiling kernutil v0.2.2 (/work/tgoskits/components/kernutil)
   Compiling page-table-generic v0.7.4 (/work/tgoskits/memory/page-table-generic)
   Compiling ax-page-table-entry v0.8.10 (/work/tgoskits/memory/page_table_entry)
   Compiling aml v0.16.4
   Compiling numeric-enum-macro v0.2.0
   Compiling axklib v0.7.5 (/work/tgoskits/components/axklib)
   Compiling axbacktrace v0.4.5 (/work/tgoskits/components/axbacktrace)
   Compiling ax-page-table-multiarch v0.8.13 (/work/tgoskits/memory/page_table_multiarch)
   Compiling fdt-parser v0.4.19
   Compiling ax-memory-set v0.6.12 (/work/tgoskits/memory/memory_set)
   Compiling ax-cpu v0.8.3 (/work/tgoskits/components/axcpu)
   Compiling ax-lazyinit v0.4.8 (/work/tgoskits/components/ax-lazyinit)
   Compiling ax-log v0.5.18 (/work/tgoskits/os/arceos/modules/axlog)
   Compiling chrono v0.4.45
   Compiling uefi v0.37.0
   Compiling linux-raw-sys v0.12.1
   Compiling ax-ctor-bare v0.4.8 (/work/tgoskits/components/ctor_bare/ctor_bare)
   Compiling memchr v2.8.2
   Compiling axpoll v0.5.1 (/work/tgoskits/components/axpoll)
   Compiling bitmaps v3.2.1
   Compiling ax-io v0.6.1 (/work/tgoskits/components/axio)
   Compiling flatten_objects v0.2.4
   Compiling ax-mm v0.5.28 (/work/tgoskits/os/arceos/modules/axmm)
   Compiling ax-sync v0.5.28 (/work/tgoskits/os/arceos/modules/axsync)
   Compiling ax-api v0.7.4 (/work/tgoskits/os/arceos/api/arceos_api)
   Compiling ax-std v0.5.28 (/work/tgoskits/os/arceos/ulib/axstd)
   Compiling arceos-helloworld v0.1.0 (/work/tgoskits/apps/arceos/helloworld)
    Finished `release` profile [optimized] target(s) in 8m 39s
Converting ELF to BIN format...
  elf: /work/tgoskits/target/loongarch64-unknown-linux-musl/release/arceos-helloworld
  bin: /work/tgoskits/target/loongarch64-unknown-linux-musl/release/arceos-helloworld.bin
/root/.rustup/toolchains/nightly-2026-05-28-loongarch64-unknown-linux-gnu/lib/rustlib/loongarch64-unknown-linux-gnu/bin/llvm-objcopy --strip-all -O binary /work/tgoskits/target/loongarch64-unknown-linux-musl/release/arceos-helloworld /work/tgoskits/target/loongarch64-unknown-linux-musl/release/arceos-helloworld.bin
[axbuild] cargo build package=arceos-helloworld target=scripts/targets/std/pie/loongarch64-unknown-linux-musl.json config=/work/tgoskits/tmp/axbuild/config/arceos-helloworld/build-loongarch64-unknown-none-softfloat.toml ... done (531.52s)
[axbuild] cargo build elf=/work/tgoskits/target/loongarch64-unknown-linux-musl/release/arceos-helloworld
[axbuild] cargo build artifact_dir=/work/tgoskits/target/loongarch64-unknown-linux-musl/release
BUILDSTORM_COMPILE mode=multi ok=true elapsed_s=547.73 cores=8 bytes=1716224 arch=loongarch64
#### OS COMP TEST GROUP END buildstorm-glibc ####
