
OpenSBI v1.7
   ____                    _____ ____ _____
  / __ \                  / ____|  _ \_   _|
 | |  | |_ __   ___ _ __ | (___ | |_) || |
 | |  | | '_ \ / _ \ '_ \ \___ \|  _ < | |
 | |__| | |_) |  __/ | | |____) | |_) || |_
  \____/| .__/ \___|_| |_|_____/|____/_____|
        | |
        |_|

Platform Name               : riscv-virtio,qemu
Platform Features           : medeleg
Platform HART Count         : 8
Platform IPI Device         : aclint-mswi
Platform Timer Device       : aclint-mtimer @ 10000000Hz
Platform Console Device     : uart8250
Platform HSM Device         : ---
Platform PMU Device         : ---
Platform Reboot Device      : syscon-reboot
Platform Shutdown Device    : syscon-poweroff
Platform Suspend Device     : ---
Platform CPPC Device        : ---
Firmware Base               : 0x80000000
Firmware Size               : 403 KB
Firmware RW Offset          : 0x40000
Firmware RW Size            : 147 KB
Firmware Heap Offset        : 0x54000
Firmware Heap Size          : 67 KB (total), 4 KB (reserved), 12 KB (used), 50 KB (free)
Firmware Scratch Size       : 4096 B (total), 1400 B (used), 2696 B (free)
Runtime SBI Version         : 3.0
Standard SBI Extensions     : time,rfnc,ipi,base,hsm,srst,pmu,dbcn,fwft,legacy,dbtr,sse
Experimental SBI Extensions : none

Domain0 Name                : root
Domain0 Boot HART           : 4
Domain0 HARTs               : 0*,1*,2*,3*,4*,5*,6*,7*
Domain0 Region00            : 0x0000000000100000-0x0000000000100fff M: (I,R,W) S/U: (R,W)
Domain0 Region01            : 0x0000000010000000-0x0000000010000fff M: (I,R,W) S/U: (R,W)
Domain0 Region02            : 0x0000000002000000-0x000000000200ffff M: (I,R,W) S/U: ()
Domain0 Region03            : 0x0000000080000000-0x000000008003ffff M: (R,X) S/U: ()
Domain0 Region04            : 0x0000000080040000-0x000000008007ffff M: (R,W) S/U: ()
Domain0 Region05            : 0x000000000c400000-0x000000000c5fffff M: (I,R,W) S/U: (R,W)
Domain0 Region06            : 0x000000000c000000-0x000000000c3fffff M: (I,R,W) S/U: (R,W)
Domain0 Region07            : 0x0000000000000000-0xffffffffffffffff M: () S/U: (R,W,X)
Domain0 Next Address        : 0x0000000080200000
Domain0 Next Arg1           : 0x000000027fe00000
Domain0 Next Mode           : S-mode
Domain0 SysReset            : yes
Domain0 SysSuspend          : yes

Boot HART ID                : 4
Boot HART Domain            : root
Boot HART Priv Version      : v1.12
Boot HART Base ISA          : rv64imafdch
Boot HART ISA Extensions    : sstc,zicntr,zihpm,zicboz,zicbom,sdtrig,svadu
Boot HART PMP Count         : 16
Boot HART PMP Granularity   : 2 bits
Boot HART PMP Address Bits  : 54
Boot HART MHPM Info         : 16 (0x0007fff8)
Boot HART Debug Triggers    : 2 triggers
Boot HART MIDELEG           : 0x0000000000001666
Boot HART MEDELEG           : 0x0000000000f4b509
[DTB] raw ptr = 0x27fe00000
[DTB] Using low addr direct mapping
[DTB] ptr = 0x27fe00000
[DTB] magic = 0xd00dfeed (expected 0xD00DFEED)
[kernel] Hello, OS!
[kernel] Memory init
[VIRTIO] Probing..
[VIRTIO] mounting ext4..
[EXT4] mounted successfully
[smp-regression] pass phase=interval-timer-state-machine
[smp-regression] pass phase=large-kernel-allocation bytes=335544320 checksum=10444800
[smp-regression] pass phase=resident-memory-lifecycle
[smp-regression] pass phase=high-arena-memory-lifecycle
[smp-regression] pass phase=namespace-lifecycle iterations=64 readers=7
[33m[ WARN] [block] read_offset failed @0x40002f30a000[0m
[33m[ WARN] [Batch Append] Could not get last extent, starting at block 64[0m
[33m[ WARN] [block] read_offset failed @0x40003f30a000[0m
[33m[ WARN] [Batch Append] Could not get last extent, starting at block 128[0m
[33m[ WARN] [block] read_offset failed @0x40004f30a000[0m
[33m[ WARN] [Batch Append] Could not get last extent, starting at block 192[0m
[33m[ WARN] [block] read_offset failed @0x40004f30a000[0m
[33m[ WARN] [Batch Append] Could not get last extent, starting at block 256[0m
[33m[ WARN] [block] read_offset failed @0x40004f30a000[0m
[33m[ WARN] [Batch Append] Could not get last extent, starting at block 320[0m
[33m[ WARN] [block] read_offset failed @0x40004f30a000[0m
[33m[ WARN] [Batch Append] Could not get last extent, starting at block 384[0m
[33m[ WARN] [block] read_offset failed @0x40004f30a000[0m
[33m[ WARN] [Batch Append] Could not get last extent, starting at block 448[0m
[33m[ WARN] [block] read_offset failed @0x40004f30a000[0m
[33m[ WARN] [Batch Append] Could not get last extent, starting at block 512[0m
[33m[ WARN] [block] read_offset failed @0x100040001f30a000[0m
[33m[ WARN] [Batch Append] Could not get last extent, starting at block 576[0m
[33m[ WARN] [block] read_offset failed @0x100040001f30a000[0m
[33m[ WARN] [Batch Append] Could not get last extent, starting at block 640[0m
[33m[ WARN] [block] read_offset failed @0x100040001f30a000[0m
[33m[ WARN] [Batch Append] Could not get last extent, starting at block 704[0m
[33m[ WARN] [block] read_offset failed @0x100040001f30a000[0m
[33m[ WARN] [Batch Append] Could not get last extent, starting at block 768[0m
[33m[ WARN] [block] read_offset failed @0x100040001f30a000[0m
[33m[ WARN] [Batch Append] Could not get last extent, starting at block 832[0m
[33m[ WARN] [block] read_offset failed @0x100040001f30a000[0m
[33m[ WARN] [Batch Append] Could not get last extent, starting at block 896[0m
[33m[ WARN] [block] read_offset failed @0x100040001f30a000[0m
[33m[ WARN] [Batch Append] Could not get last extent, starting at block 960[0m
[33m[ WARN] [block] read_offset failed @0x100040001f30a000[0m
[33m[ WARN] [Batch Append] Could not get last extent, starting at block 1024[0m
[33m[ WARN] [block] read_offset failed @0x100040001f30a000[0m
[33m[ WARN] [Batch Append] Could not get last extent, starting at block 1088[0m
[33m[ WARN] [block] read_offset failed @0x100040001f30a000[0m
[33m[ WARN] [Batch Append] Could not get last extent, starting at block 1152[0m
[33m[ WARN] [block] read_offset failed @0x100040001f30a000[0m
[33m[ WARN] [Batch Append] Could not get last extent, starting at block 1216[0m
[33m[ WARN] [block] read_offset failed @0x100040001f30a000[0m
[33m[ WARN] [Batch Append] Could not get last extent, starting at block 1280[0m
[33m[ WARN] [block] read_offset failed @0x100040001f30a000[0m
[33m[ WARN] [Batch Append] Could not get last extent, starting at block 1344[0m
[33m[ WARN] [block] read_offset failed @0x100040001f30a000[0m
[33m[ WARN] [Batch Append] Could not get last extent, starting at block 1408[0m
[33m[ WARN] [block] read_offset failed @0x100040001f30a000[0m
[33m[ WARN] [Batch Append] Could not get last extent, starting at block 1472[0m
[33m[ WARN] [block] read_offset failed @0x100040001f30a000[0m
[33m[ WARN] [Batch Append] Could not get last extent, starting at block 1536[0m
[33m[ WARN] [block] read_offset failed @0x100040001f30a000[0m
[33m[ WARN] [Batch Append] Could not get last extent, starting at block 1600[0m
[33m[ WARN] [block] read_offset failed @0x100040001f30a000[0m
[33m[ WARN] [Batch Append] Could not get last extent, starting at block 1664[0m
[33m[ WARN] [block] read_offset failed @0x100040001f30a000[0m
[33m[ WARN] [Batch Append] Could not get last extent, starting at block 1728[0m
[33m[ WARN] [block] read_offset failed @0x100040001f30a000[0m
[33m[ WARN] [Batch Append] Could not get last extent, starting at block 1792[0m
[33m[ WARN] [block] read_offset failed @0x100040001f30a000[0m
[33m[ WARN] [Batch Append] Could not get last extent, starting at block 1856[0m
[33m[ WARN] [block] read_offset failed @0x100040001f30a000[0m
[33m[ WARN] [Batch Append] Could not get last extent, starting at block 1920[0m
[33m[ WARN] [block] read_offset failed @0x100040001f30a000[0m
[33m[ WARN] [Batch Append] Could not get last extent, starting at block 1984[0m
[33m[ WARN] [block] read_offset failed @0x100040001f30a000[0m
[33m[ WARN] [Batch Append] Could not get last extent, starting at block 2048[0m
[33m[ WARN] [block] read_offset failed @0x100040001f30a000[0m
[33m[ WARN] [Batch Append] Could not get last extent, starting at block 2[0m
[smp-regression] pass phase=regular-file-lifecycle bytes=8401153 writeback_chunk=262144
[smp-regression] pass phase=user-memory-lifecycle
[smp-regression] pass phase=directory-abi
[33m[ WARN] [syscall] Unsupported syscall: 293[0m
[33m[ WARN] [syscall] Unsupported syscall: 258[0m
[33m[ WARN] [syscall] Unsupported syscall: 258[0m
[33m[ WARN] [syscall] Unsupported syscall: 293[0m
[33m[ WARN] [syscall] Unsupported syscall: 258[0m
[33m[ WARN] [syscall] Unsupported syscall: 258[0m
[33m[ WARN] [syscall] Unsupported syscall: 293[0m
[33m[ WARN] [syscall] Unsupported syscall: 258[0m
[33m[ WARN] [syscall] Unsupported syscall: 258[0m
[33m[ WARN] [syscall] Unsupported syscall: 258[0m
[33m[ WARN] [syscall] Unsupported syscall: 293[0m
[33m[ WARN] [syscall] Unsupported syscall: 258[0m
[33m[ WARN] [syscall] Unsupported syscall: 258[0m
[33m[ WARN] [syscall] Unsupported syscall: 293[0m
[33m[ WARN] [syscall] Unsupported syscall: 258[0m
[33m[ WARN] [syscall] Unsupported syscall: 258[0m
[33m[ WARN] [syscall] Unsupported syscall: 293[0m
[33m[ WARN] [syscall] Unsupported syscall: 258[0m
[33m[ WARN] [syscall] Unsupported syscall: 258[0m
[33m[ WARN] [syscall] Unsupported syscall: 258[0m
[33m[ WARN] [syscall] Unsupported syscall: 293[0m
[33m[ WARN] [syscall] Unsupported syscall: 258[0m
[33m[ WARN] [syscall] Unsupported syscall: 258[0m
[33m[ WARN] [syscall] Unsupported syscall: 293[0m
[33m[ WARN] [syscall] Unsupported syscall: 258[0m
[33m[ WARN] [syscall] Unsupported syscall: 258[0m
[33m[ WARN] [syscall] Unsupported syscall: 293[0m
[33m[ WARN] [syscall] Unsupported syscall: 258[0m
[33m[ WARN] [syscall] Unsupported syscall: 258[0m
[smp-regression] pass phase=directory-metadata-abi
[smp-regression] pass cpus=8 mask=0xff dispatch=0xff tlb_targets=0xef asid_pair=1/2 reused_asid=1 asid_check=translation isolation_iters=64 heap_stress_mib=160 large_heap_mib=320 checksum=10444890
[33m[ WARN] [task] No init program found in filesystem[0m

[boot-error] No runnable init task.
[boot-error] reason: init not found in MemFS
[boot-error] hint: ensure ext4 root on virtio-blk is available at boot (e.g. /init on the disk).
[boot-error] hint: default builds do not embed sdcard tests; local fallback requires the dev-preload feature.
[boot-error] hint: with virtio disk, kernel mounts ext4 at boot and the harness discovers scripts from that disk.
[31m[ERROR] [task] shutdown due to missing init[0m
